 msvcr80

 Timestamp is 3f60fe13 (Thu Sep 11 15:58:27 2003)

 Preferred load address is 7d000000

 Start         Length     Name                   Class
 0001:00000000 0003d152H .text                   CODE
 0001:0003d152 0000000aH .text$x                 CODE
 0002:00000000 00000278H .idata$5                DATA
 0002:00000280 0000a228H .rdata                  DATA
 0002:0000a4a8 00000024H .rdata$debug            DATA
 0002:0000a4cc 000001f0H .rdata$r                DATA
 0002:0000a6c0 00000014H .rdata$sxdata           DATA
 0002:0000a6d4 00000004H .rtc$IAA                DATA
 0002:0000a6d8 00000004H .rtc$IZZ                DATA
 0002:0000a6dc 00000004H .rtc$TAA                DATA
 0002:0000a6e0 00000004H .rtc$TZZ                DATA
 0002:0000a6e8 00000d78H .xdata$x                DATA
 0002:0000b460 00000014H .idata$2                DATA
 0002:0000b474 00000014H .idata$3                DATA
 0002:0000b488 00000278H .idata$4                DATA
 0002:0000b700 00000b50H .idata$6                DATA
 0002:0000c250 00004fd9H .edata                  DATA
 0003:00000000 00000004H .CRT$XCA                DATA
 0003:00000004 00000004H .CRT$XCAA               DATA
 0003:00000008 00000004H .CRT$XCZ                DATA
 0003:0000000c 00000004H .CRT$XIA                DATA
 0003:00000010 00000010H .CRT$XIC                DATA
 0003:00000020 00000004H .CRT$XIY                DATA
 0003:00000024 00000004H .CRT$XIZ                DATA
 0003:00000028 00000004H .CRT$XPA                DATA
 0003:0000002c 00000008H .CRT$XPX                DATA
 0003:00000034 00000004H .CRT$XPXA               DATA
 0003:00000038 00000004H .CRT$XPZ                DATA
 0003:0000003c 00000004H .CRT$XTA                DATA
 0003:00000040 00000004H .CRT$XTB                DATA
 0003:00000044 00000004H .CRT$XTZ                DATA
 0003:00000050 00004930H .data                   DATA
 0003:00004980 00002288H .bss                    DATA
 0004:00000000 00000058H .rsrc$01                DATA
 0004:00000060 00000368H .rsrc$02                DATA

  Address         Publics by Value              Rva+Base     Lib:Object

 0000:00000000       __except_list              00000000     <absolute>
 0000:00000005       ___safe_se_handler_count   00000005     <absolute>
 0001:00000000       ?_set_new_handler@@YAP6AHI@ZP6AHI@Z@Z 7d001000 f   handler.obj
 0001:00000024       ?_query_new_handler@@YAP6AHI@ZXZ 7d001024 f   handler.obj
 0001:0000002a       __callnewh                 7d00102a f   handler.obj
 0001:00000045       ?set_new_handler@@YAP6AXXZP6AXXZ@Z 7d001045 f   setnewh.obj
 0001:0000006b       ?_set_new_mode@@YAHH@Z     7d00106b f   new_mode.obj
 0001:00000088       ?_query_new_mode@@YAHXZ    7d001088 f   new_mode.obj
 0001:0000008e       __set_error_mode           7d00108e f   errmode.obj
 0001:000000b6       ___set_app_type            7d0010b6 f   errmode.obj
 0001:000000c0       ___setusermatherr          7d0010c0 f   matherr.obj
 0001:000000d1       __matherr                  7d0010d1 f   matherr.obj
 0001:00000274       ___setargv                 7d001274 f   _setargv.obj
 0001:00000480       ___wsetargv                7d001480 f   _wstargv.obj
 0001:00000520       __alloca_probe             7d001520     chkstk.obj
 0001:00000520       __chkstk                   7d001520 f   chkstk.obj
 0001:0000056b       __amsg_exit                7d00156b f   crt0dat.obj
 0001:00000587       ___crtExitProcess          7d001587 f   crt0dat.obj
 0001:000005b7       __lockexit                 7d0015b7 f   crt0dat.obj
 0001:000005c0       __unlockexit               7d0015c0 f   crt0dat.obj
 0001:000005c9       __initterm                 7d0015c9 f   crt0dat.obj
 0001:000005e3       __cinit                    7d0015e3 f   crt0dat.obj
 0001:000006d9       ___crtdll_callstaticterminators 7d0016d9 f   crt0dat.obj
 0001:000006fb       _exit                      7d0016fb f   crt0dat.obj
 0001:0000070c       __exit                     7d00170c f   crt0dat.obj
 0001:0000071d       __cexit                    7d00171d f   crt0dat.obj
 0001:0000072c       __c_exit                   7d00172c f   crt0dat.obj
 0001:0000073b       __fptrap                   7d00173b f   crt0fp.obj
 0001:00000744       __NMSG_WRITE               7d001744 f   crt0msg.obj
 0001:0000085c       __FF_MSGBANNER             7d00185c f   crt0msg.obj
 0001:00000895       ___wgetmainargs            7d001895 f   crtlib.obj
 0001:00000902       ___getmainargs             7d001902 f   crtlib.obj
 0001:00000948       __CRTDLL_INIT@12           7d001948 f   crtlib.obj
 0001:00000b19       ___p__acmdln               7d001b19 f   crtlib.obj
 0001:00000b1f       ___p__wcmdln               7d001b1f f   crtlib.obj
 0001:00000b25       ___p__amblksiz             7d001b25 f   crtlib.obj
 0001:00000b2b       ___p___argc                7d001b2b f   crtlib.obj
 0001:00000b31       ___p___argv                7d001b31 f   crtlib.obj
 0001:00000b37       ___p___wargv               7d001b37 f   crtlib.obj
 0001:00000b3d       ___p__commode              7d001b3d f   crtlib.obj
 0001:00000b43       ___p__daylight             7d001b43 f   crtlib.obj
 0001:00000b49       ___p__dstbias              7d001b49 f   crtlib.obj
 0001:00000b4f       ___p__environ              7d001b4f f   crtlib.obj
 0001:00000b55       ___p__wenviron             7d001b55 f   crtlib.obj
 0001:00000b5b       ___p__fmode                7d001b5b f   crtlib.obj
 0001:00000b61       ___p__fileinfo             7d001b61 f   crtlib.obj
 0001:00000b67       ___p___initenv             7d001b67 f   crtlib.obj
 0001:00000b6d       ___p___winitenv            7d001b6d f   crtlib.obj
 0001:00000b73       ___iob_func                7d001b73 f   stdio:_file.obj
 0001:00000b73       ___p__iob                  7d001b73 f   crtlib.obj
 0001:00000b79       ___p__mbctype              7d001b79 f   crtlib.obj
 0001:00000b7f       ___p__mbcasemap            7d001b7f f   crtlib.obj
 0001:00000b85       ___p___mb_cur_max          7d001b85 f   crtlib.obj
 0001:00000bad       ___p__osver                7d001bad f   crtlib.obj
 0001:00000bb3       ___p__pctype               7d001bb3 f   crtlib.obj
 0001:00000bdb       ___p__pwctype              7d001bdb f   crtlib.obj
 0001:00000be1       ___p__pgmptr               7d001be1 f   crtlib.obj
 0001:00000be7       ___p__wpgmptr              7d001be7 f   crtlib.obj
 0001:00000bed       ___p__timezone             7d001bed f   crtlib.obj
 0001:00000bf3       ___p__tzname               7d001bf3 f   crtlib.obj
 0001:00000bf9       ___p__winmajor             7d001bf9 f   crtlib.obj
 0001:00000bff       ___p__winminor             7d001bff f   crtlib.obj
 0001:00000c05       ___p__winver               7d001c05 f   crtlib.obj
 0001:00000c0b       __mtinitlocks              7d001c0b f   mlock.obj
 0001:00000c54       __mtdeletelocks            7d001c54 f   mlock.obj
 0001:00000ca9       __unlock                   7d001ca9 f   mlock.obj
 0001:00000cbe       __mtinitlocknum            7d001cbe f   mlock.obj
 0001:00000d7e       __lock                     7d001d7e f   mlock.obj
 0001:00000f1b       __setargv                  7d001f1b f   stdargv.obj
 0001:00000faf       __setenvp                  7d001faf f   stdenvp.obj
 0001:0000105d       __endthread                7d00205d f   thread.obj
 0001:00001129       __beginthread              7d002129 f   thread.obj
 0001:000011c2       __endthreadex              7d0021c2 f   threadex.obj
 0001:00001282       __beginthreadex            7d002282 f   threadex.obj
 0001:00001315       ___crtTlsAlloc@4           7d002315 f   tidtable.obj
 0001:0000131e       __mtterm                   7d00231e f   tidtable.obj
 0001:0000133b       __initptd                  7d00233b f   tidtable.obj
 0001:000013b7       __getptd_noexit            7d0023b7 f   tidtable.obj
 0001:00001419       __getptd                   7d002419 f   tidtable.obj
 0001:00001431       __freefls@4                7d002431 f   tidtable.obj
 0001:0000154b       __freeptd                  7d00254b f   tidtable.obj
 0001:0000157a       ___threadid                7d00257a f   tidtable.obj
 0001:00001580       ___threadhandle            7d002580 f   tidtable.obj
 0001:00001586       __mtinit                   7d002586 f   tidtable.obj
 0001:000018bc       __cwild                    7d0028bc f   wild.obj
 0001:00001ae5       __wsetargv                 7d002ae5 f   wstdargv.obj
 0001:00001b7a       __wsetenvp                 7d002b7a f   wstdenvp.obj
 0001:00001e84       __wcwild                   7d002e84 f   wwild.obj
 0001:00001f4e       __setdefaultprecision      7d002f4e f   fp8.obj
 0001:00001f60       __errno                    7d002f60 f   dos:dosmap.obj
 0001:00001f73       ___doserrno                7d002f73 f   dos:dosmap.obj
 0001:00001f86       __dosmaperr                7d002f86 f   dos:dosmap.obj
 0001:00001fed       __set_malloc_crt_max_wait  7d002fed f   heap:crtheap.obj
 0001:00001ffd       @_malloc_crt@4             7d002ffd f   heap:crtheap.obj
 0001:0000203e       @_calloc_crt@8             7d00303e f   heap:crtheap.obj
 0001:00002085       @_realloc_crt@8            7d003085 f   heap:crtheap.obj
 0001:000020d0       _free                      7d0030d0 f   heap:free.obj
 0001:00002199       __GetLinkerVersion         7d003199 f   heap:heapinit.obj
 0001:000021c6       ___heap_select             7d0031c6 f   heap:heapinit.obj
 0001:00002336       __heap_init                7d003336 f   heap:heapinit.obj
 0001:00002393       __heap_term                7d003393 f   heap:heapinit.obj
 0001:0000243c       __get_heap_handle          7d00343c f   heap:heapinit.obj
 0001:00002442       _V6_HeapAlloc              7d003442 f   heap:malloc.obj
 0001:0000248e       _V5_HeapAlloc              7d00348e f   heap:malloc.obj
 0001:000024ec       __heap_alloc               7d0034ec f i heap:malloc.obj
 0001:0000256e       _malloc                    7d00356e f   heap:malloc.obj
 0001:00002620       _calloc                    7d003620 f   heap:calloc.obj
 0001:0000273e       _realloc                   7d00373e f   heap:realloc.obj
 0001:00002a49       __get_sbh_threshold        7d003a49 f   heap:sbheap.obj
 0001:00002a68       ___sbh_heap_init           7d003a68 f   heap:sbheap.obj
 0001:00002ab0       ___sbh_find_block          7d003ab0 f   heap:sbheap.obj
 0001:00002adb       ___sbh_free_block          7d003adb f   heap:sbheap.obj
 0001:00002def       ___sbh_alloc_new_region    7d003def f   heap:sbheap.obj
 0001:00002e9d       ___sbh_alloc_new_group     7d003e9d f   heap:sbheap.obj
 0001:00002fa3       ___sbh_resize_block        7d003fa3 f   heap:sbheap.obj
 0001:00003282       ___sbh_heapmin             7d004282 f   heap:sbheap.obj
 0001:0000334f       ___sbh_heap_check          7d00434f f   heap:sbheap.obj
 0001:00003665       ___old_sbh_new_region      7d004665 f   heap:sbheap.obj
 0001:000037a5       ___old_sbh_release_region  7d0047a5 f   heap:sbheap.obj
 0001:000037fb       ___old_sbh_decommit_pages  7d0047fb f   heap:sbheap.obj
 0001:000038bd       ___old_sbh_find_block      7d0048bd f   heap:sbheap.obj
 0001:00003913       ___old_sbh_free_block      7d004913 f   heap:sbheap.obj
 0001:00003958       ___old_sbh_alloc_block_from_page 7d004958 f   heap:sbheap.obj
 0001:00003a78       ___old_sbh_resize_block    7d004a78 f   heap:sbheap.obj
 0001:00003b28       ___old_sbh_heap_check      7d004b28 f   heap:sbheap.obj
 0001:00003c8d       __set_sbh_threshold        7d004c8d f   heap:sbheap.obj
 0001:00003d42       ___sbh_alloc_block         7d004d42 f   heap:sbheap.obj
 0001:0000402b       ___old_sbh_alloc_block     7d00502b f   heap:sbheap.obj
 0001:00004226       __ioinit                   7d005226 f   lowio:ioinit.obj
 0001:00004436       __ioterm                   7d005436 f   lowio:ioinit.obj
 0001:000046ca       ___updatetmbcinfo          7d0056ca f   mbstring:mbctype.obj
 0001:000048c4       __getmbcp                  7d0058c4 f   mbstring:mbctype.obj
 0001:000048d4       __setmbcp                  7d0058d4 f   mbstring:mbctype.obj
 0001:000049e0       ___initmbctable            7d0059e0 f   mbstring:mbctype.obj
 0001:000049eb       __mbsicmp                  7d0059eb f   mbstring:mbsicmp.obj
 0001:00004b52       __mbsnbcpy                 7d005b52 f   mbstring:mbsnbcpy.obj
 0001:00004be5       __mbscmp                   7d005be5 f   mbstring:mbscmp.obj
 0001:00004c81       __mbsdec                   7d005c81 f   mbstring:mbsdec.obj
 0001:00004cd0       ___mbspbrk_mt              7d005cd0 f   mbstring:mbspbrk.obj
 0001:00004d4c       __mbspbrk                  7d005d4c f   mbstring:mbspbrk.obj
 0001:00004d8d       __wassert                  7d005d8d f   misc:wassert.obj
 0001:00005360       ___onexitinit              7d006360 f   misc:onexit.obj
 0001:00005387       __onexit                   7d006387 f   misc:onexit.obj
 0001:000053bf       _atexit                    7d0063bf f   misc:onexit.obj
 0001:000053d1       ___dllonexit               7d0063d1 f   misc:onexit.obj
 0001:00005468       __SEH_prolog               7d006468 f   misc:sehprolg.obj
 0001:000054a3       __SEH_epilog               7d0064a3 f   misc:sehprolg.obj
 0001:000054bc       __except_handler3          7d0064bc f   misc:exsup3.obj
 0001:000055a2       __seh_longjmp_unwind@4     7d0065a2 f   misc:exsup3.obj
 0001:000055bd       ___crtMessageBoxA          7d0065bd f   misc:crtmbox.obj
 0001:000056bc       ___mbtow_environ           7d0066bc f   misc:mbtowenv.obj
 0001:0000573d       ___crtGetEnvironmentStringsW 7d00673d f   misc:w_env.obj
 0001:000058a5       ___crtGetCommandLineW      7d0068a5 f   misc:aw_com.obj
 0001:00005942       ___crtGetEnvironmentStringsA 7d006942 f   misc:a_env.obj
 0001:00005a64       ____setlc_active_func      7d006a64 f   misc:setlocal.obj
 0001:00005a6a       ____unguarded_readlc_active_add_func 7d006a6a f   misc:setlocal.obj
 0001:00005a70       ___freetlocinfo            7d006a70 f   misc:setlocal.obj
 0001:00005b85       ___addlocaleref            7d006b85 f   misc:setlocal.obj
 0001:00005c0b       ___removelocaleref         7d006c0b f   misc:setlocal.obj
 0001:00005cd5       ___updatetlocinfo          7d006cd5 f   misc:setlocal.obj
 0001:00005d3a       __configthreadlocale       7d006d3a f   misc:setlocal.obj
 0001:00005e04       __strcats                  7d006e04 f   misc:setlocal.obj
 0001:00005e28       ___lc_strtolc              7d006e28 f   misc:setlocal.obj
 0001:00005f04       ___lc_lctostr              7d006f04 f   misc:setlocal.obj
 0001:0000609b       __expandlocale             7d00709b f   misc:setlocal.obj
 0001:00006661       _setlocale                 7d007661 f   misc:setlocal.obj
 0001:00006787       ___pwctype_func            7d007787 f   misc:ctype.obj
 0001:0000678d       ___pctype_func             7d00778d f   misc:ctype.obj
 0001:000067c6       ___crtInitCritSecAndSpinCount 7d0077c6 f   misc:initcrit.obj
 0001:0000685c       __global_unwind2           7d00785c f   misc:exsup.obj
 0001:000068b7       __local_unwind2            7d0078b7 f   misc:exsup.obj
 0001:00006917       __NLG_Return2              7d007917     misc:exsup.obj
 0001:00006927       __abnormal_termination     7d007927 f   misc:exsup.obj
 0001:0000694a       __NLG_Notify1              7d00794a f   misc:exsup.obj
 0001:00006953       __NLG_Notify               7d007953 f   misc:exsup.obj
 0001:00006969       __NLG_Dispatch             7d007969     misc:exsup.obj
 0001:00006969       __NLG_Dispatch2            7d007969     misc:exsup.obj
 0001:00006971       __XcptFilter               7d007971 f   misc:winxfltr.obj
 0001:00006ae9       ___CppXcptFilter           7d007ae9 f   misc:winxfltr.obj
 0001:00006b04       ___crtLCMapStringA         7d007b04 f   misc:a_map.obj
 0001:00006ed0       ___crtGetStringTypeA       7d007ed0 f   misc:a_str.obj
 0001:000070df       @__security_check_cookie@4 7d0080df f   misc:secchk.obj
 0001:000070ed       _abort                     7d0080ed f   misc:abort.obj
 0001:000071c8       ___fpecode                 7d0081c8 f   misc:winsig.obj
 0001:000071d1       ___pxcptinfoptrs           7d0081d1 f   misc:winsig.obj
 0001:000071da       _signal                    7d0081da f   misc:winsig.obj
 0001:00007382       _raise                     7d008382 f   misc:winsig.obj
 0001:00007505       ___crtMessageBoxW          7d008505 f   misc:crtmboxw.obj
 0001:00007604       __assert                   7d008604 f   misc:assert.obj
 0001:00007a02       __ValidateEH3RN            7d008a02 f   misc:eh3valid.obj
 0001:00007cdd       ___crtwsetenv              7d008cdd f   misc:wsetenv.obj
 0001:00008315       ___free_lc_time            7d009315 f   misc:inittime.obj
 0001:000084a5       ___init_time               7d0094a5 f   misc:inittime.obj
 0001:00008515       ___free_lconv_num          7d009515 f   misc:initnum.obj
 0001:00008555       ___init_numeric            7d009555 f   misc:initnum.obj
 0001:0000870a       ___free_lconv_mon          7d00970a f   misc:initmon.obj
 0001:00008793       ___init_monetary           7d009793 f   misc:initmon.obj
 0001:00008a16       ___init_ctype              7d009a16 f   misc:initctyp.obj
 0001:00008c4d       ____mb_cur_max_func        7d009c4d f   misc:initctyp.obj
 0001:00008c76       ____lc_codepage_func       7d009c76 f   misc:initctyp.obj
 0001:00008c9c       ____lc_collate_cp_func     7d009c9c f   misc:initctyp.obj
 0001:00008cc2       ____lc_handle_func         7d009cc2 f   misc:initctyp.obj
 0001:00008ce8       _localeconv                7d009ce8 f   misc:lconv.obj
 0001:00009369       ___get_qualified_locale    7d00a369 f   misc:getqloc.obj
 0001:0000954d       ___ansicp                  7d00a54d f   misc:convrtcp.obj
 0001:00009590       ___convertcp               7d00a590 f   misc:convrtcp.obj
 0001:00009759       ___security_init_cookie    7d00a759 f   misc:seccinit.obj
 0001:000097bf       ___security_error_handler  7d00a7bf f   misc:secfail.obj
 0001:00009907       ___buffer_overrun          7d00a907 f   misc:secfail.obj
 0001:00009913       ___set_buffer_overrun_handler 7d00a913 f   misc:secfail.obj
 0001:00009913       __set_security_error_handler 7d00a913 f   misc:secfail.obj
 0001:00009923       ___getlocaleinfo           7d00a923 f   misc:inithelp.obj
 0001:00009a4a       ___crtGetLocaleInfoW       7d00aa4a f   misc:w_loc.obj
 0001:00009b99       ___crtGetLocaleInfoA       7d00ab99 f   misc:a_loc.obj
 0001:00009cf7       __RTC_Terminate            7d00acf7 f   rtc:initsect.obj
 0001:00009d3b       ___initstdio               7d00ad3b f   stdio:_file.obj
 0001:00009dca       ___endstdio                7d00adca f   stdio:_file.obj
 0001:00009dea       __lock_file                7d00adea f   stdio:_file.obj
 0001:00009e19       __lock_file2               7d00ae19 f   stdio:_file.obj
 0001:00009e3c       __unlock_file              7d00ae3c f   stdio:_file.obj
 0001:00009e6b       __unlock_file2             7d00ae6b f   stdio:_file.obj
 0001:00009e8e       __vswprintf_c              7d00ae8e f   stdio:vswprnc.obj
 0001:00009f15       __flush                    7d00af15 f   stdio:fflush.obj
 0001:00009f72       __fflush_lk                7d00af72 f   stdio:fflush.obj
 0001:0000a079       _fflush                    7d00b079 f   stdio:fflush.obj
 0001:0000a0c9       __flushall                 7d00b0c9 f   stdio:fflush.obj
 0001:0000a0d2       _fwprintf                  7d00b0d2 f   stdio:fwprintf.obj
 0001:0000a130       _setvbuf                   7d00b130 f   stdio:setvbuf.obj
 0001:0000a205       _fprintf                   7d00b205 f   stdio:fprintf.obj
 0001:0000a263       __fcloseall                7d00b263 f   stdio:closeall.obj
 0001:0000a2ff       __flsbuf                   7d00b2ff f   stdio:_flsbuf.obj
 0001:0000a4a2       __woutput                  7d00b4a2 f   stdio:woutput.obj
 0001:0000ad64       __stbuf                    7d00bd64 f   stdio:_sftbuf.obj
 0001:0000adef       __ftbuf                    7d00bdef f   stdio:_sftbuf.obj
 0001:0000ae1e       __freebuf                  7d00be1e f   stdio:_freebuf.obj
 0001:0000aed8       __output                   7d00bed8 f   stdio:output.obj
 0001:0000b759       __fclose_lk                7d00c759 f   stdio:fclose.obj
 0001:0000b7a5       _fclose                    7d00c7a5 f   stdio:fclose.obj
 0001:0000b7f6       __getbuf                   7d00c7f6 f   stdio:_getbuf.obj
 0001:0000b833       __putwc_lk                 7d00c833 f   stdio:fputwc.obj
 0001:0000b906       _fputwc                    7d00c906 f   stdio:fputwc.obj
 0001:0000b951       _putwc                     7d00c951 f   stdio:fputwc.obj
 0001:0000b956       __flswbuf                  7d00c956 f   stdio:_flswbuf.obj
 0001:0000ba90       _strcpy                    7d00ca90 f   string:strcat.obj
 0001:0000baa0       _strcat                    7d00caa0 f   string:strcat.obj
 0001:0000bb90       _strncpy                   7d00cb90 f   string:strncpy.obj
 0001:0000bcc0       _strlen                    7d00ccc0 f   string:strlen.obj
 0001:0000bd4b       __strdup                   7d00cd4b f   string:strdup.obj
 0001:0000bd76       _wcscat                    7d00cd76 f   string:wcscat.obj
 0001:0000bda0       _wcscpy                    7d00cda0 f   string:wcscat.obj
 0001:0000bdbc       _wcslen                    7d00cdbc f   string:wcslen.obj
 0001:0000bdd2       __wcsicmp                  7d00cdd2 f   string:wcsicmp.obj
 0001:0000be8c       _wcsncpy                   7d00ce8c f   string:wcsncpy.obj
 0001:0000bec9       __wcsdup                   7d00cec9 f   string:wcsdup.obj
 0001:0000bef7       _wcscmp                    7d00cef7 f   string:wcscmp.obj
 0001:0000bf29       _wcspbrk                   7d00cf29 f   string:wcspbrk.obj
 0001:0000bf80       _strchr                    7d00cf80 f   string:strchr.obj
 0001:0000bf86       ___from_strstr_to_strchr   7d00cf86     string:strchr.obj
 0001:0000c040       _strstr                    7d00d040 f   string:strstr.obj
 0001:0000c0d0       _strncmp                   7d00d0d0 f   string:strncmp.obj
 0001:0000c110       _memset                    7d00d110 f   string:memset.obj
 0001:0000c170       _memcpy                    7d00d170 f   string:memcpy.obj
 0001:0000c4b0       _memmove                   7d00d4b0 f   string:memmove.obj
 0001:0000c7ed       ___ascii_stricmp           7d00d7ed f   string:stricmp.obj
 0001:0000c822       __stricmp                  7d00d822 f   string:stricmp.obj
 0001:0000c8a0       _strcmp                    7d00d8a0 f   string:strcmp.obj
 0001:0000c930       _strpbrk                   7d00d930 f   string:strpbrk.obj
 0001:0000c970       _wcsncat                   7d00d970 f   string:wcsncat.obj
 0001:0000c9b0       _strcspn                   7d00d9b0 f   string:strcspn.obj
 0001:0000ca00       _memcmp                    7d00da00 f   string:memcmp.obj
 0001:0000cab8       __wcsnicoll                7d00dab8 f   string:wcsnicol.obj
 0001:0000cb82       _wcschr                    7d00db82 f   string:wcschr.obj
 0001:0000cba4       __strnicmp                 7d00dba4 f   string:strnicmp.obj
 0001:0000cc30       ___ascii_strnicmp          7d00dc30 f   string:_strnicm.obj
 0001:0000cc91       __Getdays                  7d00dc91 f   time:strftime.obj
 0001:0000cd32       __Getmonths                7d00dd32 f   time:strftime.obj
 0001:0000cde9       __Gettnames                7d00dde9 f   time:strftime.obj
 0001:0000da06       __Strftime_mt              7d00ea06 f   time:strftime.obj
 0001:0000db28       __Strftime                 7d00eb28 f   time:strftime.obj
 0001:0000db7a       _strftime                  7d00eb7a f   time:strftime.obj
 0001:0000e1b4       ___tzset                   7d00f1b4 f   time:tzset.obj
 0001:0000e200       __tzset                    7d00f200 f   time:tzset.obj
 0001:0000e235       __isindst                  7d00f235 f   time:tzset.obj
 0001:0000e50b       __fpreset                  7d00f50b f   tran:ieee87.obj
 0001:0000e5bb       __statusfp2                7d00f5bb f   tran:ieee87.obj
 0001:0000e5e6       __statusfp                 7d00f5e6 f   tran:ieee87.obj
 0001:0000e603       __clearfp                  7d00f603 f   tran:ieee87.obj
 0001:0000e621       ___control87_2             7d00f621 f   tran:ieee87.obj
 0001:0000e687       __control87                7d00f687 f   tran:ieee87.obj
 0001:0000e6f7       __controlfp                7d00f6f7 f   tran:ieee87.obj
 0001:0000e70d       __statfp                   7d00f70d f   tran:fpctrl.obj
 0001:0000e718       __clrfp                    7d00f718 f   tran:fpctrl.obj
 0001:0000e724       __ctrlfp                   7d00f724 f   tran:fpctrl.obj
 0001:0000e74b       __set_statfp               7d00f74b f   tran:fpctrl.obj
 0001:0000e7a1       ___get_fpsr_sse2           7d00f7a1 f   tran:fpctrl.obj
 0001:0000e7bd       ___set_fpsr_sse2           7d00f7bd f   tran:fpctrl.obj
 0001:0000e879       ___sse2_available_init     7d00f879 f   tran:cpu_disp.obj
 0001:0000e94a       __set_SSE2_enable          7d00f94a f   tran:cpu_disp.obj
 0001:0000e95e       _RtlUnwind@16              7d00f95e f   kernel32:KERNEL32.dll
 0001:0000ea0b       __itow_s                   7d00fa0b f   convert:xtow.obj
 0001:0000ea37       __ltow_s                   7d00fa37 f   convert:xtow.obj
 0001:0000ea5e       __ultow_s                  7d00fa5e f   convert:xtow.obj
 0001:0000ea99       __itow                     7d00fa99 f   convert:xtow.obj
 0001:0000eac4       __ltow                     7d00fac4 f   convert:xtow.obj
 0001:0000eaea       __ultow                    7d00faea f   convert:xtow.obj
 0001:0000ebec       __i64tow_s                 7d00fbec f   convert:xtow.obj
 0001:0000ec1f       __ui64tow_s                7d00fc1f f   convert:xtow.obj
 0001:0000ec61       __i64tow                   7d00fc61 f   convert:xtow.obj
 0001:0000ec93       __ui64tow                  7d00fc93 f   convert:xtow.obj
 0001:0000ecaf       ___wcstombs_mt             7d00fcaf f   convert:wcstombs.obj
 0001:0000ee64       _wcstombs                  7d00fe64 f   convert:wcstombs.obj
 0001:0000ef41       __itoa_s                   7d00ff41 f   convert:xtoa.obj
 0001:0000ef6d       __ltoa_s                   7d00ff6d f   convert:xtoa.obj
 0001:0000ef94       __ultoa_s                  7d00ff94 f   convert:xtoa.obj
 0001:0000efcf       __itoa                     7d00ffcf f   convert:xtoa.obj
 0001:0000effa       __ltoa                     7d00fffa f   convert:xtoa.obj
 0001:0000f020       __ultoa                    7d010020 f   convert:xtoa.obj
 0001:0000f10a       __i64toa_s                 7d01010a f   convert:xtoa.obj
 0001:0000f13d       __ui64toa_s                7d01013d f   convert:xtoa.obj
 0001:0000f17f       __i64toa                   7d01017f f   convert:xtoa.obj
 0001:0000f1b1       __ui64toa                  7d0101b1 f   convert:xtoa.obj
 0001:0000f1cd       _atol                      7d0101cd f   convert:atox.obj
 0001:0000f1de       _atoi                      7d0101de f   convert:atox.obj
 0001:0000f1e3       __atoi64                   7d0101e3 f   convert:atox.obj
 0001:0000f1f4       _isalpha                   7d0101f4 f i convert:_ctype.obj
 0001:0000f246       _isupper                   7d010246 f i convert:_ctype.obj
 0001:0000f293       _islower                   7d010293 f i convert:_ctype.obj
 0001:0000f2d3       _isdigit                   7d0102d3 f i convert:_ctype.obj
 0001:0000f313       _isxdigit                  7d010313 f i convert:_ctype.obj
 0001:0000f358       _isspace                   7d010358 f i convert:_ctype.obj
 0001:0000f398       _ispunct                   7d010398 f i convert:_ctype.obj
 0001:0000f3d8       _isalnum                   7d0103d8 f i convert:_ctype.obj
 0001:0000f41d       _isprint                   7d01041d f i convert:_ctype.obj
 0001:0000f462       _isgraph                   7d010462 f i convert:_ctype.obj
 0001:0000f4a7       _iscntrl                   7d0104a7 f i convert:_ctype.obj
 0001:0000f4e7       ___isascii                 7d0104e7 f i convert:_ctype.obj
 0001:0000f4f4       ___toascii                 7d0104f4 f i convert:_ctype.obj
 0001:0000f4fc       ___iscsymf                 7d0104fc f i convert:_ctype.obj
 0001:0000f516       ___iscsym                  7d010516 f i convert:_ctype.obj
 0001:0000f530       ___mbtowc_mt               7d010530 f   convert:mbtowc.obj
 0001:0000f5fd       _mbtowc                    7d0105fd f   convert:mbtowc.obj
 0001:0000f63c       ___wctomb_mt               7d01063c f   convert:wctomb.obj
 0001:0000f69f       _wctomb                    7d01069f f   convert:wctomb.obj
 0001:0000f6d3       ___towlower_mt             7d0106d3 f   convert:towlower.obj
 0001:0000f734       _towlower                  7d010734 f   convert:towlower.obj
 0001:0000f785       __tolower                  7d010785 f   convert:tolower.obj
 0001:0000f78d       ___tolower_mt              7d01078d f   convert:tolower.obj
 0001:0000f860       _tolower                   7d010860 f   convert:tolower.obj
 0001:0000fa74       _strtol                    7d010a74 f   convert:strtol.obj
 0001:0000fa8b       _strtoul                   7d010a8b f   convert:strtol.obj
 0001:0000fd2e       __strtoi64                 7d010d2e f   convert:strtoq.obj
 0001:0000fd45       __strtoui64                7d010d45 f   convert:strtoq.obj
 0001:0000fd5c       ___isctype_mt              7d010d5c f   convert:isctype.obj
 0001:0000fdda       __isctype                  7d010dda f   convert:isctype.obj
 0001:0000fe13       ___iswctype_mt             7d010e13 f   convert:iswctype.obj
 0001:0000fe6a       _iswctype                  7d010e6a f   convert:iswctype.obj
 0001:0000fec9       _is_wctype                 7d010ec9 f   convert:iswctype.obj
 0001:0000fece       __toupper                  7d010ece f   convert:toupper.obj
 0001:0000fed6       ___toupper_mt              7d010ed6 f   convert:toupper.obj
 0001:0000ffaa       _toupper                   7d010faa f   convert:toupper.obj
 0001:0000ffd9       __msize                    7d010fd9 f   heap:msize.obj
 0001:000100a7       __resetstkoflw             7d0110a7 f   heap:resetstk.obj
 0001:00010190       __aulldvrm                 7d011190 f   helper:ulldvrm.obj
 0001:00010230       __allmul                   7d011230 f   helper:llmul.obj
 0001:00010264       __write_lk                 7d011264 f   lowio:write.obj
 0001:0001042d       __write                    7d01142d f   lowio:write.obj
 0001:000104d5       __commit                   7d0114d5 f   lowio:commit.obj
 0001:0001058e       __lseek_lk                 7d01158e f   lowio:lseek.obj
 0001:00010600       __lseek                    7d011600 f   lowio:lseek.obj
 0001:000106a8       __isatty                   7d0116a8 f   lowio:isatty.obj
 0001:000106d2       __close_lk                 7d0116d2 f   lowio:close.obj
 0001:00010755       __close                    7d011755 f   lowio:close.obj
 0001:000107ed       __lseeki64_lk              7d0117ed f   lowio:lseeki64.obj
 0001:00010870       __lseeki64                 7d011870 f   lowio:lseeki64.obj
 0001:0001092b       __set_osfhnd               7d01192b f   lowio:osfinfo.obj
 0001:000109a4       __free_osfhnd              7d0119a4 f   lowio:osfinfo.obj
 0001:00010a20       __get_osfhandle            7d011a20 f   lowio:osfinfo.obj
 0001:00010a60       __lock_fhandle             7d011a60 f   lowio:osfinfo.obj
 0001:00010afd       __unlock_fhandle           7d011afd f   lowio:osfinfo.obj
 0001:00010b1f       __alloc_osfhnd             7d011b1f f   lowio:osfinfo.obj
 0001:00010c9b       __open_osfhandle           7d011c9b f   lowio:osfinfo.obj
 0001:00010d64       __mbsnbcat                 7d011d64 f   mbstring:mbsnbcat.obj
 0001:00010e34       ___mbsbtype_mt             7d011e34 f   mbstring:mbsbtype.obj
 0001:00010e72       __mbsbtype                 7d011e72 f   mbstring:mbsbtype.obj
 0001:00010e99       ___mbbtype_mt              7d011e99 f   mbstring:mbbtype.obj
 0001:00010ee3       __mbbtype                  7d011ee3 f   mbstring:mbbtype.obj
 0001:00010f26       ___crtCompareStringW       7d011f26 f   misc:w_cmp.obj
 0001:00011193       __invalid_parameter        7d012193 f   misc:invarg.obj
 0001:0001119f       __set_invalid_parameter_handler 7d01219f f   misc:invarg.obj
 0001:000111af       __getenv_lk                7d0121af f   misc:getenv.obj
 0001:00011223       _getenv                    7d012223 f   misc:getenv.obj
 0001:00011262       ___crtLCMapStringW         7d012262 f   misc:w_map.obj
 0001:000114da       ___crtGetStringTypeW       7d0124da f   misc:w_str.obj
 0001:00011722       ___wtomb_environ           7d012722 f   misc:wtombenv.obj
 0001:0001185d       ___crtsetenv               7d01285d f   misc:setenv.obj
 0001:00011a30       _strncat                   7d012a30 f   string:strncat.obj
 0001:00011b65       __mbsnbicoll               7d012b65 f   mbstring:mbsnbico.obj
 0001:00011bb3       __mbschr                   7d012bb3 f   mbstring:mbschr.obj
 0001:00011c31       ___crtCompareStringA       7d012c31 f   misc:a_cmp.obj
 0001:00011fe0       __atodbl                   7d012fe0 f   convert:atodbl.obj
 0001:00012045       __atoldbl                  7d013045 f   convert:atodbl.obj
 0001:000120ab       __atoflt                   7d0130ab f   convert:atodbl.obj
 0001:00012147       __fcvt_s                   7d013147 f   convert:fcvt.obj
 0001:000121ba       __fcvt                     7d0131ba f   convert:fcvt.obj
 0001:00012223       __ecvt_s                   7d013223 f   convert:fcvt.obj
 0001:000122a2       __ecvt                     7d0132a2 f   convert:fcvt.obj
 0001:0001230b       __gcvt_s                   7d01330b f   convert:gcvt.obj
 0001:00012443       __gcvt                     7d013443 f   convert:gcvt.obj
 0001:0001247e       __mbstrlen                 7d01347e f   convert:_mbslen.obj
 0001:000124fa       __swab                     7d0134fa f   convert:swab.obj
 0001:000127bd       __wcstoi64                 7d0137bd f   convert:wcstoq.obj
 0001:000127d4       __wcstoui64                7d0137d4 f   convert:wcstoq.obj
 0001:000127eb       __wtof                     7d0137eb f   convert:wtof.obj
 0001:00012848       __wtol                     7d013848 f   convert:wtox.obj
 0001:00012859       __wtoi                     7d013859 f   convert:wtox.obj
 0001:0001285e       __wtoi64                   7d01385e f   convert:wtox.obj
 0001:0001286f       _atof                      7d01386f f   convert:atof.obj
 0001:000128c8       _isleadbyte                7d0138c8 f i convert:_wctype.obj
 0001:000128dc       _iswalpha                  7d0138dc f i convert:_wctype.obj
 0001:000128ed       _iswupper                  7d0138ed f i convert:_wctype.obj
 0001:000128fb       _iswlower                  7d0138fb f i convert:_wctype.obj
 0001:00012909       _iswdigit                  7d013909 f i convert:_wctype.obj
 0001:00012917       _iswxdigit                 7d013917 f i convert:_wctype.obj
 0001:00012928       _iswspace                  7d013928 f i convert:_wctype.obj
 0001:00012936       _iswpunct                  7d013936 f i convert:_wctype.obj
 0001:00012944       _iswalnum                  7d013944 f i convert:_wctype.obj
 0001:00012955       _iswprint                  7d013955 f i convert:_wctype.obj
 0001:00012966       _iswgraph                  7d013966 f i convert:_wctype.obj
 0001:00012977       _iswcntrl                  7d013977 f i convert:_wctype.obj
 0001:00012985       _iswascii                  7d013985 f i convert:_wctype.obj
 0001:00012991       _mblen                     7d013991 f   convert:mblen.obj
 0001:00012a2c       ___mbstowcs_mt             7d013a2c f   convert:mbstowcs.obj
 0001:00012b2b       _mbstowcs                  7d013b2b f   convert:mbstowcs.obj
 0001:00012b63       _strtod                    7d013b63 f   convert:strtod.obj
 0001:00012c27       ___towupper_mt             7d013c27 f   convert:towupper.obj
 0001:00012c88       _towupper                  7d013c88 f   convert:towupper.obj
 0001:00012cd1       _wcstod                    7d013cd1 f   convert:wcstod.obj
 0001:00012f8a       _wcstol                    7d013f8a f   convert:wcstol.obj
 0001:00012fa1       _wcstoul                   7d013fa1 f   convert:wcstol.obj
 0001:00012fb8       __fptostr                  7d013fb8 f   convert:_fptostr.obj
 0001:00013073       __wchartodigit             7d014073 f   convert:wchtodig.obj
 0001:000131e9       __sleep                    7d0141e9 f   direct:slbeep.obj
 0001:000131fa       __beep                     7d0141fa f   direct:slbeep.obj
 0001:00013209       __findclose                7d014209 f   direct:findfile.obj
 0001:00013229       ___timet_from_ft           7d014229 f   direct:findfile.obj
 0001:0001328d       __findfirst32              7d01428d f   direct:findfile.obj
 0001:0001336a       __findnext32               7d01436a f   direct:findfile.obj
 0001:00013442       __findfirst32i64           7d014442 f   direct:findfi64.obj
 0001:0001353c       __findnext32i64            7d01453c f   direct:findfi64.obj
 0001:00013631       __findfirst64              7d014631 f   direct:findf64.obj
 0001:00013734       __findnext64               7d014734 f   direct:findf64.obj
 0001:00013832       ___time64_t_from_ft        7d014832 f   direct:findfi32.obj
 0001:00013898       __findfirst64i32           7d014898 f   direct:findfi32.obj
 0001:00013981       __findnext64i32            7d014981 f   direct:findfi32.obj
 0001:00013a65       __getdiskfree              7d014a65 f   direct:drivfree.obj
 0001:00013ab7       __getdrives                7d014ab7 f   direct:drivemap.obj
 0001:00013abd       __seterrormode             7d014abd f   direct:seterrm.obj
 0001:00013ac8       __wfindfirst32             7d014ac8 f   direct:wfindfil.obj
 0001:00013ba5       __wfindnext32              7d014ba5 f   direct:wfindfil.obj
 0001:00013c7d       __wfindfirst32i64          7d014c7d f   direct:wfndfi64.obj
 0001:00013d7b       __wfindnext32i64           7d014d7b f   direct:wfndfi64.obj
 0001:00013e74       __wfindfirst64             7d014e74 f   direct:wfndf64.obj
 0001:00013f7b       __wfindnext64              7d014f7b f   direct:wfndf64.obj
 0001:0001407d       __wfindfirst64i32          7d01507d f   direct:wfndfi32.obj
 0001:00014166       __wfindnext64i32           7d015166 f   direct:wfndfi32.obj
 0001:0001424a       __access                   7d01524a f   dos:access.obj
 0001:00014290       __chdir                    7d015290 f   dos:chdir.obj
 0001:000143d1       __getdrive                 7d0153d1 f   dos:drive.obj
 0001:000144b4       __chdrive                  7d0154b4 f   dos:drive.obj
 0001:00014540       __chmod                    7d015540 f   dos:chmod.obj
 0001:00014581       __fullpath                 7d015581 f   dos:fullpath.obj
 0001:0001462b       __validdrive               7d01562b f   dos:getcwd.obj
 0001:00014662       __getdcwd_lk               7d015662 f   dos:getcwd.obj
 0001:0001474d       __getcwd                   7d01574d f   dos:getcwd.obj
 0001:00014793       __getdcwd                  7d015793 f   dos:getcwd.obj
 0001:000147da       __getpid                   7d0157da f   dos:getpid.obj
 0001:000147e0       __mkdir                    7d0157e0 f   dos:mkdir.obj
 0001:0001480c       __rmdir                    7d01580c f   dos:rmdir.obj
 0001:00014836       ___dtoxmode                7d015836 f   dos:stat.obj
 0001:000148ef       __stat32                   7d0158ef f   dos:stat.obj
 0001:00014c36       __stat32i64                7d015c36 f   dos:stati64.obj
 0001:0001500d       __stat64                   7d01600d f   dos:stat64.obj
 0001:00015397       __stat64i32                7d016397 f   dos:stati32.obj
 0001:00015709       _remove                    7d016709 f   dos:unlink.obj
 0001:00015733       __unlink                   7d016733 f   dos:unlink.obj
 0001:00015738       __waccess                  7d016738 f   dos:waccess.obj
 0001:0001577e       __wchdir                   7d01677e f   dos:wchdir.obj
 0001:000158be       __wchmod                   7d0168be f   dos:wchmod.obj
 0001:000158ff       __wfullpath                7d0168ff f   dos:wfullpat.obj
 0001:000159ad       __wgetdcwd_lk              7d0169ad f   dos:wgetcwd.obj
 0001:00015a9f       __wgetcwd                  7d016a9f f   dos:wgetcwd.obj
 0001:00015ae5       __wgetdcwd                 7d016ae5 f   dos:wgetcwd.obj
 0001:00015b2c       __wmkdir                   7d016b2c f   dos:wmkdir.obj
 0001:00015b58       __wremove                  7d016b58 f   dos:wunlink.obj
 0001:00015b82       __wunlink                  7d016b82 f   dos:wunlink.obj
 0001:00015b87       __wrename                  7d016b87 f   dos:wrename.obj
 0001:00015bb5       __wrmdir                   7d016bb5 f   dos:wrmdir.obj
 0001:00015bdf       ___wdtoxmode               7d016bdf f   dos:wstat.obj
 0001:00015c9e       __wstat32                  7d016c9e f   dos:wstat.obj
 0001:00015f9b       __wstat32i64               7d016f9b f   dos:wstati64.obj
 0001:00016353       __wstat64                  7d017353 f   dos:wstat64.obj
 0001:00016697       __wstat64i32               7d017697 f   dos:wstati32.obj
 0001:000169bf       _rename                    7d0179bf f   dos:rename.obj
 0001:000169ed       ??0exception@std@@QAE@XZ   7d0179ed f   eh:stdexcpt.obj
 0001:000169fe       ??0exception@std@@QAE@ABQBD@Z 7d0179fe f   eh:stdexcpt.obj
 0001:00016a3b       ??0exception@std@@QAE@ABQBDH@Z 7d017a3b f   eh:stdexcpt.obj
 0001:00016a53       ??0exception@std@@QAE@ABV01@@Z 7d017a53 f   eh:stdexcpt.obj
 0001:00016a9d       ??1exception@std@@UAE@XZ   7d017a9d f   eh:stdexcpt.obj
 0001:00016ab3       ?what@exception@@UBEPBDXZ  7d017ab3 f   eh:oldexcpt.obj
 0001:00016ab3       ?what@exception@std@@UBEPBDXZ 7d017ab3 f   eh:stdexcpt.obj
 0001:00016ac0       ??0bad_cast@std@@QAE@PBD@Z 7d017ac0 f   eh:stdexcpt.obj
 0001:00016ad9       ??0bad_cast@std@@QAE@ABV01@@Z 7d017ad9 f   eh:stdexcpt.obj
 0001:00016af1       ??1bad_cast@std@@UAE@XZ    7d017af1 f   eh:stdexcpt.obj
 0001:00016afc       ??0bad_cast@std@@AAE@PBQBD@Z 7d017afc f   eh:stdexcpt.obj
 0001:00016b14       ??0bad_typeid@std@@QAE@PBD@Z 7d017b14 f   eh:stdexcpt.obj
 0001:00016b2d       ??0bad_typeid@std@@QAE@ABV01@@Z 7d017b2d f   eh:stdexcpt.obj
 0001:00016b45       ??1bad_typeid@std@@UAE@XZ  7d017b45 f   eh:stdexcpt.obj
 0001:00016b45       ??1__non_rtti_object@std@@UAE@XZ 7d017b45 f   eh:stdexcpt.obj
 0001:00016b50       ??0__non_rtti_object@std@@QAE@PBD@Z 7d017b50 f   eh:stdexcpt.obj
 0001:00016b68       ??0__non_rtti_object@std@@QAE@ABV01@@Z 7d017b68 f   eh:stdexcpt.obj
 0001:00016b80       ??_Eexception@std@@UAEPAXI@Z 7d017b80 f i eh:stdexcpt.obj
 0001:00016bc9       ??_Fbad_cast@std@@QAEXXZ   7d017bc9 f i eh:stdexcpt.obj
 0001:00016bd4       ??_Ebad_cast@std@@UAEPAXI@Z 7d017bd4 f i eh:stdexcpt.obj
 0001:00016c23       ??_Fbad_typeid@std@@QAEXXZ 7d017c23 f i eh:stdexcpt.obj
 0001:00016c2e       ??_E__non_rtti_object@std@@UAEPAXI@Z 7d017c2e f i eh:stdexcpt.obj
 0001:00016c2e       ??_Ebad_typeid@std@@UAEPAXI@Z 7d017c2e f i eh:stdexcpt.obj
 0001:00016c7d       ??4exception@std@@QAEAAV01@ABV01@@Z 7d017c7d f   eh:stdexcpt.obj
 0001:00016c9c       ??4bad_typeid@std@@QAEAAV01@ABV01@@Z 7d017c9c f i eh:stdexcpt.obj
 0001:00016c9c       ??4__non_rtti_object@std@@QAEAAV01@ABV01@@Z 7d017c9c f i eh:stdexcpt.obj
 0001:00016c9c       ??4bad_cast@std@@QAEAAV01@ABV01@@Z 7d017c9c f i eh:stdexcpt.obj
 0001:00016cae       ??1type_info@@UAE@XZ       7d017cae f   eh:typname.obj
 0001:00016d26       ?name@type_info@@QBEPBDPAU__type_info_node@@@Z 7d017d26 f   eh:typname.obj
 0001:00016e0b       ??_Etype_info@@UAEPAXI@Z   7d017e0b f i eh:typname.obj
 0001:00016e54       ??8type_info@@QBE_NABV0@@Z 7d017e54 f   eh:typinfo.obj
 0001:00016e6f       ??9type_info@@QBE_NABV0@@Z 7d017e6f f   eh:typinfo.obj
 0001:00016e8b       ?before@type_info@@QBEHABV1@@Z 7d017e8b f   eh:typinfo.obj
 0001:00016eaa       ?raw_name@type_info@@QBEPBDXZ 7d017eaa f   eh:typinfo.obj
 0001:00016eae       ??1exception@@UAE@XZ       7d017eae f   eh:oldexcpt.obj
 0001:00016ec4       ??_Eexception@@UAEPAXI@Z   7d017ec4 f i eh:oldexcpt.obj
 0001:00016f0d       ??1bad_exception@std@@UAE@XZ 7d017f0d f i eh:frame.obj
 0001:00016f18       ??_Ebad_exception@std@@UAEPAXI@Z 7d017f18 f i eh:frame.obj
 0001:00016f18       ??_Gbad_exception@std@@UAEPAXI@Z 7d017f18 f i eh:frame.obj
 0001:00016f3a       ?__TypeMatch@@YAHPBU_s_HandlerType@@PBU_s_CatchableType@@PBU_s_ThrowInfo@@@Z 7d017f3a f   eh:frame.obj
 0001:00016f96       ?__FrameUnwindFilter@@YAHPAU_EXCEPTION_POINTERS@@@Z 7d017f96 f   eh:frame.obj
 0001:00016fb8       ___FrameUnwindToState      7d017fb8 f   eh:frame.obj
 0001:00017096       ___DestructExceptionObject 7d018096 f   eh:frame.obj
 0001:000170fa       ?__uncaught_exception@@YA_NXZ 7d0180fa f   eh:frame.obj
 0001:0001710d       ___CxxRegisterExceptionObject 7d01810d f   eh:frame.obj
 0001:000171b9       ___CxxDetectRethrow        7d0181b9 f   eh:frame.obj
 0001:000171f1       ___CxxUnregisterExceptionObject 7d0181f1 f   eh:frame.obj
 0001:000172a4       ___CxxQueryExceptionSize   7d0182a4 f   eh:frame.obj
 0001:000172a8       ___CxxCallUnwindDtor       7d0182a8 f   eh:frame.obj
 0001:000172d7       ___CxxCallUnwindVecDtor    7d0182d7 f   eh:frame.obj
 0001:000175a8       ?__BuildCatchObject@@YAXPAUEHExceptionRecord@@PAXPBU_s_HandlerType@@PBU_s_CatchableType@@@Z 7d0185a8 f   eh:frame.obj
 0001:00017739       ___CxxExceptionFilter      7d018739 f   eh:frame.obj
 0001:00017ce5       ??0bad_exception@std@@QAE@ABV01@@Z 7d018ce5 f i eh:frame.obj
 0001:00017cfd       ___InternalCxxFrameHandler 7d018cfd f   eh:frame.obj
 0001:00017db8       ?set_terminate@@YAP6AXXZP6AXXZ@Z 7d018db8 f   eh:user.obj
 0001:00017dd1       ?set_unexpected@@YAP6AXXZP6AXXZ@Z 7d018dd1 f   eh:user.obj
 0001:00017dea       ?_set_se_translator@@YAP6AXIPAU_EXCEPTION_POINTERS@@@ZP6AXI0@Z@Z 7d018dea f   eh:user.obj
 0001:00017e03       ?terminate@@YAXXZ          7d018e03 f   eh:hooks.obj
 0001:00017e38       ?unexpected@@YAXXZ         7d018e38 f   eh:hooks.obj
 0001:00017e50       ?_inconsistency@@YAXXZ     7d018e50 f   eh:hooks.obj
 0001:00017e7d       __CxxThrowException@8      7d018e7d f   eh:throw.obj
 0001:00017eb8       __EH_prolog                7d018eb8 f   eh:ehprolog.obj
 0001:00017ee0       __CallSettingFrame@12      7d018ee0 f   eh:lowhelpr.obj
 0001:00017f07       __NLG_Return               7d018f07     eh:lowhelpr.obj
 0001:00017f2c       ?_JumpToContinuation@@YGXPAXPAUEHRegistrationNode@@@Z 7d018f2c f   eh:trnsctrl.obj
 0001:00017f5c       ?_CallMemberFunction2@@YGXPAX00H@Z 7d018f5c f   eh:trnsctrl.obj
 0001:00017f5c       ?_CallMemberFunction1@@YGXPAX00@Z 7d018f5c f   eh:trnsctrl.obj
 0001:00017f5c       ?_CallMemberFunction0@@YGXPAX0@Z 7d018f5c f   eh:trnsctrl.obj
 0001:00017f63       ?_UnwindNestedFrames@@YGXPAUEHRegistrationNode@@PAUEHExceptionRecord@@@Z 7d018f63 f   eh:trnsctrl.obj
 0001:00017fb5       ___CxxFrameHandler         7d018fb5 f   eh:trnsctrl.obj
 0001:00017fb5       ___CxxFrameHandler2        7d018fb5 f   eh:trnsctrl.obj
 0001:00017feb       ___CxxLongjmpUnwind@4      7d018feb f   eh:trnsctrl.obj
 0001:00018040       ?_CallSETranslator@@YAHPAUEHExceptionRecord@@PAUEHRegistrationNode@@PAX2PBU_s_FuncInfo@@H1@Z 7d019040 f   eh:trnsctrl.obj
 0001:000181bb       ?_GetRangeOfTrysToCheck@@YAPBU_s_TryBlockMapEntry@@PBU_s_FuncInfo@@HHPAI1@Z 7d0191bb f   eh:trnsctrl.obj
 0001:0001822e       ?_CreateFrameInfo@@YAPAUFrameInfo@@PAU1@PAX@Z 7d01922e f   eh:trnsctrl.obj
 0001:00018256       ?IsExceptionObjectToBeDestroyed@@YAHPAX@Z 7d019256 f   eh:trnsctrl.obj
 0001:00018277       ?_FindAndUnlinkFrame@@YAXPAUFrameInfo@@@Z 7d019277 f   eh:trnsctrl.obj
 0001:000182c3       ?_CallCatchBlock2@@YAPAXPAUEHRegistrationNode@@PBU_s_FuncInfo@@PAXHK@Z 7d0192c3 f   eh:trnsctrl.obj
 0001:0001831c       ___RTtypeid                7d01931c f   eh:rtti.obj
 0001:00018442       ___RTCastToVoid            7d019442 f   eh:rtti.obj
 0001:000186cd       ___RTDynamicCast           7d0196cd f   eh:rtti.obj
 0001:000187ad       ?Destructor@HeapManager@@QAEXXZ 7d0197ad f i eh:undname.obj
 0001:000187d3       ?getNumberOfDimensions@UnDecorator@@CAHXZ 7d0197d3 f   eh:undname.obj
 0001:00018836       ?getTypeEncoding@UnDecorator@@CAHXZ 7d019836 f i eh:undname.obj
 0001:00018c6e       ?UScore@UnDecorator@@SAPBDW4Tokens@@@Z 7d019c6e f   eh:undname.obj
 0001:00018c87       ?getMemory@HeapManager@@QAEPAXIH@Z 7d019c87 f   eh:undname.obj
 0001:00018d0b       ??0DName@@QAE@ABV0@@Z      7d019d0b f i eh:undname.obj
 0001:00018d74       ??4DName@@QAEAAV0@ABV0@@Z  7d019d74 f   eh:undname.obj
 0001:00018ddf       ??AReplicator@@QBEABVDName@@H@Z 7d019ddf f   eh:undname.obj
 0001:00018e04       ??YDNameNode@@QAEAAV0@PAV0@@Z 7d019e04 f   eh:undname.obj
 0001:00018e2d       ?length@charNode@@UBEHXZ   7d019e2d f i eh:undname.obj
 0001:00018e31       ?getLastChar@charNode@@UBEDXZ 7d019e31 f i eh:undname.obj
 0001:00018e35       ?getString@charNode@@UBEPADPADH@Z 7d019e35 f   eh:undname.obj
 0001:00018e50       ?length@DNameStatusNode@@UBEHXZ 7d019e50 f i eh:undname.obj
 0001:00018e50       ?length@pcharNode@@UBEHXZ  7d019e50 f i eh:undname.obj
 0001:00018e54       ??0pDNameNode@@QAE@PAVDName@@@Z 7d019e54 f   eh:undname.obj
 0001:00018e83       ??0DNameStatusNode@@QAE@W4DNameStatus@@@Z 7d019e83 f   eh:undname.obj
 0001:00018ea8       ?getLastChar@DNameStatusNode@@UBEDXZ 7d019ea8 f i eh:undname.obj
 0001:00018ed5       ?getDataIndirectType@UnDecorator@@CA?AVDName@@XZ 7d019ed5 f i eh:undname.obj
 0001:00018f08       ?getThisType@UnDecorator@@CA?AVDName@@XZ 7d019f08 f i eh:undname.obj
 0001:00018f3c       ??0DName@@QAE@PAV0@@Z      7d019f3c f   eh:undname.obj
 0001:00018f92       ??0DName@@QAE@W4DNameStatus@@@Z 7d019f92 f   eh:undname.obj
 0001:00018ff3       ?isValid@DName@@QBEHXZ     7d019ff3 f   eh:undname.obj
 0001:0001900a       ?isEmpty@DName@@QBEHXZ     7d01a00a f   eh:undname.obj
 0001:0001901f       ?isUDC@DName@@QBEHXZ       7d01a01f f i eh:undname.obj
 0001:00019033       ?length@DName@@QBEHXZ      7d01a033 f   eh:undname.obj
 0001:00019058       ?getLastChar@DName@@QBEDXZ 7d01a058 f   eh:undname.obj
 0001:00019090       ?getString@DName@@QBEPADPADH@Z 7d01a090 f   eh:undname.obj
 0001:00019121       ??_5DName@@QAEAAV0@ABV0@@Z 7d01a121 f   eh:undname.obj
 0001:00019156       ??4DName@@QAEAAV0@W4DNameStatus@@@Z 7d01a156 f   eh:undname.obj
 0001:000191d7       ??0Replicator@@QAE@XZ      7d01a1d7 f i eh:undname.obj
 0001:000191f5       ??YReplicator@@QAEAAV0@ABVDName@@@Z 7d01a1f5 f   eh:undname.obj
 0001:0001923c       ?clone@DNameNode@@QAEPAV1@XZ 7d01a23c f   eh:undname.obj
 0001:00019283       ??0pcharNode@@QAE@PBDH@Z   7d01a283 f   eh:undname.obj
 0001:000192e8       ?getLastChar@pcharNode@@UBEDXZ 7d01a2e8 f i eh:undname.obj
 0001:000192fa       ?getString@pcharNode@@UBEPADPADH@Z 7d01a2fa f   eh:undname.obj
 0001:0001932b       ?length@pDNameNode@@UBEHXZ 7d01a32b f i eh:undname.obj
 0001:0001933a       ?getLastChar@pDNameNode@@UBEDXZ 7d01a33a f i eh:undname.obj
 0001:00019349       ?getString@pDNameNode@@UBEPADPADH@Z 7d01a349 f   eh:undname.obj
 0001:00019366       ?getString@DNameStatusNode@@UBEPADPADH@Z 7d01a366 f   eh:undname.obj
 0001:00019399       ??0UnDecorator@@QAE@PADPBDHP6APADJ@ZK@Z 7d01a399 f i eh:undname.obj
 0001:0001940c       ?getReturnType@UnDecorator@@CA?AVDName@@PAV2@@Z 7d01a40c f   eh:undname.obj
 0001:0001943b       ??YDName@@QAEAAV0@W4DNameStatus@@@Z 7d01a43b f   eh:undname.obj
 0001:000194b4       ?doPchar@DName@@AAEXPBDH@Z 7d01a4b4 f   eh:undname.obj
 0001:0001955a       ??0DName@@QAE@D@Z          7d01a55a f   eh:undname.obj
 0001:00019580       ??0DName@@QAE@PBD@Z        7d01a580 f   eh:undname.obj
 0001:000195b1       ??0DName@@QAE@AAPBDD@Z     7d01a5b1 f   eh:undname.obj
 0001:0001967d       ??0DName@@QAE@_K@Z         7d01a67d f   eh:undname.obj
 0001:000196ed       ??0DName@@QAE@_J@Z         7d01a6ed f   eh:undname.obj
 0001:00019780       ??HDName@@QBE?AV0@W4DNameStatus@@@Z 7d01a780 f   eh:undname.obj
 0001:000197ae       ??YDName@@QAEAAV0@ABV0@@Z  7d01a7ae f   eh:undname.obj
 0001:00019810       ??4DName@@QAEAAV0@D@Z      7d01a810 f   eh:undname.obj
 0001:0001982c       ??4DName@@QAEAAV0@PBD@Z    7d01a82c f   eh:undname.obj
 0001:00019856       ?getCallingConvention@UnDecorator@@CA?AVDName@@XZ 7d01a856 f   eh:undname.obj
 0001:000198fc       ?getVCallThunkType@UnDecorator@@CA?AVDName@@XZ 7d01a8fc f i eh:undname.obj
 0001:00019933       ??HDName@@QBE?AV0@ABV0@@Z  7d01a933 f   eh:undname.obj
 0001:00019984       ??YDName@@QAEAAV0@D@Z      7d01a984 f   eh:undname.obj
 0001:000199ee       ??YDName@@QAEAAV0@PBD@Z    7d01a9ee f   eh:undname.obj
 0001:00019a5a       ?getArgumentList@UnDecorator@@CA?AVDName@@XZ 7d01aa5a f   eh:undname.obj
 0001:00019b3a       ?getVdispMapType@UnDecorator@@CA?AVDName@@ABV2@@Z 7d01ab3a f i eh:undname.obj
 0001:00019b89       ??H@YA?AVDName@@DABV0@@Z   7d01ab89 f i eh:undname.obj
 0001:00019bab       ??H@YA?AVDName@@W4DNameStatus@@ABV0@@Z 7d01abab f i eh:undname.obj
 0001:00019bcd       ??H@YA?AVDName@@PBDABV0@@Z 7d01abcd f i eh:undname.obj
 0001:00019bef       ??HDName@@QBE?AV0@D@Z      7d01abef f   eh:undname.obj
 0001:00019c1d       ??HDName@@QBE?AV0@PBD@Z    7d01ac1d f   eh:undname.obj
 0001:00019c4b       ?getDimension@UnDecorator@@CA?AVDName@@_N@Z 7d01ac4b f   eh:undname.obj
 0001:00019d8c       ?getEnumType@UnDecorator@@CA?AVDName@@XZ 7d01ad8c f i eh:undname.obj
 0001:00019e5e       ?getArgumentTypes@UnDecorator@@CA?AVDName@@XZ 7d01ae5e f   eh:undname.obj
 0001:00019ef0       ?getThrowTypes@UnDecorator@@CA?AVDName@@XZ 7d01aef0 f   eh:undname.obj
 0001:00019f6e       ?getArrayType@UnDecorator@@CA?AVDName@@ABV2@@Z 7d01af6e f i eh:undname.obj
 0001:0001a0cb       ?getLexicalFrame@UnDecorator@@CA?AVDName@@XZ 7d01b0cb f i eh:undname.obj
 0001:0001a0fc       ?getVfTableType@UnDecorator@@CA?AVDName@@ABV2@@Z 7d01b0fc f i eh:undname.obj
 0001:0001a24c       ?getStringEncoding@UnDecorator@@CA?AVDName@@PADH@Z 7d01b24c f   eh:undname.obj
 0001:0001a2ec       ?getSignedDimension@UnDecorator@@CA?AVDName@@XZ 7d01b2ec f   eh:undname.obj
 0001:0001a33c       ?getTemplateConstant@UnDecorator@@CA?AVDName@@XZ 7d01b33c f   eh:undname.obj
 0001:0001a5d6       ?getPtrRefDataType@UnDecorator@@CA?AVDName@@ABV2@H@Z 7d01b5d6 f i eh:undname.obj
 0001:0001a695       ?getTemplateArgumentList@UnDecorator@@CA?AVDName@@XZ 7d01b695 f   eh:undname.obj
 0001:0001a846       ?getOperatorName@UnDecorator@@CA?AVDName@@_NPA_N@Z 7d01b846 f i eh:undname.obj
 0001:0001ad1b       ?getTemplateName@UnDecorator@@CA?AVDName@@_N@Z 7d01bd1b f   eh:undname.obj
 0001:0001ae6e       ?getZName@UnDecorator@@CA?AVDName@@_N@Z 7d01be6e f   eh:undname.obj
 0001:0001b044       ?getScopedName@UnDecorator@@CA?AVDName@@XZ 7d01c044 f   eh:undname.obj
 0001:0001b128       ?getECSUDataType@UnDecorator@@CA?AVDName@@XZ 7d01c128 f   eh:undname.obj
 0001:0001b228       ?getSymbolName@UnDecorator@@CA?AVDName@@XZ 7d01c228 f i eh:undname.obj
 0001:0001b26e       ?getBasedType@UnDecorator@@CA?AVDName@@XZ 7d01c26e f   eh:undname.obj
 0001:0001b300       ?composeDeclaration@UnDecorator@@CA?AVDName@@ABV2@@Z 7d01c300 f i eh:undname.obj
 0001:0001bd13       ?getDecoratedName@UnDecorator@@CA?AVDName@@XZ 7d01cd13 f   eh:undname.obj
 0001:0001bed5       ?getScope@UnDecorator@@CA?AVDName@@XZ 7d01ced5 f   eh:undname.obj
 0001:0001c150       ?getFunctionIndirectType@UnDecorator@@CA?AVDName@@ABV2@@Z 7d01d150 f   eh:undname.obj
 0001:0001c491       ?getDataIndirectType@UnDecorator@@CA?AVDName@@ABV2@D0H@Z 7d01d491 f   eh:undname.obj
 0001:0001ca03       ??BUnDecorator@@QAEPADXZ   7d01da03 f i eh:undname.obj
 0001:0001cb4f       ?getPtrRefType@UnDecorator@@CA?AVDName@@ABV2@0D@Z 7d01db4f f   eh:undname.obj
 0001:0001cc65       ___unDName                 7d01dc65 f   eh:undname.obj
 0001:0001cd05       ___unDNameEx               7d01dd05 f   eh:undname.obj
 0001:0001cda5       ?getBasicDataType@UnDecorator@@CA?AVDName@@ABV2@@Z 7d01dda5 f   eh:undname.obj
 0001:0001d116       ?getPrimaryDataType@UnDecorator@@CA?AVDName@@ABV2@@Z 7d01e116 f   eh:undname.obj
 0001:0001d246       ?getDataType@UnDecorator@@CA?AVDName@@PAV2@@Z 7d01e246 f   eh:undname.obj
 0001:0001d2f5       ?getExternalDataType@UnDecorator@@CA?AVDName@@ABV2@@Z 7d01e2f5 f i eh:undname.obj
 0001:0001d359       ?__ArrayUnwind@@YGXPAXIHP6EX0@Z@Z 7d01e359 f   eh:ehvecdtr.obj
 0001:0001d3b7       ??_M@YGXPAXIHP6EX0@Z@Z     7d01e3b7 f   eh:ehvecdtr.obj
 0001:0001d417       ?__CxxUnhandledExceptionFilter@@YGJPAU_EXCEPTION_POINTERS@@@Z 7d01e417 f   eh:unhandld.obj
 0001:0001d465       ?__CxxSetUnhandledExceptionFilter@@YAHXZ 7d01e465 f   eh:unhandld.obj
 0001:0001d478       ?__CxxRestoreUnhandledExceptionFilter@@YAXXZ 7d01e478 f   eh:unhandld.obj
 0001:0001d485       ?_ValidateRead@@YAHPBXI@Z  7d01e485 f   eh:validate.obj
 0001:0001d4a1       ?_ValidateWrite@@YAHPAXI@Z 7d01e4a1 f   eh:validate.obj
 0001:0001d4bd       ?_ValidateExecute@@YAHP6GHXZ@Z 7d01e4bd f   eh:validate.obj
 0001:0001d4d5       __cwait                    7d01e4d5 f   exec:wait.obj
 0001:0001d564       __execl                    7d01e564 f   exec:execl.obj
 0001:0001d578       __execle                   7d01e578 f   exec:execle.obj
 0001:0001d599       __execlp                   7d01e599 f   exec:execlp.obj
 0001:0001d5aa       __execlpe                  7d01e5aa f   exec:execlpe.obj
 0001:0001d5cb       __execv                    7d01e5cb f   exec:execv.obj
 0001:0001d630       __execve                   7d01e630 f   exec:execve.obj
 0001:0001d770       __execvp                   7d01e770 f   exec:execvp.obj
 0001:0001d783       __execvpe                  7d01e783 f   exec:execvpe.obj
 0001:0001d8ed       __getdllprocaddr           7d01e8ed f   exec:getproc.obj
 0001:0001d91c       __loaddll                  7d01e91c f   exec:loaddll.obj
 0001:0001d927       __unloaddll                7d01e927 f   exec:loaddll.obj
 0001:0001d93e       __spawnl                   7d01e93e f   exec:spawnl.obj
 0001:0001d956       __spawnle                  7d01e956 f   exec:spawnle.obj
 0001:0001d97b       __spawnlp                  7d01e97b f   exec:spawnlp.obj
 0001:0001d991       __spawnlpe                 7d01e991 f   exec:spawnlpe.obj
 0001:0001d9b6       __spawnv                   7d01e9b6 f   exec:spawnv.obj
 0001:0001da20       __spawnve                  7d01ea20 f   exec:spawnve.obj
 0001:0001db69       __spawnvp                  7d01eb69 f   exec:spawnvp.obj
 0001:0001db80       __spawnvpe                 7d01eb80 f   exec:spawnvpe.obj
 0001:0001dce8       __wexecl                   7d01ece8 f   exec:wexecl.obj
 0001:0001dcfc       __wexecle                  7d01ecfc f   exec:wexecle.obj
 0001:0001dd1d       __wexeclp                  7d01ed1d f   exec:wexeclp.obj
 0001:0001dd2e       __wexeclpe                 7d01ed2e f   exec:wexeclpe.obj
 0001:0001dd4f       __wexecv                   7d01ed4f f   exec:wexecv.obj
 0001:0001ddb4       __wexecve                  7d01edb4 f   exec:wexecve.obj
 0001:0001deed       __wexecvp                  7d01eeed f   exec:wexecvp.obj
 0001:0001df00       __wexecvpe                 7d01ef00 f   exec:wexecvpe.obj
 0001:0001e04b       __wspawnl                  7d01f04b f   exec:wspawnl.obj
 0001:0001e063       __wspawnle                 7d01f063 f   exec:wspawnle.obj
 0001:0001e088       __wspawnlp                 7d01f088 f   exec:wspawnlp.obj
 0001:0001e09e       __wspawnlpe                7d01f09e f   exec:wspwnlpe.obj
 0001:0001e0c3       __wspawnv                  7d01f0c3 f   exec:wspawnv.obj
 0001:0001e12d       __wspawnve                 7d01f12d f   exec:wspawnve.obj
 0001:0001e26c       __wspawnvp                 7d01f26c f   exec:wspawnvp.obj
 0001:0001e283       __wspawnvpe                7d01f283 f   exec:wspwnvpe.obj
 0001:0001e3c3       __wsystem                  7d01f3c3 f   exec:wsystem.obj
 0001:0001e467       _system                    7d01f467 f   exec:system.obj
 0001:0001e50b       __dospawn                  7d01f50b f   exec:dospawn.obj
 0001:0001e6fc       __cenvarg                  7d01f6fc f   exec:cenvarg.obj
 0001:0001e8f5       __wdospawn                 7d01f8f5 f   exec:wdospawn.obj
 0001:0001eaed       __wcenvarg                 7d01faed f   exec:wcenvarg.obj
 0001:0001ecff       ??2@YAPAXI@Z               7d01fcff f   heap:new.obj
 0001:0001ed24       ??3@YAXPAX@Z               7d01fd24 f   heap:delete.obj
 0001:0001ed29       ??_U@YAPAXI@Z              7d01fd29 f   heap:new2.obj
 0001:0001ed2e       ??_V@YAXPAX@Z              7d01fd2e f   heap:delete2.obj
 0001:0001ed33       __aligned_offset_malloc    7d01fd33 f   heap:align.obj
 0001:0001edae       __aligned_free             7d01fdae f   heap:align.obj
 0001:0001edc3       __aligned_malloc           7d01fdc3 f   heap:align.obj
 0001:0001edd6       __aligned_offset_realloc   7d01fdd6 f   heap:align.obj
 0001:0001ef27       __aligned_realloc          7d01ff27 f   heap:align.obj
 0001:0001ef3e       __expand                   7d01ff3e f   heap:expand.obj
 0001:0001f075       __heapadd                  7d020075 f   heap:heapadd.obj
 0001:0001f084       __heapchk                  7d020084 f   heap:heapchk.obj
 0001:0001f14e       __heapset                  7d02014e f   heap:heapchk.obj
 0001:0001f153       __heapmin                  7d020153 f   heap:heapmin.obj
 0001:0001f1fc       __heapused                 7d0201fc f   heap:heapused.obj
 0001:0001f20a       __heapwalk                 7d02020a f   heap:heapwalk.obj
 0001:0001f330       __aulldiv                  7d020330 f   helper:ulldiv.obj
 0001:0001f398       __cgets                    7d020398 f   lowio:cgets.obj
 0001:0001f486       __cgetws                   7d020486 f   lowio:cgetws.obj
 0001:0001f73d       __chsize_lk                7d02073d f   lowio:chsize.obj
 0001:0001f888       __chsize                   7d020888 f   lowio:chsize.obj
 0001:0001f91c       __cputs                    7d02091c f   lowio:cputs.obj
 0001:0001f974       __putwch_lk                7d020974 f   lowio:putwch.obj
 0001:0001fa2d       __cputws                   7d020a2d f   lowio:putwch.obj
 0001:0001fa95       __putwch                   7d020a95 f   lowio:putwch.obj
 0001:0001fad8       __creat                    7d020ad8 f   lowio:creat.obj
 0001:0001fbdb       __dup                      7d020bdb f   lowio:dup.obj
 0001:0001fdcb       __dup2                     7d020dcb f   lowio:dup2.obj
 0001:0001fe93       __eof                      7d020e93 f   lowio:eof.obj
 0001:0001ff90       __filelength               7d020f90 f   lowio:flength.obj
 0001:00020063       __filelengthi64            7d021063 f   lowio:fleni64.obj
 0001:00020154       __fstat32                  7d021154 f   lowio:fstat.obj
 0001:0002040d       __fstat32i64               7d02140d f   lowio:fstati64.obj
 0001:000206e5       __fstat64                  7d0216e5 f   lowio:fstat64.obj
 0001:000209e2       __fstat64i32               7d0219e2 f   lowio:fstati32.obj
 0001:00020cc3       __ungetch_lk               7d021cc3 f   lowio:getch.obj
 0001:00020ce4       __getextendedkeycode       7d021ce4 f   lowio:getch.obj
 0001:00020d91       __getch_lk                 7d021d91 f   lowio:getch.obj
 0001:00020e54       __getche_lk                7d021e54 f   lowio:getch.obj
 0001:00020e8b       __kbhit_lk                 7d021e8b f   lowio:getch.obj
 0001:00020fa0       __ungetch                  7d021fa0 f   lowio:getch.obj
 0001:00020fe1       __getch                    7d021fe1 f   lowio:getch.obj
 0001:0002101c       __getche                   7d02201c f   lowio:getch.obj
 0001:00021057       __kbhit                    7d022057 f   lowio:getch.obj
 0001:00021092       __getwch_lk                7d022092 f   lowio:getwch.obj
 0001:00021203       __getwche_lk               7d022203 f   lowio:getwch.obj
 0001:00021244       __ungetwch_lk              7d022244 f   lowio:getwch.obj
 0001:0002126a       __getwch                   7d02226a f   lowio:getwch.obj
 0001:000212a9       __getwche                  7d0222a9 f   lowio:getwch.obj
 0001:000212e8       __ungetwch                 7d0222e8 f   lowio:getwch.obj
 0001:00021330       __inp                      7d022330 f   lowio:inp.obj
 0001:00021339       __inpw                     7d022339 f   lowio:inp.obj
 0001:00021341       __inpd                     7d022341 f   lowio:inp.obj
 0001:00021403       __locking                  7d022403 f   lowio:locking.obj
 0001:000214ab       __mktemp                   7d0224ab f   lowio:mktemp.obj
 0001:0002185d       __open                     7d02285d f   lowio:open.obj
 0001:000218b2       __sopen                    7d0228b2 f   lowio:open.obj
 0001:00021910       __outp                     7d022910 f   lowio:outp.obj
 0001:0002191d       __outpw                    7d02291d f   lowio:outp.obj
 0001:0002192a       __outpd                    7d02292a f   lowio:outp.obj
 0001:00021935       __pipe                     7d022935 f   lowio:pipe.obj
 0001:00021b31       __putch_lk                 7d022b31 f   lowio:putch.obj
 0001:00021b75       __putch                    7d022b75 f   lowio:putch.obj
 0001:00021bb4       __read_lk                  7d022bb4 f   lowio:read.obj
 0001:00021d84       __read                     7d022d84 f   lowio:read.obj
 0001:00021e2c       __setmode_lk               7d022e2c f   lowio:setmode.obj
 0001:00021e86       __setmode                  7d022e86 f   lowio:setmode.obj
 0001:00021f1a       __tell                     7d022f1a f   lowio:tell.obj
 0001:00021f2b       __telli64                  7d022f2b f   lowio:telli64.obj
 0001:00021f3e       __wcreat                   7d022f3e f   lowio:wcreat.obj
 0001:00021f54       __wmktemp                  7d022f54 f   lowio:wmktemp.obj
 0001:00022307       __wopen                    7d023307 f   lowio:wopen.obj
 0001:0002235c       __wsopen                   7d02335c f   lowio:wopen.obj
 0001:000223b1       ___initconin               7d0233b1 f   lowio:initcon.obj
 0001:000223d0       ___initconout              7d0233d0 f   lowio:initcon.obj
 0001:000223ef       ___termcon                 7d0233ef f   lowio:initcon.obj
 0001:0002244f       __ismbbkalnum              7d02344f f   mbstring:ismbbyte.obj
 0001:00022460       __ismbbkprint              7d023460 f   mbstring:ismbbyte.obj
 0001:00022471       __ismbbkpunct              7d023471 f   mbstring:ismbbyte.obj
 0001:00022482       __ismbbalnum               7d023482 f   mbstring:ismbbyte.obj
 0001:00022496       __ismbbalpha               7d023496 f   mbstring:ismbbyte.obj
 0001:000224aa       __ismbbgraph               7d0234aa f   mbstring:ismbbyte.obj
 0001:000224be       __ismbbprint               7d0234be f   mbstring:ismbbyte.obj
 0001:000224d2       __ismbbpunct               7d0234d2 f   mbstring:ismbbyte.obj
 0001:000224e3       __ismbblead                7d0234e3 f   mbstring:ismbbyte.obj
 0001:000224f4       __ismbbtrail               7d0234f4 f   mbstring:ismbbyte.obj
 0001:00022505       __ismbbkana                7d023505 f   mbstring:ismbbyte.obj
 0001:0002252c       __ismbcalnum               7d02352c f   mbstring:ismbalnm.obj
 0001:000225c1       __ismbcalpha               7d0235c1 f   mbstring:ismbalph.obj
 0001:00022656       __ismbcdigit               7d023656 f   mbstring:ismbdgt.obj
 0001:000226da       __ismbcgraph               7d0236da f   mbstring:ismbgrph.obj
 0001:0002276f       __ismbchira                7d02376f f   mbstring:ismbknj.obj
 0001:00022790       __ismbckata                7d023790 f   mbstring:ismbknj.obj
 0001:000227b9       __ismbcsymbol              7d0237b9 f   mbstring:ismbknj.obj
 0001:000227e2       __ismbcl0                  7d0237e2 f   mbstring:mbclevel.obj
 0001:0002282c       __ismbcl1                  7d02382c f   mbstring:mbclevel.obj
 0001:0002287c       __ismbcl2                  7d02387c f   mbstring:mbclevel.obj
 0001:000228cc       __ismbclegal               7d0238cc f   mbstring:ismblgl.obj
 0001:00022905       __ismbclower               7d023905 f   mbstring:ismblwr.obj
 0001:0002298f       __ismbcprint               7d02398f f   mbstring:ismbprn.obj
 0001:00022a22       __ismbcpunct               7d023a22 f   mbstring:ismbpunc.obj
 0001:00022ab3       __ismbcspace               7d023ab3 f   mbstring:ismbspc.obj
 0001:00022b37       __ismbcupper               7d023b37 f   mbstring:ismbupr.obj
 0001:00022bc1       ___ismbslead_mt            7d023bc1 f   mbstring:ismbsle.obj
 0001:00022c21       __ismbslead                7d023c21 f   mbstring:ismbsle.obj
 0001:00022c48       __ismbstrail               7d023c48 f   mbstring:ismbstr.obj
 0001:00022cd2       __mbbtombc                 7d023cd2 f   mbstring:tombbmbc.obj
 0001:00022d32       __mbctombb                 7d023d32 f   mbstring:tombbmbc.obj
 0001:00022dab       __mbccpy                   7d023dab f   mbstring:mbccpy.obj
 0001:00022dce       __mbcjistojms              7d023dce f   mbstring:tojisjms.obj
 0001:00022e2c       __mbcjmstojis              7d023e2c f   mbstring:tojisjms.obj
 0001:00022ed4       __mbclen                   7d023ed4 f   mbstring:mbclen.obj
 0001:00022ef2       __mbctohira                7d023ef2 f   mbstring:mbtohira.obj
 0001:00022f24       __mbctokata                7d023f24 f   mbstring:mbtokata.obj
 0001:00022f47       __mbctolower               7d023f47 f   mbstring:mbtolwr.obj
 0001:00022fcc       __mbctoupper               7d023fcc f   mbstring:mbtoupr.obj
 0001:00023051       __mbscoll                  7d024051 f   mbstring:mbscoll.obj
 0001:00023090       ___mbscspn_mt              7d024090 f   mbstring:mbscspn.obj
 0001:00023107       __mbscspn                  7d024107 f   mbstring:mbscspn.obj
 0001:0002312e       __mbsicoll                 7d02412e f   mbstring:mbsicoll.obj
 0001:0002316d       __mbsinc                   7d02416d f   mbstring:mbsinc.obj
 0001:00023189       __mbslen                   7d024189 f   mbstring:mbslen.obj
 0001:000231ce       __mbslwr                   7d0241ce f   mbstring:mbslwr.obj
 0001:00023253       __mbsnbcmp                 7d024253 f   mbstring:mbsnbcmp.obj
 0001:0002332e       ___mbsnbcnt_mt             7d02432e f   mbstring:mbsnbcnt.obj
 0001:00023366       __mbsnbcnt                 7d024366 f   mbstring:mbsnbcnt.obj
 0001:0002338d       __mbsnbcoll                7d02438d f   mbstring:mbsnbcol.obj
 0001:000233db       __mbsnbicmp                7d0243db f   mbstring:mbsnbicm.obj
 0001:00023566       __mbsnbset                 7d024566 f   mbstring:mbsnbset.obj
 0001:000235e2       __mbsncat                  7d0245e2 f   mbstring:mbsncat.obj
 0001:0002369e       __mbsnccnt                 7d02469e f   mbstring:mbsnccnt.obj
 0001:000236ec       __mbsncmp                  7d0246ec f   mbstring:mbsncmp.obj
 0001:00023799       __mbsncoll                 7d024799 f   mbstring:mbsncoll.obj
 0001:00023803       __mbsncpy                  7d024803 f   mbstring:mbsncpy.obj
 0001:0002388b       __mbsnextc                 7d02488b f   mbstring:mbsnextc.obj
 0001:000238b4       __mbsnicmp                 7d0248b4 f   mbstring:mbsnicmp.obj
 0001:00023a13       __mbsnicoll                7d024a13 f   mbstring:mbsnicol.obj
 0001:00023a7d       __mbsninc                  7d024a7d f   mbstring:mbsninc.obj
 0001:00023a9b       __mbsnset                  7d024a9b f   mbstring:mbsnset.obj
 0001:00023b77       __mbsrchr                  7d024b77 f   mbstring:mbsrchr.obj
 0001:00023be2       __mbsrev                   7d024be2 f   mbstring:mbsrev.obj
 0001:00023c51       __mbsset                   7d024c51 f   mbstring:mbsset.obj
 0001:00023caa       ___mbsspn_mt               7d024caa f   mbstring:mbsspn.obj
 0001:00023d21       __mbsspn                   7d024d21 f   mbstring:mbsspn.obj
 0001:00023d48       ___mbsspnp_mt              7d024d48 f   mbstring:mbsspnp.obj
 0001:00023dcd       __mbsspnp                  7d024dcd f   mbstring:mbsspnp.obj
 0001:00023df4       __mbsstr                   7d024df4 f   mbstring:mbsstr.obj
 0001:00023eac       __mbstok                   7d024eac f   mbstring:mbstok.obj
 0001:00023f57       __mbsupr                   7d024f57 f   mbstring:mbsupr.obj
 0001:00023fdc       __chkesp                   7d024fdc f   misc:chkesp.obj
 0001:00023ff4       ___lconv_init              7d024ff4 f   misc:lcnvinit.obj
 0001:00024021       ___wcserror                7d025021 f   misc:_wcserr.obj
 0001:000240d8       __abs64                    7d0250d8 f   misc:abs.obj
 0001:000240f4       __byteswap_ulong           7d0250f4 f   misc:bswap.obj
 0001:00024117       __byteswap_ushort          7d025117 f   misc:bswap.obj
 0001:00024128       __byteswap_uint64          7d025128 f   misc:bswap.obj
 0001:000241dc       __except_handler2          7d0251dc f   misc:exsup2.obj
 0001:0002428a       __lfind                    7d02528a f   misc:lfind.obj
 0001:00024328       __longjmpex                7d025328 f   misc:setjmpex.obj
 0001:0002432d       __lrotl                    7d02532d f   misc:rotl.obj
 0001:0002432d       __rotl                     7d02532d f   misc:rotl.obj
 0001:0002434a       __rotl64                   7d02534a f   misc:rotl.obj
 0001:00024382       __lrotr                    7d025382 f   misc:rotr.obj
 0001:00024382       __rotr                     7d025382 f   misc:rotr.obj
 0001:0002439f       __rotr64                   7d02539f f   misc:rotr.obj
 0001:000243d7       __lsearch                  7d0253d7 f   misc:lsearch.obj
 0001:00024485       __makepath                 7d025485 f   misc:makepath.obj
 0001:00024515       __purecall                 7d025515 f   misc:purevirt.obj
 0001:00024529       __set_purecall_handler     7d025529 f   misc:purevirt.obj
 0001:00024539       __putenv_lk                7d025539 f   misc:putenv.obj
 0001:000245f6       __putenv                   7d0255f6 f   misc:putenv.obj
 0001:00024635       __searchenv                7d025635 f   misc:searchen.obj
 0001:00024754       __setjmp                   7d025754 f   misc:setjmp.obj
 0001:0002478c       __setjmp3                  7d02578c f   misc:setjmp3.obj
 0001:00024807       __splitpath                7d025807 f   misc:splitpat.obj
 0001:0002494f       __strerror                 7d02594f f   misc:_strerr.obj
 0001:000249f8       __umask                    7d0259f8 f   misc:umask.obj
 0001:00024a0e       __wcserror                 7d025a0e f   misc:wcserror.obj
 0001:00024a68       __wgetenv_lk               7d025a68 f   misc:wgetenv.obj
 0001:00024af0       __wgetenv                  7d025af0 f   misc:wgetenv.obj
 0001:00024b2f       __wmakepath                7d025b2f f   misc:wmakepat.obj
 0001:00024be6       __wperror                  7d025be6 f   misc:wperror.obj
 0001:00024ce2       __wputenv_lk               7d025ce2 f   misc:wputenv.obj
 0001:00024da3       __wputenv                  7d025da3 f   misc:wputenv.obj
 0001:00024de2       __wsearchenv               7d025de2 f   misc:wsearche.obj
 0001:00024f17       __wsetlocale               7d025f17 f   misc:wsetloca.obj
 0001:0002501f       __wsplitpath               7d02601f f   misc:wsplitpa.obj
 0001:0002517b       _bsearch                   7d02617b f   misc:bsearch.obj
 0001:0002523f       _div                       7d02623f f   misc:div.obj
 0001:0002523f       _ldiv                      7d02623f f   misc:ldiv.obj
 0001:00025259       _labs                      7d026259 f   misc:labs.obj
 0001:00025259       _abs                       7d026259 f   misc:abs.obj
 0001:00025264       _longjmp                   7d026264 f   misc:longjmp.obj
 0001:000252dd       _perror                    7d0262dd f   misc:perror.obj
 0001:00025450       _qsort                     7d026450 f   misc:qsort.obj
 0001:00025747       _srand                     7d026747 f   misc:rand.obj
 0001:00025754       _rand                      7d026754 f   misc:rand.obj
 0001:00025776       _strerror                  7d026776 f   misc:strerror.obj
 0001:000257ca       __getpath                  7d0267ca f   misc:getpath.obj
 0001:00025839       __wgetpath                 7d026839 f   misc:wgetpath.obj
 0001:000258c2       __rt_probe_read4@4         7d0268c2 f   misc:sehsupp.obj
 0001:00025904       ?swprintf@@YAHPAGIPBGZZ    7d026904 f   stdio:swprintn.obj
 0001:00025976       __vcprintf                 7d026976 f   stdio:cprintf.obj
 0001:000261b2       __cprintf                  7d0271b2 f   stdio:cprintf.obj
 0001:00026cc8       __cscanf                   7d027cc8 f   stdio:cscanf.obj
 0001:00026d38       __vcwprintf                7d027d38 f   stdio:cwprintf.obj
 0001:000275bc       __cwprintf                 7d0285bc f   stdio:cwprintf.obj
 0001:0002817c       __cwscanf                  7d02917c f   stdio:cwscanf.obj
 0001:0002818d       __fdopen                   7d02918d f   stdio:fdopen.obj
 0001:0002828c       __fgetchar                 7d02928c f   stdio:fgetchar.obj
 0001:00028299       _getchar                   7d029299 f   stdio:fgetchar.obj
 0001:0002829e       __fgetwchar                7d02929e f   stdio:fgetwchr.obj
 0001:000282ab       _getwchar                  7d0292ab f   stdio:fgetwchr.obj
 0001:000282b0       __filbuf                   7d0292b0 f   stdio:_filbuf.obj
 0001:00028392       __fileno                   7d029392 f   stdio:fileno.obj
 0001:0002839a       __fputchar                 7d02939a f   stdio:fputchar.obj
 0001:000283af       _putchar                   7d0293af f   stdio:fputchar.obj
 0001:000283b4       __fputwchar                7d0293b4 f   stdio:fputwchr.obj
 0001:000283c9       _putwchar                  7d0293c9 f   stdio:fputwchr.obj
 0001:000283ce       __fsopen                   7d0293ce f   stdio:fopen.obj
 0001:0002842a       _fopen                     7d02942a f   stdio:fopen.obj
 0001:0002843d       __setmaxstdio              7d02943d f   stdio:setmaxf.obj
 0001:00028529       __getmaxstdio              7d029529 f   stdio:setmaxf.obj
 0001:0002852f       __getw                     7d02952f f   stdio:getw.obj
 0001:000285ac       __getws                    7d0295ac f   stdio:getws.obj
 0001:00028679       __popen                    7d029679 f   stdio:popen.obj
 0001:00028a46       __pclose                   7d029a46 f   stdio:popen.obj
 0001:00028ad5       __putw                     7d029ad5 f   stdio:putw.obj
 0001:00028b55       __putws                    7d029b55 f   stdio:putws.obj
 0001:00028c0c       __rmtmp                    7d029c0c f   stdio:rmtmp.obj
 0001:00028cb2       _sprintf                   7d029cb2 f   stdio:sprintf.obj
 0001:00028d0a       __scprintf                 7d029d0a f   stdio:sprintf.obj
 0001:00028d3b       __swprintf                 7d029d3b f   stdio:swprintf.obj
 0001:00028daa       __scwprintf                7d029daa f   stdio:swprintf.obj
 0001:00028ddb       __snprintf                 7d029ddb f   stdio:snprintf.obj
 0001:00028e32       __snprintf_c               7d029e32 f   stdio:snprnc.obj
 0001:00028e9a       __snscanf                  7d029e9a f   stdio:snscanf.obj
 0001:00028ecb       __snwprintf                7d029ecb f   stdio:snwprint.obj
 0001:00028ecb       ?swprintf@@YAHPA_WIPB_WZZ  7d029ecb f   stdio:swprintn.obj
 0001:00028f3b       __snwscanf                 7d029f3b f   stdio:snwscanf.obj
 0001:00028f6e       __swprintf_c               7d029f6e f   stdio:swprnc.obj
 0001:00029040       __tempnam                  7d02a040 f   stdio:tempnam.obj
 0001:0002920a       _vsprintf                  7d02a20a f   stdio:vsprintf.obj
 0001:00029261       __vscprintf                7d02a261 f   stdio:vsprintf.obj
 0001:00029291       __vswprintf                7d02a291 f   stdio:vswprint.obj
 0001:000292ff       __vscwprintf               7d02a2ff f   stdio:vswprint.obj
 0001:0002932f       __vsnprintf                7d02a32f f   stdio:vsnprint.obj
 0001:00029385       __vsnprintf_c              7d02a385 f   stdio:vsnprnc.obj
 0001:000293ec       __vsnwprintf               7d02a3ec f   stdio:vsnwprnt.obj
 0001:000293ec       ?vswprintf@@YAHPA_WIPB_WPAD@Z 7d02a3ec f   stdio:vswprinn.obj
[...]
 0003:00005700       ?_pgmname@?1??__setargv@@9@9 7d056700     <common>
 0003:00005808       ___sbh_pHeaderDefer        7d056808     <common>
 0003:0000580c       ___sbh_cntHeaderList       7d05680c     <common>
 0003:00005810       ___sbh_pHeaderList         7d056810     <common>
 0003:00005814       ___sbh_threshold           7d056814     <common>
 0003:00005818       ___sbh_pHeaderScan         7d056818     <common>
 0003:0000581c       ___sbh_sizeHeaderList      7d05681c     <common>
 0003:00005820       ___sbh_indGroupDefer       7d056820     <common>
 0003:00005824       __crtheap                  7d056824     <common>
 0003:00005828       ___active_heap             7d056828     <common>
 0003:00005840       ?AStr@?N@??_cgetws@@9@9    7d056840     <common>
 0003:00005884       __nhandle                  7d056884     <common>
 0003:000058a0       ___pioinfo                 7d0568a0     <common>
 0003:000059a0       ___mblcid                  7d0569a0     <common>
 0003:000059a4       ___ptmbcinfo               7d0569a4     <common>
 0003:000059a8       ___ismbcodepage            7d0569a8     <common>
 0003:000059c0       __mbctype                  7d0569c0     <common>
 0003:00005ac4       ___mbcodepage              7d056ac4     <common>
 0003:00005ad0       ___mbulinfo                7d056ad0     <common>
 0003:00005ae0       __mbcasemap                7d056ae0     <common>
 0003:00005be0       ?wcbuffer@?4??__getlocaleinfo@@9@9 7d056be0     <common>
 0003:00005be8       ___setlc_active            7d056be8     <common>
 0003:00005bec       ___unguarded_readlc_active 7d056bec     <common>
 0003:00005bf0       ___piob                    7d056bf0     <common>
 0003:00005c00       __bufin                    7d056c00     <common>
 0003:00006c00       ___use_sse2_mathfcns       7d057c00     <common>
 0003:00006c04       ___sse2_available          7d057c04     <common>

 entry point at        0000:00000000

 Static symbols

 0001:000000df       _parse_cmdline             7d0010df f   _setargv.obj
 0001:0000030f       _wparse_cmdline            7d00130f f   _wstargv.obj
 0001:00000640       _doexit                    7d001640 f   crt0dat.obj
 0001:00000daf       _parse_cmdline             7d001daf f   stdargv.obj
 0001:00001093       __threadstart@4            7d002093 f   thread.obj
 0001:000011e8       __threadstartex@4          7d0021e8 f   threadex.obj
 0001:00001692       _add                       7d002692 f   wild.obj
 0001:000016cd       _find                      7d0026cd f   wild.obj
 0001:00001756       _match                     7d002756 f   wild.obj
 0001:0000197c       _wparse_cmdline            7d00297c f   wstdargv.obj
 0001:00001c36       _wadd                      7d002c36 f   wwild.obj
 0001:00001c71       _wfind                     7d002c71 f   wwild.obj
 0001:00001cfa       _wmatch                    7d002cfa f   wwild.obj
 0001:00004482       _getSystemCP               7d005482 f   mbstring:mbctype.obj
 0001:000044eb       _CPtoLCID                  7d0054eb f   mbstring:mbctype.obj
 0001:0000451a       _setSBCS                   7d00551a f   mbstring:mbctype.obj
 0001:00004543       _setSBUpLow                7d005543 f   mbstring:mbctype.obj
 0001:00004739       __setmbcp_lk               7d005739 f   mbstring:mbctype.obj
 0001:00004d73       _swprintf                  7d005d73 f   misc:wassert.obj
 0001:000052e5       __onexit_lk                7d0062e5 f   misc:onexit.obj
 0001:000055bd       $$$00003                   7d0065bd f   misc:exsup3.obj
 0001:00005c97       ___updatetlocinfoEx_lk     7d006c97 f   misc:setlocal.obj
 0001:00005db1       _sync_lagacy_variables_lk  7d006db1 f   misc:setlocal.obj
 0001:00005f52       __setlocale_get_all        7d006f52 f   misc:setlocal.obj
 0001:000061ec       __setlocale_set_cat        7d0071ec f   misc:setlocal.obj
 0001:000064ac       __setlocale_lk             7d0074ac f   misc:setlocal.obj
 0001:000067b6       ___crtInitCritSecNoSpinCount@8 7d0077b6 f   misc:initcrit.obj
 0001:0000685c       $$$00001                   7d00785c f   misc:exsup.obj
 0001:0000687c       $$$00003                   7d00787c f   misc:exsup.obj
 0001:0000687c       __unwind_handler           7d00787c f   misc:exsup.obj
 0001:000068b7       $$$00005                   7d0078b7 f   misc:exsup.obj
 0001:00006927       $$$00007                   7d007927 f   misc:exsup.obj
 0001:00006971       $$$00011                   7d007971 f   misc:exsup.obj
 0001:000070ae       _report_failure            7d0080ae f   misc:secchk.obj
 0001:00007105       _ctrlevent_capture@4       7d008105 f   misc:winsig.obj
 0001:00007194       _siglookup                 7d008194 f   misc:winsig.obj
 0001:00007c2e       _wfindenv                  7d008c2e f   misc:wsetenv.obj
 0001:00007c7f       _copy_environ              7d008c7f f   misc:wsetenv.obj
 0001:00007fb4       __get_lc_time              7d008fb4 f   misc:inittime.obj
 0001:00008d0e       _TranslateName             7d009d0e f   misc:getqloc.obj
 0001:00008d6e       _ProcessCodePage           7d009d6e f   misc:getqloc.obj
 0001:00008de1       _TestDefaultCountry        7d009de1 f   misc:getqloc.obj
 0001:00008dff       _crtGetLocaleInfoA@16      7d009dff f   misc:getqloc.obj
 0001:00008ee2       _LcidFromHexString         7d009ee2 f   misc:getqloc.obj
 0001:00008f14       _GetPrimaryLen             7d009f14 f   misc:getqloc.obj
 0001:00008f2f       _CountryEnumProc@4         7d009f2f f   misc:getqloc.obj
 0001:00008fbf       _TestDefaultLanguage       7d009fbf f   misc:getqloc.obj
 0001:0000902e       _LangCountryEnumProc@4     7d00a02e f   misc:getqloc.obj
 0001:0000920b       _LanguageEnumProc@4        7d00a20b f   misc:getqloc.obj
 0001:000092c8       _GetLcidFromLangCountry    7d00a2c8 f   misc:getqloc.obj
 0001:0000932d       _GetLcidFromLanguage       7d00a32d f   misc:getqloc.obj
 0001:00009fa2       _flsall                    7d00afa2 f   stdio:fflush.obj
 0001:0000a41d       _write_char                7d00b41d f   stdio:woutput.obj
 0001:0000a442       _write_multi_char          7d00b442 f   stdio:woutput.obj
 0001:0000a467       _write_string              7d00b467 f   stdio:woutput.obj
 0001:0000ae4a       _write_char                7d00be4a f   stdio:output.obj
 0001:0000ae7d       _write_multi_char          7d00be7d f   stdio:output.obj
 0001:0000aea1       _write_string              7d00bea1 f   stdio:output.obj
 0001:0000bf70       _$$$00001                  7d00cf70 f   string:strchr.obj
 0001:0000d039       __store_str                7d00e039 f   time:strftime.obj
 0001:0000d059       __store_number             7d00e059 f   time:strftime.obj
 0001:0000d0a5       __store_num                7d00e0a5 f   time:strftime.obj
 0001:0000d108       __expandtime               7d00e108 f   time:strftime.obj
 0001:0000d4aa       __store_winword            7d00e4aa f   time:strftime.obj
 0001:0000db95       __tzset_lk                 7d00eb95 f   time:tzset.obj
 0001:0000de5c       _cvtdate                   7d00ee5c f   time:tzset.obj
 0001:0000e02d       __isindst_lk               7d00f02d f   time:tzset.obj
 0001:0000e273       __abstract_cw              7d00f273 f   tran:ieee87.obj
 0001:0000e307       __hw_cw                    7d00f307 f   tran:ieee87.obj
 0001:0000e395       __abstract_sw              7d00f395 f   tran:ieee87.obj
 0001:0000e3ce       ___abstract_cw_sse2        7d00f3ce f   tran:ieee87.obj
 0001:0000e46b       ___hw_cw_sse2              7d00f46b f   tran:ieee87.obj
 0001:0000e541       ___statusfp_sse2           7d00f541 f   tran:ieee87.obj
 0001:0000e578       ___control87_sse2          7d00f578 f   tran:ieee87.obj
 0001:0000e82c       _has_osfxsr_set            7d00f82c f   tran:cpu_disp.obj
 0001:0000e964       _xtow_s@20                 7d00f964 f   convert:xtow.obj
 0001:0000ea78       _xtow@16                   7d00fa78 f   convert:xtow.obj
 0001:0000eb02       @x64tow_s@24               7d00fb02 f   convert:xtow.obj
 0001:0000ec3c       @x64tow@20                 7d00fc3c f   convert:xtow.obj
 0001:0000ee9c       _xtoa_s@20                 7d00fe9c f   convert:xtoa.obj
 0001:0000efae       _xtoa@16                   7d00ffae f   convert:xtoa.obj
 0001:0000f038       @x64toa_s@24               7d010038 f   convert:xtoa.obj
 0001:0000f15a       @x64toa@20                 7d01015a f   convert:xtoa.obj
 0001:0000f88f       _strtoxl                   7d01088f f   convert:strtol.obj
 0001:0000faa2       _strtoxq                   7d010aa2 f   convert:strtoq.obj
 0001:00010f0a       _wcsncnt                   7d011f0a f   misc:w_cmp.obj
 0001:000117b2       _findenv                   7d0127b2 f   misc:setenv.obj
 0001:000117ff       _copy_environ              7d0127ff f   misc:setenv.obj
 0001:00012110       __fpcvt                    7d013110 f   convert:fcvt.obj
 0001:00012525       _wcstoxq                   7d013525 f   convert:wcstoq.obj
 0001:00012d9b       _wcstoxl                   7d013d9b f   convert:wcstol.obj
 0001:00014f95       _IsRootUNCName             7d015f95 f   dos:stat64.obj
 0001:00014f95       _IsRootUNCName             7d015f95 f   dos:stat64.obj
 0001:00014f95       _IsRootUNCName             7d015f95 f   dos:stat64.obj
 0001:00014f95       _IsRootUNCName             7d015f95 f   dos:stat64.obj
 0001:000162b4       _IsRootUNCName             7d0172b4 f   dos:wstat64.obj
 0001:000162b4       _IsRootUNCName             7d0172b4 f   dos:wstat64.obj
 0001:000162b4       _IsRootUNCName             7d0172b4 f   dos:wstat64.obj
 0001:000162b4       _IsRootUNCName             7d0172b4 f   dos:wstat64.obj
 0001:000170db       ?AdjustPointer@@YAPAXPAXABUPMD@@@Z 7d0180db f   eh:frame.obj
 0001:0001730f       ?IsInExceptionSpec@@YAEPAUEHExceptionRecord@@PBU_s_ESTypeList@@@Z 7d01830f f   eh:frame.obj
 0001:00017383       ?CallUnexpected@@YAXPBU_s_ESTypeList@@@Z 7d018383 f   eh:frame.obj
 0001:000173b0       __catch$?CallUnexpected@@YAXPBU_s_ESTypeList@@@Z$0 7d0183b0 f   eh:frame.obj
 0001:000173c8       ?CallCatchBlock@@YAPAXPAUEHExceptionRecord@@PAUEHRegistrationNode@@PAU_CONTEXT@@PBU_s_FuncInfo@@PAXHK@Z 7d0183c8 f   eh:frame.obj
 0001:00017865       ?CatchIt@@YAXPAUEHExceptionRecord@@PAUEHRegistrationNode@@PAU_CONTEXT@@PAXPBU_s_FuncInfo@@PBU_s_HandlerType@@PBU_s_CatchableType@@PBU_s_TryBlockMapEntry@@H1E@Z 7d018865 f   eh:frame.obj
 0001:000178d1       ?FindHandlerForForeignException@@YAXPAUEHExceptionRecord@@PAUEHRegistrationNode@@PAU_CONTEXT@@PAXPBU_s_FuncInfo@@HH1@Z 7d0188d1 f   eh:frame.obj
 0001:000179a4       ?FindHandler@@YAXPAUEHExceptionRecord@@PAUEHRegistrationNode@@PAU_CONTEXT@@PAXPBU_s_FuncInfo@@EH1@Z 7d0189a4 f   eh:frame.obj
 0001:00018005       ?CatchGuardHandler@@YA?AW4_EXCEPTION_DISPOSITION@@PAUEHExceptionRecord@@PAUCatchGuardRN@@PAX2@Z 7d019005 f   eh:trnsctrl.obj
 0001:00018107       ?TranslatorGuardHandler@@YA?AW4_EXCEPTION_DISPOSITION@@PAUEHExceptionRecord@@PAUTranslatorGuardRN@@PAX2@Z 7d019107 f   eh:trnsctrl.obj
 0001:000183b8       ?FindCompleteObject@@YAPAXPAPAX@Z 7d0193b8 f   eh:rtti.obj
 0001:000183ce       ?FindSITargetTypeInstance@@YAPBU_s_RTTIBaseClassDescriptor@@PAXPBU_s_RTTICompleteObjectLocator@@PAUTypeDescriptor@@H2@Z 7d0193ce f   eh:rtti.obj
 0001:00018423       ?PMDtoOffset@@YAHPAXABUPMD@@@Z 7d019423 f   eh:rtti.obj
 0001:0001849f       ?FindMITargetTypeInstance@@YAPBU_s_RTTIBaseClassDescriptor@@PAXPBU_s_RTTICompleteObjectLocator@@PAUTypeDescriptor@@H2@Z 7d01949f f   eh:rtti.obj
 0001:00018598       ?FindVITargetTypeInstance@@YAPBU_s_RTTIBaseClassDescriptor@@PAXPBU_s_RTTICompleteObjectLocator@@PAUTypeDescriptor@@H2@Z 7d019598 f   eh:rtti.obj
 0001:00018eb5       ?und_strncpy@@YAPADPADPBDI@Z 7d019eb5 f   eh:undname.obj
 0001:0001d5de       _comexecmd                 7d01e5de f   exec:execve.obj
 0001:0001d9cd       _comexecmd                 7d01e9cd f   exec:spawnve.obj
 0001:0001dd62       _wcomexecmd                7d01ed62 f   exec:wexecve.obj
 0001:0001e0da       _wcomexecmd                7d01f0da f   exec:wspawnve.obj
 0001:0001faee       __dup_lk                   7d020aee f   lowio:dup.obj
 0001:0001fc7f       __dup2_lk                  7d020c7f f   lowio:dup2.obj
 0001:0001fd67       _extend_ioinfo_arrays      7d020d67 f   lowio:dup2.obj
 0001:00021348       __locking_lk               7d022348 f   lowio:locking.obj
 0001:00021573       __tsopen_lk                7d022573 f   lowio:open.obj
 0001:0002201c       __tsopen_lk                7d02301c f   lowio:wopen.obj
 0001:0002241c       _x_ismbbtype               7d02341c f   mbstring:ismbbyte.obj
 0001:000241dc       $$$00001                   7d0251dc f   misc:exsup2.obj
 0001:0002428a       $$$00003                   7d02528a f   misc:exsup2.obj
 0001:0002432d       $$$00002                   7d02532d f   misc:setjmpex.obj
 0001:0002478c       $$$00002                   7d02578c f   misc:setjmp.obj
 0001:00024807       $$$00002                   7d025807 f   misc:setjmp3.obj
 0001:00025264       $$$00001                   7d026264 f   misc:longjmp.obj
 0001:000252dd       $$$00003                   7d0262dd f   misc:longjmp.obj
 0001:00025390       _swap                      7d026390 f   misc:qsort.obj
 0001:000253c0       _shortsort                 7d0263c0 f   misc:qsort.obj
 0001:0002591e       _write_char                7d02691e f   stdio:cprintf.obj
 0001:00025933       _write_multi_char          7d026933 f   stdio:cprintf.obj
 0001:00025953       _write_string              7d026953 f   stdio:cprintf.obj
 0001:000261c3       ___check_float_string      7d0271c3 f   stdio:cscanf.obj
 0001:000261c3       ___check_float_string      7d0271c3 f   stdio:cscanf.obj
 0001:00026214       __hextodec                 7d027214 f   stdio:cscanf.obj
 0001:00026214       __hextodec                 7d027214 f   stdio:cscanf.obj
 0001:0002622f       __un_inc                   7d02722f f   stdio:cscanf.obj
 0001:0002623c       _input                     7d02723c f   stdio:cscanf.obj
 0001:00026cd9       _write_char                7d027cd9 f   stdio:cwprintf.obj
 0001:00026cf0       _write_multi_char          7d027cf0 f   stdio:cwprintf.obj
 0001:00026d11       _write_string              7d027d11 f   stdio:cwprintf.obj
 0001:000275cd       __un_inc                   7d0285cd f   stdio:cwscanf.obj
 0001:000275dc       _input                     7d0285dc f   stdio:cwscanf.obj
 0001:0002862a       _idtab                     7d02962a f   stdio:popen.obj
 0001:0002862a       _idtab                     7d02962a f   stdio:popen.obj
 0001:00028ff6       __stripquote               7d029ff6 f   stdio:tempnam.obj
 0001:000299fe       __wstripquote              7d02a9fe f   stdio:wtempnam.obj
 0001:00029c11       _winit_namebuf             7d02ac11 f   stdio:wtmpfile.obj
 0001:00029c7d       _wgenfname                 7d02ac7d f   stdio:wtmpfile.obj
 0001:0002ab7d       _init_namebuf              7d02bb7d f   stdio:tmpfile.obj
 0001:0002abde       _genfname                  7d02bbde f   stdio:tmpfile.obj
 0001:0002b51f       __inc                      7d02c51f f   stdio:input.obj
 0001:0002c0f5       ___check_float_string      7d02d0f5 f   stdio:winput.obj
 0001:0002c0f5       ___check_float_string      7d02d0f5 f   stdio:winput.obj
 0001:0002c14d       __hextodec                 7d02d14d f   stdio:winput.obj
 0001:0002c14d       __hextodec                 7d02d14d f   stdio:winput.obj
 0001:0002c179       __un_inc                   7d02d179 f   stdio:winput.obj
 0001:0002c188       __whiteout                 7d02d188 f   stdio:winput.obj
 0001:0002f51e       __make__time32_t           7d03051e f   time:mktime.obj
 0001:0002f733       __make__time64_t           7d030733 f   time:mktime64.obj
 0001:0002fbfb       _store_dt                  7d030bfb f   time:wasctime.obj
 0001:00030239       _store_dt                  7d031239 f   time:asctime.obj
 0001:00031857       __shift                    7d032857 f   conv:cvt.obj
 0001:00031874       __cftoe2                   7d032874 f   conv:cvt.obj
 0001:00031d6a       __cftof2                   7d032d6a f   conv:cvt.obj
 0001:00032c7f       _$$$00002                  7d033c7f f   tran:atan.obj
 0001:00032e9b       _$$$00002                  7d033e9b f   tran:87ctran.obj
 0001:00032f04       _$$$00003                  7d033f04 f   tran:87fmod.obj
 0001:00032f6f       _$$$00002                  7d033f6f f   tran:log.obj
 0001:000330bf       _$$$00002                  7d0340bf f   tran:log10.obj
 0001:0003320f       _$$$00002                  7d03420f f   tran:pow.obj
 0001:0003441b       __hypothlp                 7d03541b f   tran:hypot.obj
 0001:00035637       _evaluate                  7d036637 f   tran:bessel.obj
 0001:00035990       _domain_err                7d036990 f   tran:bessel.obj
 0001:000364d3       _$$$00003                  7d0374d3 f   tran:87disp.obj
 0001:00036a90       _$$$00001                  7d037a90 f   tran:87triga.obj
 0001:00036dc0       _$$$00001                  7d037dc0 f   tran:87trigh.obj
 0001:00037180       _$$$00001                  7d038180 f   tran:87tran.obj
 0001:00039424       _ax0                       7d03a424 f   tran:filter_simd.obj
 0001:00039437       _ax8                       7d03a437 f   tran:filter_simd.obj
 0001:00039452       _ax32                      7d03a452 f   tran:filter_simd.obj
 0001:0003946c       _cx0                       7d03a46c f   tran:filter_simd.obj
 0001:0003947f       _cx8                       7d03a47f f   tran:filter_simd.obj
 0001:0003949a       _cx32                      7d03a49a f   tran:filter_simd.obj
 0001:000394b4       _dx0                       7d03a4b4 f   tran:filter_simd.obj
 0001:000394c7       _dx8                       7d03a4c7 f   tran:filter_simd.obj
 0001:000394e2       _dx32                      7d03a4e2 f   tran:filter_simd.obj
 0001:000394fc       _bx0                       7d03a4fc f   tran:filter_simd.obj
 0001:0003950f       _bx8                       7d03a50f f   tran:filter_simd.obj
 0001:0003952a       _bx32                      7d03a52a f   tran:filter_simd.obj
 0001:00039544       _sib0                      7d03a544 f   tran:filter_simd.obj
 0001:0003968b       _sib8                      7d03a68b f   tran:filter_simd.obj
 0001:000397ca       _sib32                     7d03a7ca f   tran:filter_simd.obj
 0001:00039903       _d32                       7d03a903 f   tran:filter_simd.obj
 0001:00039913       _bp8                       7d03a913 f   tran:filter_simd.obj
 0001:0003992e       _bp32                      7d03a92e f   tran:filter_simd.obj
 0001:00039948       _si0                       7d03a948 f   tran:filter_simd.obj
 0001:0003995b       _si8                       7d03a95b f   tran:filter_simd.obj
 0001:00039976       _si32                      7d03a976 f   tran:filter_simd.obj
 0001:00039990       _di0                       7d03a990 f   tran:filter_simd.obj
 0001:000399a3       _di8                       7d03a9a3 f   tran:filter_simd.obj
 0001:000399be       _di32                      7d03a9be f   tran:filter_simd.obj
 0001:000399d8       _reg                       7d03a9d8 f   tran:filter_simd.obj
 0001:0003aa57       _issnand                   7d03ba57 f   tran:xmmi2_fp_emul.obj
 0001:0003aa7f       _isnand                    7d03ba7f f   tran:xmmi2_fp_emul.obj
 0001:0003aaa6       _isdenormald               7d03baa6 f   tran:xmmi2_fp_emul.obj
 0001:0003aac8       _Fill_FPIEEE_RECORD        7d03bac8 f   tran:xmmi2_fp_emul.obj
 0001:0003aac8       _Fill_FPIEEE_RECORD        7d03bac8 f   tran:xmmi2_fp_emul.obj
 0001:0003c0f2       _issnanf                   7d03d0f2 f   tran:xmmi_fp_emul.obj
 0001:0003c113       _isnanf                    7d03d113 f   tran:xmmi_fp_emul.obj
 0001:0003c133       _isdenormalf               7d03d133 f   tran:xmmi_fp_emul.obj
 0001:0003c133       _isdenormalf               7d03d133 f   tran:xmmi_fp_emul.obj
 0001:0003d152       __ehhandler$?CallUnexpected@@YAXPBU_s_ESTypeList@@@Z 7d03e152 f   eh:frame.obj
