 msvcm80

 Timestamp is 425a4c2d (Mon Apr 11 03:06:37 2005)

 Preferred load address is 7c4c0000

 Start         Length     Name                   Class
 0001:00000000 00021c1aH .text                   CODE
 0001:00021c1c 00002753H .text$yc                CODE
 0001:00024370 000003efH .text$yd                CODE
 0002:00000000 00000218H .idata$5                DATA
 0002:00000220 0003edb8H .rdata                  DATA
 0002:0003efd8 00000024H .rdata$debug            DATA
 0002:0003effc 00000798H .rdata$ilfixup          DATA
 0002:0003f794 00001648H .rdata$r                DATA
 0002:00040de0 00000004H .rdata$sxdata           DATA
 0002:00040de4 00000004H .rtc$IAA                DATA
 0002:00040de8 00000004H .rtc$IZZ                DATA
 0002:00040dec 00000004H .rtc$TAA                DATA
 0002:00040df0 00000004H .rtc$TZZ                DATA
 0002:00040df8 000001fcH .xdata$x                DATA
 0002:00040ff4 00000050H .idata$2                DATA
 0002:00041044 00000014H .idata$3                DATA
 0002:00041058 00000218H .idata$4                DATA
 0002:00041270 000008bcH .idata$6                DATA
 0002:00041b30 00001cf6H .edata                  DATA
 0003:00000000 00000004H .CRT$XCA                DATA
 0003:00000004 00000004H .CRT$XCC                DATA
 0003:00000008 00000004H .CRT$XCZ                DATA
 0003:0000000c 00000004H .CRT$XIA                DATA
 0003:00000010 00000004H .CRT$XIAA               DATA
 0003:00000014 00000004H .CRT$XIZ                DATA
 0003:00000018 00000004H .CRTMA$XCA              DATA
 0003:0000001c 00000170H .CRTMA$XCC              DATA
 0003:0000018c 00000088H .CRTMA$XCU              DATA
 0003:00000214 00000004H .CRTMA$XCZ              DATA
 0003:00000218 00000004H .CRTMA$XIA              DATA
 0003:0000021c 00000004H .CRTMA$XIZ              DATA
 0003:00000220 00000004H .CRTMP$XCA              DATA
 0003:00000224 000000bcH .CRTMP$XCC              DATA
 0003:000002e0 00000010H .CRTMP$XCU              DATA
 0003:000002f0 00000004H .CRTMP$XCZ              DATA
 0003:000002f4 00000004H .CRTMP$XIA              DATA
 0003:000002f8 00000004H .CRTMP$XIZ              DATA
 0003:000002fc 00000004H .CRTVT$XCA              DATA
 0003:00000300 000000a0H .CRTVT$XCC              DATA
 0003:000003a0 00000088H .CRTVT$XCU              DATA
 0003:00000428 00000004H .CRTVT$XCZ              DATA
 0003:00000430 00001d34H .data                   DATA
 0003:00002168 00006e7cH .bss                    DATA
 0004:00000000 00000058H .rsrc$01                DATA
 0004:00000060 00000368H .rsrc$02                DATA

  Address         Publics by Value              Rva+Base       Lib:Object

 0000:00000001       ___safe_se_handler_count   00000001       <absolute>
 0000:00000004       ?id@?$numpunct@_W@std@@$$Q2V0locale@2@A 00000004       <absolute>
 0000:00000004       ?_Psave@?$_Facetptr@V?$money_put@GV?$ostreambuf_iterator@GU?$char_traits@G@std@@@std@@@std@@@std@@$$Q2PBVfacet@locale@2@B 00000004       <absolute>
 0000:00000004       ?_Psave@?$_Facetptr@V?$collate@D@std@@@std@@$$Q2PBVfacet@locale@2@B 00000004       <absolute>
 0000:00000004       ?_Psave@?$_Facetptr@V?$codecvt@_WDH@std@@@std@@$$Q2PBVfacet@locale@2@B 00000004       <absolute>
 0000:00000004       ?_Psave@?$_Facetptr@V?$time_get@_WV?$istreambuf_iterator@_WU?$char_traits@_W@std@@@std@@@std@@@std@@$$Q2PBVfacet@locale@2@B 00000004       <absolute>
 0000:00000004       ?id@?$money_put@_WV?$ostreambuf_iterator@_WU?$char_traits@_W@std@@@std@@@std@@$$Q2V0locale@2@A 00000004       <absolute>
 0000:00000004       ?_Psave@?$_Facetptr@V?$collate@_W@std@@@std@@$$Q2PBVfacet@locale@2@B 00000004       <absolute>
 0000:00000004       ?_Psave@?$_Facetptr@V?$numpunct@D@std@@@std@@$$Q2PBVfacet@locale@2@B 00000004       <absolute>
 0000:00000004       ?id@?$money_get@DV?$istreambuf_iterator@DU?$char_traits@D@std@@@std@@@std@@$$Q2V0locale@2@A 00000004       <absolute>
 0000:00000004       ?_Psave@?$_Facetptr@V?$time_put@GV?$ostreambuf_iterator@GU?$char_traits@G@std@@@std@@@std@@@std@@$$Q2PBVfacet@locale@2@B 00000004       <absolute>
 0000:00000004       ?id@?$time_put@GV?$ostreambuf_iterator@GU?$char_traits@G@std@@@std@@@std@@$$Q2V0locale@2@A 00000004       <absolute>
 0000:00000004       ?_Psave@?$_Facetptr@V?$numpunct@G@std@@@std@@$$Q2PBVfacet@locale@2@B 00000004       <absolute>
 0000:00000004       ?_Psave@?$_Facetptr@V?$num_put@DV?$ostreambuf_iterator@DU?$char_traits@D@std@@@std@@@std@@@std@@$$Q2PBVfacet@locale@2@B 00000004       <absolute>
 0000:00000004       ?id@?$time_put@DV?$ostreambuf_iterator@DU?$char_traits@D@std@@@std@@@std@@$$Q2V0locale@2@A 00000004       <absolute>
 0000:00000004       ?_Psave@?$_Facetptr@V?$ctype@D@std@@@std@@$$Q2PBVfacet@locale@2@B 00000004       <absolute>
 0000:00000004       ?id@?$messages@D@std@@$$Q2V0locale@2@A 00000004       <absolute>
 0000:00000004       ?id@?$collate@D@std@@$$Q2V0locale@2@A 00000004       <absolute>
 0000:00000004       ?_Psave@?$_Facetptr@V?$codecvt@GDH@std@@@std@@$$Q2PBVfacet@locale@2@B 00000004       <absolute>
 0000:00000004       ?_Psave@?$_Facetptr@V?$moneypunct@G$00@std@@@std@@$$Q2PBVfacet@locale@2@B 00000004       <absolute>
 0000:00000004       ?_Psave@?$_Facetptr@V?$moneypunct@D$00@std@@@std@@$$Q2PBVfacet@locale@2@B 00000004       <absolute>
 0000:00000004       ?id@?$collate@G@std@@$$Q2V0locale@2@A 00000004       <absolute>
 0000:00000004       ?id@?$time_get@DV?$istreambuf_iterator@DU?$char_traits@D@std@@@std@@@std@@$$Q2V0locale@2@A 00000004       <absolute>
 0000:00000004       ?_Psave@?$_Facetptr@V?$money_get@GV?$istreambuf_iterator@GU?$char_traits@G@std@@@std@@@std@@@std@@$$Q2PBVfacet@locale@2@B 00000004       <absolute>
 0000:00000004       ?_Psave@?$_Facetptr@V?$moneypunct@_W$0A@@std@@@std@@$$Q2PBVfacet@locale@2@B 00000004       <absolute>
 0000:00000004       ?_Psave@?$_Facetptr@V?$time_put@DV?$ostreambuf_iterator@DU?$char_traits@D@std@@@std@@@std@@@std@@$$Q2PBVfacet@locale@2@B 00000004       <absolute>
 0000:00000004       ?id@?$money_put@DV?$ostreambuf_iterator@DU?$char_traits@D@std@@@std@@@std@@$$Q2V0locale@2@A 00000004       <absolute>
 0000:00000004       ?id@?$moneypunct@D$00@std@@$$Q2V0locale@2@A 00000004       <absolute>
 0000:00000004       ?id@?$collate@_W@std@@$$Q2V0locale@2@A 00000004       <absolute>
 0000:00000004       ?__onexitend_app_domain@@$$Q3PAP6MXXZA 00000004       <absolute>
 0000:00000004       ?id@?$moneypunct@_W$0A@@std@@$$Q2V0locale@2@A 00000004       <absolute>
 0000:00000004       ?_Psave@?$_Facetptr@V?$collate@G@std@@@std@@$$Q2PBVfacet@locale@2@B 00000004       <absolute>
 0000:00000004       ?_Psave@?$_Facetptr@V?$messages@G@std@@@std@@$$Q2PBVfacet@locale@2@B 00000004       <absolute>
 0000:00000004       ?_Psave@?$_Facetptr@V?$num_get@GV?$istreambuf_iterator@GU?$char_traits@G@std@@@std@@@std@@@std@@$$Q2PBVfacet@locale@2@B 00000004       <absolute>
 0000:00000004       ?_Psave@?$_Facetptr@V?$numpunct@_W@std@@@std@@$$Q2PBVfacet@locale@2@B 00000004       <absolute>
 0000:00000004       ?id@?$num_get@GV?$istreambuf_iterator@GU?$char_traits@G@std@@@std@@@std@@$$Q2V0locale@2@A 00000004       <absolute>
 0000:00000004       ?_Psave@?$_Facetptr@V?$ctype@G@std@@@std@@$$Q2PBVfacet@locale@2@B 00000004       <absolute>
 0000:00000004       ?id@?$messages@_W@std@@$$Q2V0locale@2@A 00000004       <absolute>
 0000:00000004       ?id@?$num_put@DV?$ostreambuf_iterator@DU?$char_traits@D@std@@@std@@@std@@$$Q2V0locale@2@A 00000004       <absolute>
 0000:00000004       ?id@?$num_get@DV?$istreambuf_iterator@DU?$char_traits@D@std@@@std@@@std@@$$Q2V0locale@2@A 00000004       <absolute>
 0000:00000004       ?_Psave@?$_Facetptr@V?$money_put@DV?$ostreambuf_iterator@DU?$char_traits@D@std@@@std@@@std@@@std@@$$Q2PBVfacet@locale@2@B 00000004       <absolute>
 0000:00000004       ?id@?$ctype@D@std@@$$Q2V0locale@2@A 00000004       <absolute>
 0000:00000004       ?id@?$numpunct@G@std@@$$Q2V0locale@2@A 00000004       <absolute>
 0000:00000004       ?id@?$money_get@_WV?$istreambuf_iterator@_WU?$char_traits@_W@std@@@std@@@std@@$$Q2V0locale@2@A 00000004       <absolute>
 0000:00000004       ?id@?$codecvt@GDH@std@@$$Q2V0locale@2@A 00000004       <absolute>
 0000:00000004       ?id@?$moneypunct@G$00@std@@$$Q2V0locale@2@A 00000004       <absolute>
 0000:00000004       ?_Psave@?$_Facetptr@V?$moneypunct@G$0A@@std@@@std@@$$Q2PBVfacet@locale@2@B 00000004       <absolute>
 0000:00000004       ?__onexitbegin_app_domain@@$$Q3PAP6MXXZA 00000004       <absolute>
 0000:00000004       ?id@?$money_put@GV?$ostreambuf_iterator@GU?$char_traits@G@std@@@std@@@std@@$$Q2V0locale@2@A 00000004       <absolute>
 0000:00000004       ?id@?$num_put@GV?$ostreambuf_iterator@GU?$char_traits@G@std@@@std@@@std@@$$Q2V0locale@2@A 00000004       <absolute>
 0000:00000004       ?_Psave@?$_Facetptr@V?$messages@D@std@@@std@@$$Q2PBVfacet@locale@2@B 00000004       <absolute>
 0000:00000004       ?_Psave@?$_Facetptr@V?$messages@_W@std@@@std@@$$Q2PBVfacet@locale@2@B 00000004       <absolute>
 0000:00000004       ?id@?$ctype@G@std@@$$Q2V0locale@2@A 00000004       <absolute>
 0000:00000004       ?_Psave@?$_Facetptr@V?$time_get@DV?$istreambuf_iterator@DU?$char_traits@D@std@@@std@@@std@@@std@@$$Q2PBVfacet@locale@2@B 00000004       <absolute>
 0000:00000004       ?_Psave@?$_Facetptr@V?$codecvt@DDH@std@@@std@@$$Q2PBVfacet@locale@2@B 00000004       <absolute>
 0000:00000004       ?id@?$money_get@GV?$istreambuf_iterator@GU?$char_traits@G@std@@@std@@@std@@$$Q2V0locale@2@A 00000004       <absolute>
 0000:00000004       ?__exit_list_size_app_domain@@$$Q3IA 00000004       <absolute>
 0000:00000004       ?id@?$time_get@GV?$istreambuf_iterator@GU?$char_traits@G@std@@@std@@@std@@$$Q2V0locale@2@A 00000004       <absolute>
 0000:00000004       ?_Psave@?$_Facetptr@V?$moneypunct@_W$00@std@@@std@@$$Q2PBVfacet@locale@2@B 00000004       <absolute>
 0000:00000004       ?id@?$ctype@_W@std@@$$Q2V0locale@2@A 00000004       <absolute>
 0000:00000004       ?id@?$numpunct@D@std@@$$Q2V0locale@2@A 00000004       <absolute>
 0000:00000004       ?id@?$codecvt@_WDH@std@@$$Q2V0locale@2@A 00000004       <absolute>
 0000:00000004       ?id@?$moneypunct@_W$00@std@@$$Q2V0locale@2@A 00000004       <absolute>
 0000:00000004       ?id@?$time_get@_WV?$istreambuf_iterator@_WU?$char_traits@_W@std@@@std@@@std@@$$Q2V0locale@2@A 00000004       <absolute>
 0000:00000004       ?_Psave@?$_Facetptr@V?$num_get@DV?$istreambuf_iterator@DU?$char_traits@D@std@@@std@@@std@@@std@@$$Q2PBVfacet@locale@2@B 00000004       <absolute>
 0000:00000004       ?__domain_initialized@@$$Q3HA 00000004       <absolute>
 0000:00000004       ?_Psave@?$_Facetptr@V?$num_put@GV?$ostreambuf_iterator@GU?$char_traits@G@std@@@std@@@std@@@std@@$$Q2PBVfacet@locale@2@B 00000004       <absolute>
 0000:00000004       ?_Psave@?$_Facetptr@V?$money_get@_WV?$istreambuf_iterator@_WU?$char_traits@_W@std@@@std@@@std@@@std@@$$Q2PBVfacet@locale@2@B 00000004       <absolute>
 0000:00000004       ?id@?$num_put@_WV?$ostreambuf_iterator@_WU?$char_traits@_W@std@@@std@@@std@@$$Q2V0locale@2@A 00000004       <absolute>
 0000:00000004       ?id@?$codecvt@DDH@std@@$$Q2V0locale@2@A 00000004       <absolute>
 0000:00000004       ?id@?$moneypunct@D$0A@@std@@$$Q2V0locale@2@A 00000004       <absolute>
 0000:00000004       ?__domain_terminated@@$$Q3HA 00000004       <absolute>
 0000:00000004       ?_Psave@?$_Facetptr@V?$time_get@GV?$istreambuf_iterator@GU?$char_traits@G@std@@@std@@@std@@@std@@$$Q2PBVfacet@locale@2@B 00000004       <absolute>
 0000:00000004       ?_Psave@?$_Facetptr@V?$money_put@_WV?$ostreambuf_iterator@_WU?$char_traits@_W@std@@@std@@@std@@@std@@$$Q2PBVfacet@locale@2@B 00000004       <absolute>
 0000:00000004       ?_Psave@?$_Facetptr@V?$time_put@_WV?$ostreambuf_iterator@_WU?$char_traits@_W@std@@@std@@@std@@@std@@$$Q2PBVfacet@locale@2@B 00000004       <absolute>
 0000:00000004       ?id@?$num_get@_WV?$istreambuf_iterator@_WU?$char_traits@_W@std@@@std@@@std@@$$Q2V0locale@2@A 00000004       <absolute>
 0000:00000004       ?id@?$messages@G@std@@$$Q2V0locale@2@A 00000004       <absolute>
 0000:00000004       ?_Psave@?$_Facetptr@V?$num_put@_WV?$ostreambuf_iterator@_WU?$char_traits@_W@std@@@std@@@std@@@std@@$$Q2PBVfacet@locale@2@B 00000004       <absolute>
 0000:00000004       ?_Psave@?$_Facetptr@V?$moneypunct@D$0A@@std@@@std@@$$Q2PBVfacet@locale@2@B 00000004       <absolute>
 0000:00000004       ?_Psave@?$_Facetptr@V?$ctype@_W@std@@@std@@$$Q2PBVfacet@locale@2@B 00000004       <absolute>
 0000:00000004       ?_Psave@?$_Facetptr@V?$num_get@_WV?$istreambuf_iterator@_WU?$char_traits@_W@std@@@std@@@std@@@std@@$$Q2PBVfacet@locale@2@B 00000004       <absolute>
 0000:00000004       ?id@?$moneypunct@G$0A@@std@@$$Q2V0locale@2@A 00000004       <absolute>
 0000:00000004       ?_Psave@?$_Facetptr@V?$money_get@DV?$istreambuf_iterator@DU?$char_traits@D@std@@@std@@@std@@@std@@$$Q2PBVfacet@locale@2@B 00000004       <absolute>
 0000:00000004       ?id@?$time_put@_WV?$ostreambuf_iterator@_WU?$char_traits@_W@std@@@std@@@std@@$$Q2V0locale@2@A 00000004       <absolute>
 0001:00000000       ?__get_default_appdomain@@YAJPAPAUIUnknown@@@Z 7c4c1000 f     exedefad.obj
 0001:00000000       ?__get_default_appdomain@@$$FYAJPAPAUIUnknown@@@Z 7c4c1000 f   p exedefad.obj
 0001:0000008e       ?__release_appdomain@@YAXPAUIUnknown@@@Z 7c4c108e f     exedefad.obj
 0001:0000008e       ?__release_appdomain@@$$FYAXPAUIUnknown@@@Z 7c4c108e f   p exedefad.obj
 0001:0000009c       ?_matherr@@$$J0YAHPAU_exception@@@Z 7c4c109c f     mmatherr.obj
 0001:000000bd       __matherr                  7c4c10bd f     mmatherr.obj
 0001:000000c4       ?__setusermatherr_m@@$$J0YAXP6MHPAU_exception@@@Z@Z 7c4c10c4 f     mmatherr.obj
 0001:000000ea       ___setusermatherr_m        7c4c10ea f     mmatherr.obj
 0001:000000f0       ?_callnewh_thunk@?A0x2816a321@@$$FYAHI@Z 7c4c10f0 f     mhandler.obj
 0001:00000112       ?_callnewh_thunk@?A0x2816a321@@YAHI@Z 7c4c1112 f     mhandler.obj
 0001:00000118       ?_set_new_handler@@$$FYAP6MHI@ZP6MHI@Z@Z 7c4c1118 f     mhandler.obj
 0001:00000147       ?_set_new_handler@@YAP6MHI@ZP6MHI@Z@Z 7c4c1147 f     mhandler.obj
 0001:0000014d       ?__query_new_handler_m@@YAP6MHI@ZXZ 7c4c114d f     mhandler.obj
 0001:00000154       ?__signal_thunk@?A0x2816a321@@$$FYAXH@Z 7c4c1154 f     mhandler.obj
 0001:00000175       ?__signal_thunk@?A0x2816a321@@YAXH@Z 7c4c1175 f     mhandler.obj
 0001:0000017c       ?signal@@$$FYAP6MXH@ZHP6MXH@Z@Z 7c4c117c f     mhandler.obj
 0001:000001a9       ?signal@@YAP6MXH@ZHP6MXH@Z@Z 7c4c11a9 f     mhandler.obj
 0001:000001b0       ?__invalid_parameter_handler_thunk@@$$FYAXPB_W00II@Z 7c4c11b0 f     muser.obj
 0001:000001d2       ?__invalid_parameter_handler_thunk@@YAXPB_W00II@Z 7c4c11d2 f     muser.obj
 0001:000001d8       ?_set_invalid_parameter_handler@@$$FYAP6MXPB_W00II@ZP6MX000II@Z@Z 7c4c11d8 f     muser.obj
 0001:00000201       ?_set_invalid_parameter_handler@@YAP6MXPB_W00II@ZP6MX000II@Z@Z 7c4c1201 f     muser.obj
 0001:00000208       ?__terminate_thunk@@$$FYAXXZ 7c4c1208 f     muser.obj
 0001:00000234       ?__terminate_thunk@@YAXXZ  7c4c1234 f     muser.obj
 0001:0000023c       ?set_terminate@@$$FYAP6MXXZP6MXXZ@Z 7c4c123c f     muser.obj
 0001:00000273       ?set_terminate@@YAP6MXXZP6MXXZ@Z 7c4c1273 f     muser.obj
 0001:0000027c       ?__purecall_thunk@?A0x7965f7cb@@$$FYAXXZ 7c4c127c f     muser.obj
 0001:0000029f       ?__purecall_thunk@?A0x7965f7cb@@YAXXZ 7c4c129f f     muser.obj
 0001:000002a8       ?_set_purecall_handler@@$$FYAP6MXXZP6MXXZ@Z 7c4c12a8 f     muser.obj
 0001:000002df       ?_set_purecall_handler@@YAP6MXXZP6MXXZ@Z 7c4c12df f     muser.obj
 0001:000002e8       ?__unexpected_thunk@@$$FYAXXZ 7c4c12e8 f     muser.obj
 0001:00000314       ?__unexpected_thunk@@YAXXZ 7c4c1314 f     muser.obj
 0001:0000031c       ?set_unexpected@@$$FYAP6MXXZP6MXXZ@Z 7c4c131c f     muser.obj
 0001:00000353       ?set_unexpected@@YAP6MXXZP6MXXZ@Z 7c4c1353 f     muser.obj
 0001:0000035c       ?__se_translator_thunk@@$$FYAXIPAU_EXCEPTION_POINTERS@@@Z 7c4c135c f     muser.obj
 0001:0000038a       ?__se_translator_thunk@@YAXIPAU_EXCEPTION_POINTERS@@@Z 7c4c138a f     muser.obj
 0001:00000390       ?_set_se_translator@@$$FYAP6MXIPAU_EXCEPTION_POINTERS@@@ZP6MXI0@Z@Z 7c4c1390 f     muser.obj
 0001:000003c7       ?_set_se_translator@@YAP6MXIPAU_EXCEPTION_POINTERS@@@ZP6MXI0@Z@Z 7c4c13c7 f     muser.obj
 0001:000003d0       ?_set_invalid_parameter_handler@@$$FYAP6AXPB_W00II@ZH@Z 7c4c13d0 f     muser.obj
 0001:000003fa       ?_set_invalid_parameter_handler@@YAP6AXPB_W00II@ZH@Z 7c4c13fa f     muser.obj
 0001:00000400       ?_set_purecall_handler@@$$FYAP6AXXZH@Z 7c4c1400 f     muser.obj
 0001:0000042a       ?_set_purecall_handler@@YAP6AXXZH@Z 7c4c142a f     muser.obj
 0001:00000430       ?fpieee_flt_thunk_func@@$$FYAHPAU_FPIEEE_RECORD@@@Z 7c4c1430 f     mfpieeeflt.obj
 0001:00000461       ?fpieee_flt_thunk_func@@YAHPAU_FPIEEE_RECORD@@@Z 7c4c1461 f     mfpieeeflt.obj
 0001:00000468       ?_fpieee_flt@@$$FYAHKPAU_EXCEPTION_POINTERS@@P6MHPAU_FPIEEE_RECORD@@@Z@Z 7c4c1468 f     mfpieeeflt.obj
 0001:00000499       ?_fpieee_flt@@YAHKPAU_EXCEPTION_POINTERS@@P6MHPAU_FPIEEE_RECORD@@@Z@Z 7c4c1499 f     mfpieeeflt.obj
 0001:000004a0       ?DomainUnload@__unload_class@<CrtImplementationDetails>@@$$FSMXP$AAVObject@System@@P$AAVEventArgs@4@@Z 7c4c14a0 f i   mstartup.obj
 0001:000004f0       ??0Exception@<CrtImplementationDetails>@@$$FQ$AAM@P$AAVString@System@@@Z 7c4c14f0 f i   mstartup.obj
 0001:00000504       ??0Exception@<CrtImplementationDetails>@@$$FQ$AAM@P$AAVString@System@@P$AAV03@@Z 7c4c1504 f i   mstartup.obj
 0001:0000051c       ??0ModuleLoadException@<CrtImplementationDetails>@@$$FQ$AAM@P$AAVString@System@@@Z 7c4c151c f i   mstartup.obj
 0001:00000530       ??0ModuleLoadException@<CrtImplementationDetails>@@$$FQ$AAM@P$AAVString@System@@P$AAVException@3@@Z 7c4c1530 f i   mstartup.obj
 0001:00000548       ?get@NestedException@ModuleLoadExceptionHandlerException@<CrtImplementationDetails>@@$$FQ$AAMP$AAVException@System@@XZ 7c4c1548 f i   mstartup.obj
 0001:0000055c       ?set@NestedException@ModuleLoadExceptionHandlerException@<CrtImplementationDetails>@@$$FQ$AAMXP$AAVException@System@@@Z 7c4c155c f i   mstartup.obj
 0001:00000570       ?ToString@ModuleLoadExceptionHandlerException@<CrtImplementationDetails>@@$$FU$AAMP$AAVString@System@@XZ 7c4c1570 f i   mstartup.obj
 0001:00000614       ?__global_initialization_required@@$$FYA_NXZ 7c4c1614 f     mstartup.obj
 0001:00000694       ??0ModuleLoadExceptionHandlerException@<CrtImplementationDetails>@@$$FQ$AAM@P$AAVString@System@@P$AAVException@3@1@Z 7c4c1694 f i   mstartup.obj
 0001:000006b0       ?ModuleConstructorCleanup@<CrtImplementationDetails>@@$$FYMXP$AAVException@System@@@Z 7c4c16b0 f     mstartup.obj
 0001:00000740       ?.cctor@@$$FYMXXZ          7c4c1740 f     mstartup.obj
 0001:0000096c       ??0exception@std@@$$FQAM@ABV01@@Z 7c4c196c f i   mstdexpt.obj
 0001:000009ce       ??0exception@std@@QAM@ABV01@@Z 7c4c19ce f i   mstdexpt.obj
 0001:000009d4       ??1exception@std@@$$FUAM@XZ 7c4c19d4 f i   mstdexpt.obj
 0001:000009fa       ??1exception@std@@UAM@XZ   7c4c19fa f i   mstdexpt.obj
 0001:00000a00       ?what@exception@std@@$$FUBMPBDXZ 7c4c1a00 f i   mstdexpt.obj
 0001:00000a1c       ??_Eexception@std@@$$FUAMPAXI@Z 7c4c1a1c f i   mstdexpt.obj
 0001:00000a60       ??0bad_cast@std@@$$FQAM@ABV01@@Z 7c4c1a60 f i   mstdexpt.obj
 0001:00000aac       ??0bad_cast@std@@QAM@ABV01@@Z 7c4c1aac f i   mstdexpt.obj
 0001:00000ab4       ??1bad_cast@std@@$$FUAM@XZ 7c4c1ab4 f i   mstdexpt.obj
 0001:00000ad8       ??1bad_cast@std@@UAM@XZ    7c4c1ad8 f i   mstdexpt.obj
 0001:00000ae0       ??_Ebad_cast@std@@$$FUAMPAXI@Z 7c4c1ae0 f i   mstdexpt.obj
 0001:00000b24       ?_threadstart@?A0x62a4cf5b@@$$FYGKPAX@Z 7c4c1b24 f     thread.obj
 0001:00000bd0       ?_threadstart@?A0x62a4cf5b@@YGKPAX@Z 7c4c1bd0 f     thread.obj
 0001:00000bd8       ?_beginthread@@$$FYAIP6MXPAX@ZI0@Z 7c4c1bd8 f     thread.obj
 0001:00000c69       ?_beginthread@@YAIP6MXPAX@ZI0@Z 7c4c1c69 f     thread.obj
 0001:00000c70       ?_threadstartex@?A0x86acd352@@$$FYGKPAX@Z 7c4c1c70 f     threadex.obj
 0001:00000d1c       ?_threadstartex@?A0x86acd352@@YGKPAX@Z 7c4c1d1c f     threadex.obj
 0001:00000d24       ?_beginthreadex@@$$FYAIPAXIP6MI0@Z0IPAI@Z 7c4c1d24 f     threadex.obj
 0001:00000dae       ?_beginthreadex@@YAIPAXIP6MI0@Z0IPAI@Z 7c4c1dae f     threadex.obj
 0001:00000db4       ??1_Lockit@std@@$$FQAM@XZ  7c4c1db4 f i   iomanip.obj
 0001:00000dc7       ??1_Lockit@std@@QAM@XZ     7c4c1dc7 f i   iomanip.obj
 0001:00000dd0       ??1_Mutex@std@@$$FQAM@XZ   7c4c1dd0 f i   iomanip.obj
 0001:00000de3       ??1_Mutex@std@@QAM@XZ      7c4c1de3 f i   iomanip.obj
 0001:00000dec       ??1bad_alloc@std@@$$FUAM@XZ 7c4c1dec f i   iomanip.obj
 0001:00000e10       ??1bad_alloc@std@@UAM@XZ   7c4c1e10 f i   iomanip.obj
 0001:00000e18       ??_Ebad_alloc@std@@$$FUAMPAXI@Z 7c4c1e18 f i   iomanip.obj
 0001:00000e5c       ?_Incref@facet@locale@std@@$$FQAMXXZ 7c4c1e5c f i   iomanip.obj
 0001:00000eb8       ?_Decref@facet@locale@std@@$$FQAMPAV123@XZ 7c4c1eb8 f i   iomanip.obj
 0001:00000f20       ??1facet@locale@std@@$$FUAM@XZ 7c4c1f20 f i   iomanip.obj
 0001:00000f37       ??1facet@locale@std@@UAM@XZ 7c4c1f37 f i   iomanip.obj
 0001:00000f40       ??1locale@std@@$$FQAM@XZ   7c4c1f40 f i   iomanip.obj
 0001:00000f68       ??1locale@std@@QAM@XZ      7c4c1f68 f i   iomanip.obj
 0001:00000f70       ??_Efacet@locale@std@@$$FUAMPAXI@Z 7c4c1f70 f i   iomanip.obj
 0001:00000fb8       ??1codecvt_base@std@@$$FUAM@XZ 7c4c1fb8 f i   iomanip.obj
 0001:00000fe0       ??1codecvt_base@std@@UAM@XZ 7c4c1fe0 f i   iomanip.obj
 0001:00000fe8       ?do_max_length@codecvt_base@std@@$$FMBMHXZ 7c4c1fe8 f i   iomanip.obj
 0001:00000fe8       ?do_always_noconv@codecvt_base@std@@$$FMBM_NXZ 7c4c1fe8 f i   iomanip.obj
 0001:00000fe8       ?do_encoding@codecvt_base@std@@$$FMBMHXZ 7c4c1fe8 f i   iomanip.obj
 0001:00000ff8       ??_Ecodecvt_base@std@@$$FUAMPAXI@Z 7c4c1ff8 f i   iomanip.obj
 0001:00001050       ??1?$codecvt@_WDH@std@@$$FMAM@XZ 7c4c2050 f i   iomanip.obj
 0001:00001080       ??1?$codecvt@_WDH@std@@MAM@XZ 7c4c2080 f i   iomanip.obj
 0001:00001088       ?do_in@?$codecvt@GDH@std@@$$FMBMHAAHPBD1AAPBDPAG3AAPAG@Z 7c4c2088 f i   iomanip.obj
 0001:00001088       ?do_in@?$codecvt@_WDH@std@@$$FMBMHAAHPBD1AAPBDPA_W3AAPA_W@Z 7c4c2088 f i   iomanip.obj
 0001:00001110       ?do_unshift@?$codecvt@_WDH@std@@$$FMBMHAAHPAD1AAPAD@Z 7c4c2110 f i   iomanip.obj
 0001:00001110       ?do_unshift@?$codecvt@GDH@std@@$$FMBMHAAHPAD1AAPAD@Z 7c4c2110 f i   iomanip.obj
 0001:0000116c       ?do_length@?$codecvt@_WDH@std@@$$FMBMHABHPBD1I@Z 7c4c216c f i   iomanip.obj
 0001:000011d0       ?do_max_length@?$codecvt@GDH@std@@$$FMBMHXZ 7c4c21d0 f i   iomanip.obj
 0001:000011d0       ?do_max_length@?$codecvt@_WDH@std@@$$FMBMHXZ 7c4c21d0 f i   iomanip.obj
 0001:000011e0       ??1?$codecvt@GDH@std@@$$FMAM@XZ 7c4c21e0 f i   iomanip.obj
 0001:00001210       ??1?$codecvt@GDH@std@@MAM@XZ 7c4c2210 f i   iomanip.obj
 0001:00001218       ?do_out@?$codecvt@GDH@std@@$$FMBMHAAHPBG1AAPBGPAD3AAPAD@Z 7c4c2218 f i   iomanip.obj
 0001:00001218       ?do_out@?$codecvt@_WDH@std@@$$FMBMHAAHPB_W1AAPB_WPAD3AAPAD@Z 7c4c2218 f i   iomanip.obj
 0001:000012dc       ?do_length@?$codecvt@GDH@std@@$$FMBMHABHPBD1I@Z 7c4c22dc f i   iomanip.obj
 0001:00001340       ??_E?$codecvt@_WDH@std@@$$FMAMPAXI@Z 7c4c2340 f i   iomanip.obj
 0001:00001384       ??_E?$codecvt@GDH@std@@$$FMAMPAXI@Z 7c4c2384 f i   iomanip.obj
 0001:000013c8       ??1ctype_base@std@@$$FUAM@XZ 7c4c23c8 f i   iomanip.obj
 0001:000013f0       ??1ctype_base@std@@UAM@XZ  7c4c23f0 f i   iomanip.obj
 0001:000013f8       ??_Ectype_base@std@@$$FUAMPAXI@Z 7c4c23f8 f i   iomanip.obj
 0001:00001450       ?_Tidy@?$ctype@D@std@@$$FIAMXXZ 7c4c2450 f i   iomanip.obj
 0001:00001484       ?do_tolower@?$ctype@D@std@@$$FMBMDD@Z 7c4c2484 f i   iomanip.obj
 0001:0000149c       ?do_tolower@?$ctype@D@std@@$$FMBMPBDPADPBD@Z 7c4c249c f i   iomanip.obj
 0001:000014c8       ?do_toupper@?$ctype@D@std@@$$FMBMDD@Z 7c4c24c8 f i   iomanip.obj
 0001:000014e0       ?do_toupper@?$ctype@D@std@@$$FMBMPBDPADPBD@Z 7c4c24e0 f i   iomanip.obj
 0001:0000150c       ?do_widen@?$ctype@D@std@@$$FMBMDD@Z 7c4c250c f i   iomanip.obj
 0001:0000151c       ?do_widen@?$ctype@D@std@@$$FMBMPBDPBD0PAD@Z 7c4c251c f i   iomanip.obj
 0001:0000153c       ?_Do_widen_s@?$ctype@D@std@@$$FMBMPBDPBD0PADI@Z 7c4c253c f i   iomanip.obj
 0001:00001568       ?do_narrow@?$ctype@D@std@@$$FMBMDDD@Z 7c4c2568 f i   iomanip.obj
 0001:00001578       ?do_narrow@?$ctype@D@std@@$$FMBMPBDPBD0DPAD@Z 7c4c2578 f i   iomanip.obj
 0001:0000159c       ?_Do_narrow_s@?$ctype@D@std@@$$FMBMPBDPBD0DPADI@Z 7c4c259c f i   iomanip.obj
 0001:000015cc       ?is@?$ctype@_W@std@@$$FQBM_NF_W@Z 7c4c25cc f i   iomanip.obj
 0001:000015e8       ??1?$ctype@_W@std@@$$FMAM@XZ 7c4c25e8 f i   iomanip.obj
 0001:00001650       ??1?$ctype@_W@std@@MAM@XZ  7c4c2650 f i   iomanip.obj
 0001:00001658       ?do_is@?$ctype@_W@std@@$$FMBM_NF_W@Z 7c4c2658 f i   iomanip.obj
 0001:00001658       ?do_is@?$ctype@G@std@@$$FMBM_NFG@Z 7c4c2658 f i   iomanip.obj
 0001:0000167c       ?do_scan_is@?$ctype@_W@std@@$$FMBMPB_WFPB_W0@Z 7c4c267c f i   iomanip.obj
 0001:000016ac       ?do_scan_not@?$ctype@_W@std@@$$FMBMPB_WFPB_W0@Z 7c4c26ac f i   iomanip.obj
 0001:000016dc       ?do_tolower@?$ctype@G@std@@$$FMBMGG@Z 7c4c26dc f i   iomanip.obj
 0001:000016dc       ?do_tolower@?$ctype@_W@std@@$$FMBM_W_W@Z 7c4c26dc f i   iomanip.obj
 0001:000016f4       ?do_tolower@?$ctype@_W@std@@$$FMBMPB_WPA_WPB_W@Z 7c4c26f4 f i   iomanip.obj
 0001:00001720       ?do_toupper@?$ctype@_W@std@@$$FMBM_W_W@Z 7c4c2720 f i   iomanip.obj
 0001:00001720       ?do_toupper@?$ctype@G@std@@$$FMBMGG@Z 7c4c2720 f i   iomanip.obj
 0001:00001738       ?do_toupper@?$ctype@_W@std@@$$FMBMPB_WPA_WPB_W@Z 7c4c2738 f i   iomanip.obj
 0001:00001764       ?_Dowiden@?$ctype@_W@std@@$$FIBM_WD@Z 7c4c2764 f i   iomanip.obj
 0001:00001794       ?do_widen@?$ctype@_W@std@@$$FMBM_WD@Z 7c4c2794 f i   iomanip.obj
 0001:000017a8       ?do_widen@?$ctype@_W@std@@$$FMBMPBDPBD0PA_W@Z 7c4c27a8 f i   iomanip.obj
 0001:000017c8       ?_Do_widen_s@?$ctype@_W@std@@$$FMBMPBDPBD0PA_WI@Z 7c4c27c8 f i   iomanip.obj
 0001:00001804       ?_Donarrow@?$ctype@_W@std@@$$FIBMD_WD@Z 7c4c2804 f i   iomanip.obj
 0001:00001804       ?_Donarrow@?$ctype@G@std@@$$FIBMDGD@Z 7c4c2804 f i   iomanip.obj
 0001:00001830       ?do_narrow@?$ctype@_W@std@@$$FMBMD_WD@Z 7c4c2830 f i   iomanip.obj
 0001:00001848       ?do_narrow@?$ctype@_W@std@@$$FMBMPB_WPB_W0DPAD@Z 7c4c2848 f i   iomanip.obj
 0001:0000186c       ?_Do_narrow_s@?$ctype@_W@std@@$$FMBMPB_WPB_W0DPADI@Z 7c4c286c f i   iomanip.obj
 0001:000018ac       ?is@?$ctype@G@std@@$$FQBM_NFG@Z 7c4c28ac f i   iomanip.obj
 0001:000018c8       ??1?$ctype@G@std@@$$FMAM@XZ 7c4c28c8 f i   iomanip.obj
 0001:00001930       ??1?$ctype@G@std@@MAM@XZ   7c4c2930 f i   iomanip.obj
 0001:00001938       ?do_is@?$ctype@G@std@@$$FMBMPBGPBG0PAF@Z 7c4c2938 f i   iomanip.obj
 0001:00001938       ?do_is@?$ctype@_W@std@@$$FMBMPB_WPB_W0PAF@Z 7c4c2938 f i   iomanip.obj
 0001:00001950       ?do_scan_is@?$ctype@G@std@@$$FMBMPBGFPBG0@Z 7c4c2950 f i   iomanip.obj
 0001:00001980       ?do_scan_not@?$ctype@G@std@@$$FMBMPBGFPBG0@Z 7c4c2980 f i   iomanip.obj
 0001:000019b0       ?do_tolower@?$ctype@G@std@@$$FMBMPBGPAGPBG@Z 7c4c29b0 f i   iomanip.obj
 0001:000019dc       ?do_toupper@?$ctype@G@std@@$$FMBMPBGPAGPBG@Z 7c4c29dc f i   iomanip.obj
 0001:00001a08       ?_Dowiden@?$ctype@G@std@@$$FIBMGD@Z 7c4c2a08 f i   iomanip.obj
 0001:00001a38       ?do_widen@?$ctype@G@std@@$$FMBMGD@Z 7c4c2a38 f i   iomanip.obj
 0001:00001a4c       ?do_widen@?$ctype@G@std@@$$FMBMPBDPBD0PAG@Z 7c4c2a4c f i   iomanip.obj
 0001:00001a6c       ?_Do_widen_s@?$ctype@G@std@@$$FMBMPBDPBD0PAGI@Z 7c4c2a6c f i   iomanip.obj
 0001:00001aa8       ?do_narrow@?$ctype@G@std@@$$FMBMDGD@Z 7c4c2aa8 f i   iomanip.obj
 0001:00001ac0       ?do_narrow@?$ctype@G@std@@$$FMBMPBGPBG0DPAD@Z 7c4c2ac0 f i   iomanip.obj
 0001:00001ae4       ?_Do_narrow_s@?$ctype@G@std@@$$FMBMPBGPBG0DPADI@Z 7c4c2ae4 f i   iomanip.obj
 0001:00001b24       ??_E?$ctype@_W@std@@$$FMAMPAXI@Z 7c4c2b24 f i   iomanip.obj
 0001:00001b68       ??_E?$ctype@G@std@@$$FMAMPAXI@Z 7c4c2b68 f i   iomanip.obj
 0001:00001bac       ?setf@ios_base@std@@$$FQAMHHH@Z 7c4c2bac f i   iomanip.obj
 0001:00001bd3       ?setf@ios_base@std@@QAMHHH@Z 7c4c2bd3 f i   iomanip.obj
 0001:00001bd9       ?precision@ios_base@std@@QAMHH@Z 7c4c2bd9 f i   iomanip.obj
 0001:00001bea       ?width@ios_base@std@@QAMHH@Z 7c4c2bea f i   iomanip.obj
 0001:00001bfc       ??1ios_base@std@@$$FUAM@XZ 7c4c2bfc f i   iomanip.obj
 0001:00001c19       ??1ios_base@std@@UAM@XZ    7c4c2c19 f i   iomanip.obj
 0001:00001c20       ??_Eios_base@std@@$$FUAMPAXI@Z 7c4c2c20 f i   iomanip.obj
 0001:00001c6e       ?rsfun@?A0xb1b8d0e3@std@@YAXAAVios_base@2@H@Z 7c4c2c6e f     iomanip.obj
 0001:00001c7e       ?sifun@?A0xb1b8d0e3@std@@YAXAAVios_base@2@H@Z 7c4c2c7e f     iomanip.obj
 0001:00001c94       ?sbfun@?A0xb1b8d0e3@std@@$$FYAXAAVios_base@2@H@Z 7c4c2c94 f     iomanip.obj
 0001:00001ceb       ?sbfun@?A0xb1b8d0e3@std@@YAXAAVios_base@2@H@Z 7c4c2ceb f     iomanip.obj
 0001:00001cf1       ?spfun@?A0xb1b8d0e3@std@@YAXAAVios_base@2@H@Z 7c4c2cf1 f     iomanip.obj
 0001:00001cff       ?swfun@?A0xb1b8d0e3@std@@YAXAAVios_base@2@H@Z 7c4c2cff f     iomanip.obj
 0001:00001d10       ?size@?$basic_string@_WU?$char_traits@_W@std@@V?$allocator@_W@2@@std@@$$FQBMIXZ 7c4c2d10 f i   wlocale.obj
 0001:00001d10       ?size@?$basic_string@DU?$char_traits@D@std@@V?$allocator@D@2@@std@@$$FQBMIXZ 7c4c2d10 f i   iomanip.obj
 0001:00001d10       ?size@?$basic_string@GU?$char_traits@G@std@@V?$allocator@G@2@@std@@$$FQBMIXZ 7c4c2d10 f i   wlocale.obj
 0001:00001d24       ??1?$basic_ios@DU?$char_traits@D@std@@@std@@$$FUAM@XZ 7c4c2d24 f i   iomanip.obj
 0001:00001d50       ??1?$basic_ios@DU?$char_traits@D@std@@@std@@UAM@XZ 7c4c2d50 f i   iomanip.obj
 0001:00001d58       ??1?$basic_ios@_WU?$char_traits@_W@std@@@std@@$$FUAM@XZ 7c4c2d58 f i   iomanip.obj
 0001:00001d84       ??1?$basic_ios@_WU?$char_traits@_W@std@@@std@@UAM@XZ 7c4c2d84 f i   iomanip.obj
 0001:00001d8c       ??1?$basic_ios@GU?$char_traits@G@std@@@std@@$$FUAM@XZ 7c4c2d8c f i   iomanip.obj
 0001:00001db8       ??1?$basic_ios@GU?$char_traits@G@std@@@std@@UAM@XZ 7c4c2db8 f i   iomanip.obj
 0001:00001dc0       ?pbackfail@?$basic_streambuf@DU?$char_traits@D@std@@@std@@$$FMAMHH@Z 7c4c2dc0 f i   iomanip.obj
 0001:00001dc0       ?overflow@?$basic_streambuf@DU?$char_traits@D@std@@@std@@$$FMAMHH@Z 7c4c2dc0 f i   iomanip.obj
 0001:00001dd0       ?underflow@?$basic_streambuf@DU?$char_traits@D@std@@@std@@$$FMAMHXZ 7c4c2dd0 f i   iomanip.obj
 0001:00001de0       ?xsgetn@?$basic_streambuf@DU?$char_traits@D@std@@@std@@$$FMAMHPADH@Z 7c4c2de0 f i   iomanip.obj
 0001:00001dfc       ?do_close@?$messages@D@std@@$$FMBMXH@Z 7c4c2dfc f i   xlocale.obj
 0001:00001dfc       ?imbue@?$basic_streambuf@DU?$char_traits@D@std@@@std@@$$FMAMXABVlocale@2@@Z 7c4c2dfc f i   iomanip.obj
 0001:00001dfc       ??3@$$FYMXPAX0@Z           7c4c2dfc f i   locale0.obj
 0001:00001dfc       ?do_close@?$messages@_W@std@@$$FMBMXH@Z 7c4c2dfc f i   wlocale.obj
 0001:00001dfc       ?do_close@?$messages@G@std@@$$FMBMXH@Z 7c4c2dfc f i   wlocale.obj
 0001:00001dfc       ?imbue@?$basic_streambuf@GU?$char_traits@G@std@@@std@@$$FMAMXABVlocale@2@@Z 7c4c2dfc f i   iomanip.obj
 0001:00001dfc       ?imbue@?$basic_streambuf@_WU?$char_traits@_W@std@@@std@@$$FMAMXABVlocale@2@@Z 7c4c2dfc f i   iomanip.obj
 0001:00001e0c       ?pbackfail@?$basic_streambuf@GU?$char_traits@G@std@@@std@@$$FMAMGG@Z 7c4c2e0c f i   iomanip.obj
 0001:00001e0c       ?overflow@?$basic_streambuf@GU?$char_traits@G@std@@@std@@$$FMAMGG@Z 7c4c2e0c f i   iomanip.obj
 0001:00001e0c       ?pbackfail@?$basic_streambuf@_WU?$char_traits@_W@std@@@std@@$$FMAMGG@Z 7c4c2e0c f i   iomanip.obj
 0001:00001e0c       ?overflow@?$basic_streambuf@_WU?$char_traits@_W@std@@@std@@$$FMAMGG@Z 7c4c2e0c f i   iomanip.obj
 0001:00001e20       ?underflow@?$basic_streambuf@_WU?$char_traits@_W@std@@@std@@$$FMAMGXZ 7c4c2e20 f i   iomanip.obj
 0001:00001e20       ?underflow@?$basic_streambuf@GU?$char_traits@G@std@@@std@@$$FMAMGXZ 7c4c2e20 f i   iomanip.obj
 0001:00001e34       ?xsgetn@?$basic_streambuf@_WU?$char_traits@_W@std@@@std@@$$FMAMHPA_WH@Z 7c4c2e34 f i   iomanip.obj
 0001:00001e50       ?do_encoding@?$codecvt@_WDH@std@@$$FMBMHXZ 7c4c2e50 f i   iomanip.obj
 0001:00001e50       ?showmanyc@?$basic_streambuf@DU?$char_traits@D@std@@@std@@$$FMAMHXZ 7c4c2e50 f i   iomanip.obj
 0001:00001e50       ?do_encoding@?$codecvt@GDH@std@@$$FMBMHXZ 7c4c2e50 f i   iomanip.obj
 0001:00001e50       ?sync@?$basic_streambuf@_WU?$char_traits@_W@std@@@std@@$$FMAMHXZ 7c4c2e50 f i   iomanip.obj
 0001:00001e50       ?showmanyc@?$basic_streambuf@_WU?$char_traits@_W@std@@@std@@$$FMAMHXZ 7c4c2e50 f i   iomanip.obj
 0001:00001e50       ?sync@?$basic_streambuf@DU?$char_traits@D@std@@@std@@$$FMAMHXZ 7c4c2e50 f i   iomanip.obj
 0001:00001e50       ?do_always_noconv@?$codecvt@GDH@std@@$$FMBM_NXZ 7c4c2e50 f i   iomanip.obj
 0001:00001e50       ?do_always_noconv@?$codecvt@_WDH@std@@$$FMBM_NXZ 7c4c2e50 f i   iomanip.obj
 0001:00001e50       ?showmanyc@?$basic_streambuf@GU?$char_traits@G@std@@@std@@$$FMAMHXZ 7c4c2e50 f i   iomanip.obj
 0001:00001e50       ?sync@?$basic_streambuf@GU?$char_traits@G@std@@@std@@$$FMAMHXZ 7c4c2e50 f i   iomanip.obj
 0001:00001e60       ?xsgetn@?$basic_streambuf@GU?$char_traits@G@std@@@std@@$$FMAMHPAGH@Z 7c4c2e60 f i   iomanip.obj
 0001:00001e7c       ?setbuf@?$basic_streambuf@GU?$char_traits@G@std@@@std@@$$FMAMPAV12@PAGH@Z 7c4c2e7c f i   iomanip.obj
 0001:00001e7c       ?setbuf@?$basic_streambuf@DU?$char_traits@D@std@@@std@@$$FMAMPAV12@PADH@Z 7c4c2e7c f i   iomanip.obj
 0001:00001e7c       ??$_Maklocchr@D@std@@$$FYMDDPADABU_Cvtvec@@@Z 7c4c2e7c f i   locale.obj
 0001:00001e7c       ?setbuf@?$basic_streambuf@_WU?$char_traits@_W@std@@@std@@$$FMAMPAV12@PA_WH@Z 7c4c2e7c f i   iomanip.obj
 0001:00001e8a       ??0?$_Smanip@H@std@@QAE@P6AXAAVios_base@1@H@ZH@Z 7c4c2e8a f i   iomanip.obj
 0001:00001e9c       ??_E?$basic_ios@DU?$char_traits@D@std@@@std@@$$FUAMPAXI@Z 7c4c2e9c f i   iomanip.obj
 0001:00001ee0       ??_E?$basic_ios@_WU?$char_traits@_W@std@@@std@@$$FUAMPAXI@Z 7c4c2ee0 f i   iomanip.obj
 0001:00001f24       ??_E?$basic_ios@GU?$char_traits@G@std@@@std@@$$FUAMPAXI@Z 7c4c2f24 f i   iomanip.obj
 0001:00001f68       ??_D?$basic_ostream@DU?$char_traits@D@std@@@std@@$$FQAEXXZ 7c4c2f68 f i   iomanip.obj
 0001:00001f96       ??_D?$basic_ostream@DU?$char_traits@D@std@@@std@@QAEXXZ 7c4c2f96 f i   iomanip.obj
 0001:00001f9c       ??_D?$basic_ostream@_WU?$char_traits@_W@std@@@std@@$$FQAEXXZ 7c4c2f9c f i   iomanip.obj
 0001:00001fca       ??_D?$basic_ostream@_WU?$char_traits@_W@std@@@std@@QAEXXZ 7c4c2fca f i   iomanip.obj
 0001:00001fd0       ??_D?$basic_ostream@GU?$char_traits@G@std@@@std@@$$FQAEXXZ 7c4c2fd0 f i   iomanip.obj
 0001:00001ffe       ??_D?$basic_ostream@GU?$char_traits@G@std@@@std@@QAEXXZ 7c4c2ffe f i   iomanip.obj
 0001:00002004       ??_D?$basic_istream@DU?$char_traits@D@std@@@std@@$$FQAEXXZ 7c4c3004 f i   iomanip.obj
 0001:00002032       ??_D?$basic_istream@DU?$char_traits@D@std@@@std@@QAEXXZ 7c4c3032 f i   iomanip.obj
 0001:00002038       ??_D?$basic_istream@_WU?$char_traits@_W@std@@@std@@$$FQAEXXZ 7c4c3038 f i   iomanip.obj
 0001:00002066       ??_D?$basic_istream@_WU?$char_traits@_W@std@@@std@@QAEXXZ 7c4c3066 f i   iomanip.obj
 0001:0000206c       ??_D?$basic_istream@GU?$char_traits@G@std@@@std@@$$FQAEXXZ 7c4c306c f i   iomanip.obj
 0001:0000209a       ??_D?$basic_istream@GU?$char_traits@G@std@@@std@@QAEXXZ 7c4c309a f i   iomanip.obj
 0001:000020a0       ?_Myptr@?$basic_string@DU?$char_traits@D@std@@V?$allocator@D@2@@std@@$$FIBMPBDXZ 7c4c30a0 f i   iomanip.obj
 0001:000020a0       ?_Myptr@?$basic_string@DU?$char_traits@D@std@@V?$allocator@D@2@@std@@$$FIAMPADXZ 7c4c30a0 f i   iomanip.obj
 0001:000020c0       ?_Gninc@?$basic_streambuf@DU?$char_traits@D@std@@@std@@$$FIAEPADXZ 7c4c30c0 f i   iomanip.obj
 0001:000020e8       ?_Pnavail@?$basic_streambuf@GU?$char_traits@G@std@@@std@@$$FIBEHXZ 7c4c30e8 f i   iomanip.obj
 0001:000020e8       ?_Pnavail@?$basic_streambuf@DU?$char_traits@D@std@@@std@@$$FIBEHXZ 7c4c30e8 f i   iomanip.obj
 0001:000020e8       ?_Pnavail@?$basic_streambuf@_WU?$char_traits@_W@std@@@std@@$$FIBEHXZ 7c4c30e8 f i   iomanip.obj
 0001:00002108       ?_Gninc@?$basic_streambuf@_WU?$char_traits@_W@std@@@std@@$$FIAEPA_WXZ 7c4c3108 f i   iomanip.obj
 0001:00002108       ?_Gninc@?$basic_streambuf@GU?$char_traits@G@std@@@std@@$$FIAEPAGXZ 7c4c3108 f i   iomanip.obj
 0001:00002130       ?_Gnavail@?$basic_streambuf@_WU?$char_traits@_W@std@@@std@@$$FIBEHXZ 7c4c3130 f i   iomanip.obj
 0001:00002130       ?_Gnavail@?$basic_streambuf@DU?$char_traits@D@std@@@std@@$$FIBEHXZ 7c4c3130 f i   iomanip.obj
 0001:00002130       ?_Gnavail@?$basic_streambuf@GU?$char_traits@G@std@@@std@@$$FIBEHXZ 7c4c3130 f i   iomanip.obj
 0001:00002150       ??1?$ctype@D@std@@$$FMAM@XZ 7c4c3150 f i   iomanip.obj
 0001:000021ac       ??1?$ctype@D@std@@MAM@XZ   7c4c31ac f i   iomanip.obj
 0001:000021b4       ??_E?$ctype@D@std@@$$FMAMPAXI@Z 7c4c31b4 f i   iomanip.obj
 0001:000021f8       ?resetiosflags@std@@YA?AU?$_Smanip@H@1@H@Z 7c4c31f8 f     iomanip.obj
 0001:0000220f       ?setiosflags@std@@YA?AU?$_Smanip@H@1@H@Z 7c4c320f f     iomanip.obj
 0001:00002226       ?setbase@std@@YA?AU?$_Smanip@H@1@H@Z 7c4c3226 f     iomanip.obj
 0001:0000223d       ?setprecision@std@@YA?AU?$_Smanip@H@1@H@Z 7c4c323d f     iomanip.obj
 0001:00002254       ?setw@std@@YA?AU?$_Smanip@H@1@H@Z 7c4c3254 f     iomanip.obj
 0001:0000226c       ?c_str@?$basic_string@DU?$char_traits@D@std@@V?$allocator@D@2@@std@@$$FQBMPBDXZ 7c4c326c f i   iomanip.obj
 0001:00002280       ??1?$basic_streambuf@DU?$char_traits@D@std@@@std@@$$FUAM@XZ 7c4c3280 f i   iomanip.obj
 0001:000022e4       ??1?$basic_streambuf@DU?$char_traits@D@std@@@std@@UAM@XZ 7c4c32e4 f i   iomanip.obj
 0001:000022ec       ?uflow@?$basic_streambuf@DU?$char_traits@D@std@@@std@@$$FMAMHXZ 7c4c32ec f i   iomanip.obj
 0001:00002318       ?seekpos@?$basic_streambuf@GU?$char_traits@G@std@@@std@@$$FMAM?AV?$fpos@H@2@V32@H@Z 7c4c3318 f i   iomanip.obj
 0001:00002318       ?seekpos@?$basic_streambuf@_WU?$char_traits@_W@std@@@std@@$$FMAM?AV?$fpos@H@2@V32@H@Z 7c4c3318 f i   iomanip.obj
 0001:00002318       ?seekpos@?$basic_streambuf@DU?$char_traits@D@std@@@std@@$$FMAM?AV?$fpos@H@2@V32@H@Z 7c4c3318 f i   iomanip.obj
 0001:00002340       ??1?$basic_streambuf@_WU?$char_traits@_W@std@@@std@@$$FUAM@XZ 7c4c3340 f i   iomanip.obj
 0001:000023a4       ??1?$basic_streambuf@_WU?$char_traits@_W@std@@@std@@UAM@XZ 7c4c33a4 f i   iomanip.obj
 0001:000023ac       ?uflow@?$basic_streambuf@_WU?$char_traits@_W@std@@@std@@$$FMAMGXZ 7c4c33ac f i   iomanip.obj
 0001:000023e0       ?seekoff@?$basic_streambuf@GU?$char_traits@G@std@@@std@@$$FMAM?AV?$fpos@H@2@JHH@Z 7c4c33e0 f i   iomanip.obj
 0001:000023e0       ?seekoff@?$basic_streambuf@_WU?$char_traits@_W@std@@@std@@$$FMAM?AV?$fpos@H@2@JHH@Z 7c4c33e0 f i   iomanip.obj
 0001:000023e0       ?seekoff@?$basic_streambuf@DU?$char_traits@D@std@@@std@@$$FMAM?AV?$fpos@H@2@JHH@Z 7c4c33e0 f i   iomanip.obj
 0001:00002408       ??1?$basic_streambuf@GU?$char_traits@G@std@@@std@@$$FUAM@XZ 7c4c3408 f i   iomanip.obj
 0001:0000246c       ??1?$basic_streambuf@GU?$char_traits@G@std@@@std@@UAM@XZ 7c4c346c f i   iomanip.obj
 0001:00002474       ?uflow@?$basic_streambuf@GU?$char_traits@G@std@@@std@@$$FMAMGXZ 7c4c3474 f i   iomanip.obj
 0001:000024a8       ??_E?$basic_ostream@DU?$char_traits@D@std@@@std@@$$FUAMPAXI@Z 7c4c34a8 f i   iomanip.obj
 0001:000024f4       ??_E?$basic_ostream@_WU?$char_traits@_W@std@@@std@@$$FUAMPAXI@Z 7c4c34f4 f i   iomanip.obj
 0001:00002540       ??_E?$basic_ostream@GU?$char_traits@G@std@@@std@@$$FUAMPAXI@Z 7c4c3540 f i   iomanip.obj
 0001:0000258c       ??_E?$basic_istream@DU?$char_traits@D@std@@@std@@$$FUAMPAXI@Z 7c4c358c f i   iomanip.obj
 0001:000025d8       ??_E?$basic_streambuf@DU?$char_traits@D@std@@@std@@$$FUAMPAXI@Z 7c4c35d8 f i   iomanip.obj
 0001:0000261c       ??_E?$basic_istream@_WU?$char_traits@_W@std@@@std@@$$FUAMPAXI@Z 7c4c361c f i   iomanip.obj
 0001:00002668       ??_E?$basic_streambuf@_WU?$char_traits@_W@std@@@std@@$$FUAMPAXI@Z 7c4c3668 f i   iomanip.obj
 0001:000026ac       ??_E?$basic_istream@GU?$char_traits@G@std@@@std@@$$FUAMPAXI@Z 7c4c36ac f i   iomanip.obj
 0001:000026f8       ??_E?$basic_streambuf@GU?$char_traits@G@std@@@std@@$$FUAMPAXI@Z 7c4c36f8 f i   iomanip.obj
 0001:0000273c       ??$copy_s@U?$char_traits@D@std@@@_Traits_helper@std@@$$FYAPADPADIPBDI@Z 7c4c373c f i   iomanip.obj
 0001:00002754       ??$copy_s@U?$char_traits@_W@std@@@_Traits_helper@std@@$$FYAPA_WPA_WIPB_WI@Z 7c4c3754 f i   iomanip.obj
 0001:00002754       ??$copy_s@U?$char_traits@G@std@@@_Traits_helper@std@@$$FYAPAGPAGIPBGI@Z 7c4c3754 f i   iomanip.obj
 0001:00002770       ??$move_s@U?$char_traits@D@std@@@_Traits_helper@std@@$$FYAPADPADIPBDI@Z 7c4c3770 f i   iomanip.obj
 0001:00002788       ?what@logic_error@std@@$$FUBMPBDXZ 7c4c3788 f i   iomanip.obj
 0001:00002788       ?what@runtime_error@std@@$$FUBMPBDXZ 7c4c3788 f i   iomanip.obj
 0001:000027a0       ?_Xsgetn_s@?$basic_streambuf@DU?$char_traits@D@std@@@std@@$$FMAMHPADIH@Z 7c4c37a0 f i   iomanip.obj
 0001:00002824       ?xsputn@?$basic_streambuf@DU?$char_traits@D@std@@@std@@$$FMAMHPBDH@Z 7c4c3824 f i   iomanip.obj
 0001:000028a8       ?_Xsgetn_s@?$basic_streambuf@_WU?$char_traits@_W@std@@@std@@$$FMAMHPA_WIH@Z 7c4c38a8 f i   iomanip.obj
 0001:00002938       ?xsputn@?$basic_streambuf@_WU?$char_traits@_W@std@@@std@@$$FMAMHPB_WH@Z 7c4c3938 f i   iomanip.obj
 0001:000029c4       ?_Xsgetn_s@?$basic_streambuf@GU?$char_traits@G@std@@@std@@$$FMAMHPAGIH@Z 7c4c39c4 f i   iomanip.obj
 0001:00002a54       ?xsputn@?$basic_streambuf@GU?$char_traits@G@std@@@std@@$$FMAMHPBGH@Z 7c4c3a54 f i   iomanip.obj
 0001:00002ae0       ?_Tidy@?$basic_string@DU?$char_traits@D@std@@V?$allocator@D@2@@std@@$$FIAMX_NI@Z 7c4c3ae0 f i   iomanip.obj
 0001:00002b2c       ?erase@?$basic_string@DU?$char_traits@D@std@@V?$allocator@D@2@@std@@$$FQAMAAV12@II@Z 7c4c3b2c f i   iomanip.obj
 0001:00002b94       ?_Copy@?$basic_string@DU?$char_traits@D@std@@V?$allocator@D@2@@std@@$$FIAMXII@Z 7c4c3b94 f i   iomanip.obj
 0001:00002d7c       ??1?$basic_string@DU?$char_traits@D@std@@V?$allocator@D@2@@std@@$$FQAM@XZ 7c4c3d7c f i   iomanip.obj
 0001:00002d91       ??1?$basic_string@DU?$char_traits@D@std@@V?$allocator@D@2@@std@@QAM@XZ 7c4c3d91 f i   iomanip.obj
 0001:00002d98       ?_Grow@?$basic_string@DU?$char_traits@D@std@@V?$allocator@D@2@@std@@$$FIAM_NI_N@Z 7c4c3d98 f i   iomanip.obj
 0001:00002e00       ??1logic_error@std@@$$FUAM@XZ 7c4c3e00 f i   iomanip.obj
 0001:00002e54       ??1logic_error@std@@UAM@XZ 7c4c3e54 f i   iomanip.obj
 0001:00002e5c       ??_Elogic_error@std@@$$FUAMPAXI@Z 7c4c3e5c f i   iomanip.obj
 0001:00002ea0       ??1invalid_argument@std@@$$FUAM@XZ 7c4c3ea0 f i   iomanip.obj
 0001:00002ec4       ??1invalid_argument@std@@UAM@XZ 7c4c3ec4 f i   iomanip.obj
 0001:00002ecc       ??_Einvalid_argument@std@@$$FUAMPAXI@Z 7c4c3ecc f i   iomanip.obj
 0001:00002f10       ??1length_error@std@@$$FUAM@XZ 7c4c3f10 f i   iomanip.obj
 0001:00002f34       ??1length_error@std@@UAM@XZ 7c4c3f34 f i   iomanip.obj
 0001:00002f3c       ??_Elength_error@std@@$$FUAMPAXI@Z 7c4c3f3c f i   iomanip.obj
 0001:00002f80       ??1out_of_range@std@@$$FUAM@XZ 7c4c3f80 f i   iomanip.obj
 0001:00002fa4       ??1out_of_range@std@@UAM@XZ 7c4c3fa4 f i   iomanip.obj
 0001:00002fac       ??_Eout_of_range@std@@$$FUAMPAXI@Z 7c4c3fac f i   iomanip.obj
 0001:00002ff0       ??1runtime_error@std@@$$FUAM@XZ 7c4c3ff0 f i   iomanip.obj
 0001:00003044       ??1runtime_error@std@@UAM@XZ 7c4c4044 f i   iomanip.obj
 0001:0000304c       ??_Eruntime_error@std@@$$FUAMPAXI@Z 7c4c404c f i   iomanip.obj
 0001:00003090       ??1_Locimp@locale@std@@$$FMAM@XZ 7c4c4090 f i   iomanip.obj
 0001:00003118       ??1_Locimp@locale@std@@MAM@XZ 7c4c4118 f i   iomanip.obj
 0001:00003120       ??_E_Locimp@locale@std@@$$FMAMPAXI@Z 7c4c4120 f i   iomanip.obj
 0001:00003164       ??1failure@ios_base@std@@$$FUAM@XZ 7c4c4164 f i   iomanip.obj
 0001:00003188       ??1failure@ios_base@std@@UAM@XZ 7c4c4188 f i   iomanip.obj
 0001:00003190       ??_Efailure@ios_base@std@@$$FUAMPAXI@Z 7c4c4190 f i   iomanip.obj
 0001:000031d4       ?assign@?$basic_string@DU?$char_traits@D@std@@V?$allocator@D@2@@std@@$$FQAMAAV12@ABV12@II@Z 7c4c41d4 f i   iomanip.obj
 0001:0000324c       ??0?$basic_string@DU?$char_traits@D@std@@V?$allocator@D@2@@std@@$$FQAM@ABV01@@Z 7c4c424c f i   iomanip.obj
 0001:0000326c       ??0runtime_error@std@@$$FQAE@ABV01@@Z 7c4c426c f i   iomanip.obj
 0001:000032c4       ??0runtime_error@std@@QAE@ABV01@@Z 7c4c42c4 f i   iomanip.obj
 0001:000032cc       ??0logic_error@std@@$$FQAE@ABV01@@Z 7c4c42cc f i   iomanip.obj
 0001:00003324       ??0logic_error@std@@QAE@ABV01@@Z 7c4c4324 f i   iomanip.obj
 0001:0000332c       ??0failure@ios_base@std@@$$FQAE@ABV012@@Z 7c4c432c f i   iomanip.obj
 0001:00003378       ??0failure@ios_base@std@@QAE@ABV012@@Z 7c4c4378 f i   iomanip.obj
 0001:00003380       ??0out_of_range@std@@$$FQAE@ABV01@@Z 7c4c4380 f i   iomanip.obj
 0001:000033cc       ??0out_of_range@std@@QAE@ABV01@@Z 7c4c43cc f i   iomanip.obj
 0001:000033d4       ?_Callfns@ios_base@std@@$$FAAMXW4event@12@@Z 7c4c43d4 f i   ios.obj
 0001:00003400       ?_Tidy@ios_base@std@@$$FAAMXXZ 7c4c4400 f i   ios.obj
 0001:0000344e       ?_Fpz_func@std@@YAAA_JXZ   7c4c444e f     ios.obj
 0001:00003454       ?_BADOFF_func@std@@YAABJXZ 7c4c4454 f     ios.obj
 0001:0000345a       ?_Index_func@ios_base@std@@CAAAHXZ 7c4c445a f     ios.obj
 0001:00003460       ?_Sync_func@ios_base@std@@CAAA_NXZ 7c4c4460 f     ios.obj
 0001:00003468       ?_Addstd@ios_base@std@@$$FSAXPAV12@@Z 7c4c4468 f     ios.obj
 0001:000034f8       ?_Addstd@ios_base@std@@SAXPAV12@@Z 7c4c44f8 f     ios.obj
 0001:00003500       ?_Ios_base_dtor@ios_base@std@@$$FCAXPAV12@@Z 7c4c4500 f     ios.obj
 0001:0000354c       ?_Ios_base_dtor@ios_base@std@@CAXPAV12@@Z 7c4c454c f     ios.obj
 0001:00003552       ?_Init_cnt_func@Init@ios_base@std@@CAAAHXZ 7c4c4552 f     iostream.obj
 0001:00003558       ?_Init_ctor@Init@ios_base@std@@CAXPAV123@@Z 7c4c4558 f     iostream.obj
 0001:00003574       ?_Inside@?$basic_string@DU?$char_traits@D@std@@V?$allocator@D@2@@std@@$$FIAM_NPBD@Z 7c4c4574 f i   iostream.obj
 0001:0000359c       ?assign@?$basic_string@DU?$char_traits@D@std@@V?$allocator@D@2@@std@@$$FQAMAAV12@PBDI@Z 7c4c459c f i   iostream.obj
 0001:000035f4       ?assign@?$basic_string@DU?$char_traits@D@std@@V?$allocator@D@2@@std@@$$FQAMAAV12@PBD@Z 7c4c45f4 f i   iostream.obj
 0001:00003610       ??0runtime_error@std@@$$FQAM@ABV?$basic_string@DU?$char_traits@D@std@@V?$allocator@D@2@@1@@Z 7c4c4610 f i   iostream.obj
 0001:00003674       ??0failure@ios_base@std@@$$FQAM@ABV?$basic_string@DU?$char_traits@D@std@@V?$allocator@D@2@@2@@Z 7c4c4674 f i   iostream.obj
 0001:000036c0       ??0?$basic_string@DU?$char_traits@D@std@@V?$allocator@D@2@@std@@$$FQAM@PBD@Z 7c4c46c0 f i   iostream.obj
 0001:000036e0       ?clear@ios_base@std@@$$FQAMXH_N@Z 7c4c46e0 f i   iostream.obj
 0001:00003878       ?setstate@?$basic_ios@DU?$char_traits@D@std@@@std@@$$FQAMXH_N@Z 7c4c4878 f i   iostream.obj
 0001:00003898       ?flush@?$basic_ostream@DU?$char_traits@D@std@@@std@@$$FQAMAAV12@XZ 7c4c4898 f i   iostream.obj
 0001:000038e4       ?_Init_dtor@Init@ios_base@std@@$$FCAXPAV123@@Z 7c4c48e4 f     iostream.obj
 0001:0000393a       ?_Init_dtor@Init@ios_base@std@@CAXPAV123@@Z 7c4c493a f     iostream.obj
 0001:00003940       ?clear@?$basic_ios@DU?$char_traits@D@std@@@std@@$$FQAMXH_N@Z 7c4c4940 f i   iostream.obj
 0001:00003940       ?clear@?$basic_ios@_WU?$char_traits@_W@std@@@std@@$$FQAMXH_N@Z 7c4c4940 f i   wiostrea.obj
 0001:00003940       ?clear@?$basic_ios@GU?$char_traits@G@std@@@std@@$$FQAMXH_N@Z 7c4c4940 f i   ushiostr.obj
 0001:00003964       ?_Atexit@@$$FYAXP6AXXZ@Z   7c4c4964 f     iosptrs.obj
 0001:0000399a       ?_Atexit@@YAXP6AXXZ@Z      7c4c499a f     iosptrs.obj
 0001:000039a0       ??1_Init_atexit@@$$FQAM@XZ 7c4c49a0 f i   iosptrs.obj
 0001:000039f0       ??0exception@std@@$$FQAM@ABQBD@Z 7c4c49f0 f i   cerr.obj
 0001:00003a3c       ??0bad_cast@std@@$$FQAM@PBD@Z 7c4c4a3c f i   cerr.obj
 0001:00003a88       ??Bid@locale@std@@$$FQAMIXZ 7c4c4a88 f i   cerr.obj
 0001:00003af0       ??0locale@std@@$$FQAM@XZ   7c4c4af0 f i   cerr.obj
 0001:00003b10       ?_Getfacet@locale@std@@$$FQBMPBVfacet@12@I@Z 7c4c4b10 f i   cerr.obj
 0001:00003b5c       ?getloc@ios_base@std@@$$FQBM?AVlocale@2@XZ 7c4c4b5c f i   cerr.obj
 0001:00003bb4       ??$_Fgetc@D@std@@$$FYA_NAADPAU_iobuf@@@Z 7c4c4bb4 f i   cerr.obj
 0001:00003bd4       ??$_Fputc@D@std@@$$FYA_NDPAU_iobuf@@@Z 7c4c4bd4 f i   cerr.obj
 0001:00003bf0       ??$_Ungetc@D@std@@$$FYA_NABDPAU_iobuf@@@Z 7c4c4bf0 f i   cerr.obj
 0001:00003c10       ?_Cerr_func@std@@$$FYAAAV?$basic_ostream@DU?$char_traits@D@std@@@1@XZ 7c4c4c10 f     cerr.obj
 0001:00003c22       ?_Cerr_func@std@@YAAAV?$basic_ostream@DU?$char_traits@D@std@@@1@XZ 7c4c4c22 f     cerr.obj
 0001:00003c28       ?sync@?$basic_filebuf@DU?$char_traits@D@std@@@std@@$$FMAMHXZ 7c4c4c28 f i   cerr.obj
 0001:00003c64       ?_Pninc@?$basic_streambuf@DU?$char_traits@D@std@@@std@@$$FIAEPADXZ 7c4c4c64 f i   cerr.obj
 0001:00003c8c       ?out@?$codecvt@DDH@std@@$$FQBMHAAHPBD1AAPBDPAD3AAPAD@Z 7c4c4c8c f i   cerr.obj
 0001:00003cb0       ??1?$codecvt@DDH@std@@$$FMAM@XZ 7c4c4cb0 f i   cerr.obj
 0001:00003ce0       ??1?$codecvt@DDH@std@@MAM@XZ 7c4c4ce0 f i   cerr.obj
 0001:00003ce8       ?do_out@?$codecvt@DDH@std@@$$FMBMHAAHPBD1AAPBDPAD3AAPAD@Z 7c4c4ce8 f i   cerr.obj
 0001:00003ce8       ?do_in@?$codecvt@DDH@std@@$$FMBMHAAHPBD1AAPBDPAD3AAPAD@Z 7c4c4ce8 f i   cerr.obj
 0001:00003d00       ?do_unshift@?$codecvt@DDH@std@@$$FMBMHAAHPAD1AAPAD@Z 7c4c4d00 f i   cerr.obj
 0001:00003d14       ?do_length@?$codecvt@DDH@std@@$$FMBMHABHPBD1I@Z 7c4c4d14 f i   cerr.obj
 0001:00003d30       ??_E?$codecvt@DDH@std@@$$FMAMPAXI@Z 7c4c4d30 f i   cerr.obj
 0001:00003d74       ??0_Init_cerr@std@@$$FQAM@XZ 7c4c4d74 f i   cerr.obj
 0001:00003dc0       ?pbackfail@?$basic_filebuf@DU?$char_traits@D@std@@@std@@$$FMAMHH@Z 7c4c4dc0 f i   cerr.obj
 0001:00003e68       ?underflow@?$basic_filebuf@DU?$char_traits@D@std@@@std@@$$FMAMHXZ 7c4c4e68 f i   cerr.obj
 0001:00003ebc       ?_Chassign@?$basic_string@DU?$char_traits@D@std@@V?$allocator@D@2@@std@@$$FIAMXIID@Z 7c4c4ebc f i   cerr.obj
 0001:00003eec       ?_Init@?$basic_streambuf@DU?$char_traits@D@std@@@std@@$$FIAEXXZ 7c4c4eec f i   cerr.obj
 0001:00003f58       ??0?$basic_streambuf@DU?$char_traits@D@std@@@std@@$$FIAE@XZ 7c4c4f58 f i   cerr.obj
 0001:00003fc8       ?_Init@?$basic_filebuf@DU?$char_traits@D@std@@@std@@$$FIAMXPAU_iobuf@@W4_Initfl@12@@Z 7c4c4fc8 f i   cerr.obj
 0001:00004034       ?_Initcvt@?$basic_filebuf@DU?$char_traits@D@std@@@std@@$$FIAMXPAV?$codecvt@DDH@2@@Z 7c4c5034 f i   cerr.obj
 0001:00004064       ??0?$basic_string@DU?$char_traits@D@std@@V?$allocator@D@2@@std@@$$FQAM@XZ 7c4c5064 f i   cerr.obj
 0001:0000407c       ??0?$basic_filebuf@DU?$char_traits@D@std@@@std@@$$FQAM@PAU_iobuf@@@Z 7c4c507c f i   cerr.obj
 0001:000040d0       ?setbuf@?$basic_filebuf@DU?$char_traits@D@std@@@std@@$$FMAMPAV?$basic_streambuf@DU?$char_traits@D@std@@@2@PADH@Z 7c4c50d0 f i   cerr.obj
 0001:0000410c       ?begin@?$basic_string@DU?$char_traits@D@std@@V?$allocator@D@2@@std@@$$FQAM?AV?$_String_iterator@DU?$char_traits@D@std@@V?$allocator@D@2@@2@XZ 7c4c510c f i   cerr.obj
 0001:0000412c       ??0_Locinfo@std@@$$FQAM@PBD@Z 7c4c512c f i   cerr.obj
 0001:0000423c       ??1_Locinfo@std@@$$FQAM@XZ 7c4c523c f i   cerr.obj
 0001:00004350       ??1_Locinfo@std@@QAM@XZ    7c4c5350 f i   cerr.obj
 0001:00004358       ??0?$ctype@D@std@@$$FQAM@PBF_NI@Z 7c4c5358 f i   cerr.obj
 0001:00004444       ?_Getcat@?$ctype@D@std@@$$FSMIPAPBVfacet@locale@2@@Z 7c4c5444 f i   cerr.obj
 0001:0000449c       ?append@?$basic_string@DU?$char_traits@D@std@@V?$allocator@D@2@@std@@$$FQAMAAV12@ID@Z 7c4c549c f i   cerr.obj
 0001:000044ec       ?assign@?$basic_string@DU?$char_traits@D@std@@V?$allocator@D@2@@std@@$$FQAMAAV12@ID@Z 7c4c54ec f i   cerr.obj
 0001:00004528       ??$use_facet@V?$ctype@D@std@@@std@@$$FYMABV?$ctype@D@0@ABVlocale@0@@Z 7c4c5528 f i   cerr.obj
 0001:000045cc       ??0?$codecvt@DDH@std@@$$FQAM@I@Z 7c4c55cc f i   cerr.obj
 0001:00004664       ?uflow@?$basic_filebuf@DU?$char_traits@D@std@@@std@@$$FMAMHXZ 7c4c5664 f i   cerr.obj
 0001:0000487c       ??0?$basic_string@DU?$char_traits@D@std@@V?$allocator@D@2@@std@@$$FQAM@ID@Z 7c4c587c f i   cerr.obj
 0001:0000489c       ?_Endwrite@?$basic_filebuf@DU?$char_traits@D@std@@@std@@$$FIAM_NXZ 7c4c589c f i   cerr.obj
 0001:000049cc       ?widen@?$basic_ios@DU?$char_traits@D@std@@@std@@$$FQBMDD@Z 7c4c59cc f i   cerr.obj
 0001:00004a28       ?_Getcat@?$codecvt@DDH@std@@$$FSMIPAPBVfacet@locale@2@@Z 7c4c5a28 f i   cerr.obj
 0001:00004a7c       ?overflow@?$basic_filebuf@DU?$char_traits@D@std@@@std@@$$FMAMHH@Z 7c4c5a7c f i   cerr.obj
 0001:00004c0c       ?seekoff@?$basic_filebuf@DU?$char_traits@D@std@@@std@@$$FMAM?AV?$fpos@H@2@JHH@Z 7c4c5c0c f i   cerr.obj
 0001:00004cd8       ?seekpos@?$basic_filebuf@DU?$char_traits@D@std@@@std@@$$FMAM?AV?$fpos@H@2@V32@H@Z 7c4c5cd8 f i   cerr.obj
 0001:00004d9c       ?close@?$basic_filebuf@DU?$char_traits@D@std@@@std@@$$FQAMPAV12@XZ 7c4c5d9c f i   cerr.obj
 0001:00004dd8       ??$use_facet@V?$codecvt@DDH@std@@@std@@$$FYMABV?$codecvt@DDH@0@ABVlocale@0@@Z 7c4c5dd8 f i   cerr.obj
 0001:00004e7c       ?_Init@ios_base@std@@$$FIAMXXZ 7c4c5e7c f i   cerr.obj
 0001:00004edc       ??1?$basic_filebuf@DU?$char_traits@D@std@@@std@@$$FUAM@XZ 7c4c5edc f i   cerr.obj
 0001:00004f34       ??1?$basic_filebuf@DU?$char_traits@D@std@@@std@@UAM@XZ 7c4c5f34 f i   cerr.obj
 0001:00004f3c       ?imbue@?$basic_filebuf@DU?$char_traits@D@std@@@std@@$$FMAMXABVlocale@2@@Z 7c4c5f3c f i   cerr.obj
 0001:00004f58       ??_E?$basic_filebuf@DU?$char_traits@D@std@@@std@@$$FUAMPAXI@Z 7c4c5f58 f i   cerr.obj
 0001:00004f9c       ?init@?$basic_ios@DU?$char_traits@D@std@@@std@@$$FIAMXPAV?$basic_streambuf@DU?$char_traits@D@std@@@2@_N@Z 7c4c5f9c f i   cerr.obj
 0001:00004fec       ??0?$basic_ostream@DU?$char_traits@D@std@@@std@@$$FQAM@PAV?$basic_streambuf@DU?$char_traits@D@std@@@1@_N@Z 7c4c5fec f i   cerr.obj
 0001:000050d4       ?_Cin_func@std@@$$FYAAAV?$basic_istream@DU?$char_traits@D@std@@@1@XZ 7c4c60d4 f     cin.obj
 0001:000050e6       ?_Cin_func@std@@YAAAV?$basic_istream@DU?$char_traits@D@std@@@1@XZ 7c4c60e6 f     cin.obj
 0001:000050ec       ??0?$basic_istream@DU?$char_traits@D@std@@@std@@$$FQAM@PAV?$basic_streambuf@DU?$char_traits@D@std@@@1@_N1@Z 7c4c60ec f i   cin.obj
 0001:000051dc       ?_Clog_func@std@@$$FYAAAV?$basic_ostream@DU?$char_traits@D@std@@@1@XZ 7c4c61dc f     clog.obj
 0001:000051ee       ?_Clog_func@std@@YAAAV?$basic_ostream@DU?$char_traits@D@std@@@1@XZ 7c4c61ee f     clog.obj
 0001:000051f4       ?_Cout_func@std@@$$FYAAAV?$basic_ostream@DU?$char_traits@D@std@@@1@XZ 7c4c61f4 f     cout.obj
 0001:00005206       ?_Cout_func@std@@YAAAV?$basic_ostream@DU?$char_traits@D@std@@@1@XZ 7c4c6206 f     cout.obj
 0001:0000520c       ??0_Init_cout@std@@$$FQAM@XZ 7c4c620c f i   cout.obj
 0001:00005278       ??$_Fputc@G@std@@$$FYA_NGPAU_iobuf@@@Z 7c4c6278 f i   ushcerr.obj
 0001:00005278       ??$_Fputc@_W@std@@$$FYA_N_WPAU_iobuf@@@Z 7c4c6278 f i   wcerr.obj
 0001:00005298       ??$_Ungetc@G@std@@$$FYA_NABGPAU_iobuf@@@Z 7c4c6298 f i   ushcerr.obj
 0001:00005298       ??$_Ungetc@_W@std@@$$FYA_NAB_WPAU_iobuf@@@Z 7c4c6298 f i   wcerr.obj
 0001:000052bc       ?_Wcerr_func@std@@$$FYAAAV?$basic_ostream@GU?$char_traits@G@std@@@1@XZ 7c4c62bc f     ushcerr.obj
 0001:000052ce       ?_Wcerr_func@std@@YAAAV?$basic_ostream@GU?$char_traits@G@std@@@1@XZ 7c4c62ce f     ushcerr.obj
 0001:000052d4       ?sync@?$basic_filebuf@GU?$char_traits@G@std@@@std@@$$FMAMHXZ 7c4c62d4 f i   ushcerr.obj
 0001:000052d4       ?sync@?$basic_filebuf@_WU?$char_traits@_W@std@@@std@@$$FMAMHXZ 7c4c62d4 f i   wcerr.obj
 0001:00005318       ?_Pninc@?$basic_streambuf@GU?$char_traits@G@std@@@std@@$$FIAEPAGXZ 7c4c6318 f i   ushcerr.obj
 0001:00005318       ?_Pninc@?$basic_streambuf@_WU?$char_traits@_W@std@@@std@@$$FIAEPA_WXZ 7c4c6318 f i   wcerr.obj
 0001:00005340       ??0_Init_ushcerr@std@@$$FQAM@XZ 7c4c6340 f i   ushcerr.obj
 0001:0000538c       ?pbackfail@?$basic_filebuf@GU?$char_traits@G@std@@@std@@$$FMAMGG@Z 7c4c638c f i   ushcerr.obj
 0001:00005444       ?_Init@?$basic_streambuf@GU?$char_traits@G@std@@@std@@$$FIAEXXZ 7c4c6444 f i   ushcerr.obj
 0001:000054a4       ??0?$basic_streambuf@GU?$char_traits@G@std@@@std@@$$FIAE@XZ 7c4c64a4 f i   ushcerr.obj
 0001:00005514       ?_Init@?$basic_filebuf@GU?$char_traits@G@std@@@std@@$$FIAMXPAU_iobuf@@W4_Initfl@12@@Z 7c4c6514 f i   ushcerr.obj
 0001:00005550       ?_Initcvt@?$basic_filebuf@GU?$char_traits@G@std@@@std@@$$FIAMXPAV?$codecvt@GDH@2@@Z 7c4c6550 f i   ushcerr.obj
 0001:00005580       ??0?$basic_filebuf@GU?$char_traits@G@std@@@std@@$$FQAM@PAU_iobuf@@@Z 7c4c6580 f i   ushcerr.obj
 0001:000055d4       ?setbuf@?$basic_filebuf@GU?$char_traits@G@std@@@std@@$$FMAMPAV?$basic_streambuf@GU?$char_traits@G@std@@@2@PAGH@Z 7c4c65d4 f i   ushcerr.obj
 0001:00005614       ??0?$codecvt@GDH@std@@$$FQAM@I@Z 7c4c6614 f i   ushcerr.obj
 0001:000056e0       ?_Getcat@?$codecvt@GDH@std@@$$FSMIPAPBVfacet@locale@2@@Z 7c4c66e0 f i   ushcerr.obj
 0001:00005734       ??0?$ctype@G@std@@$$FQAM@I@Z 7c4c6734 f i   ushcerr.obj
 0001:00005810       ?_Getcat@?$ctype@G@std@@$$FSMIPAPBVfacet@locale@2@@Z 7c4c6810 f i   ushcerr.obj
 0001:00005864       ??$use_facet@V?$ctype@G@std@@@std@@$$FYMABV?$ctype@G@0@ABVlocale@0@@Z 7c4c6864 f i   ushcerr.obj
 0001:00005908       ??$use_facet@V?$codecvt@GDH@std@@@std@@$$FYMABV?$codecvt@GDH@0@ABVlocale@0@@Z 7c4c6908 f i   ushcerr.obj
 0001:000059ac       ?uflow@?$basic_filebuf@GU?$char_traits@G@std@@@std@@$$FMAMGXZ 7c4c69ac f i   ushcerr.obj
 0001:00005bd8       ?imbue@?$basic_filebuf@GU?$char_traits@G@std@@@std@@$$FMAMXABVlocale@2@@Z 7c4c6bd8 f i   ushcerr.obj
 0001:00005bf4       ?_Endwrite@?$basic_filebuf@GU?$char_traits@G@std@@@std@@$$FIAM_NXZ 7c4c6bf4 f i   ushcerr.obj
 0001:00005d2c       ?widen@?$basic_ios@GU?$char_traits@G@std@@@std@@$$FQBMGD@Z 7c4c6d2c f i   ushcerr.obj
 0001:00005d88       ?overflow@?$basic_filebuf@GU?$char_traits@G@std@@@std@@$$FMAMGG@Z 7c4c6d88 f i   ushcerr.obj
 0001:00005f44       ?seekoff@?$basic_filebuf@GU?$char_traits@G@std@@@std@@$$FMAM?AV?$fpos@H@2@JHH@Z 7c4c6f44 f i   ushcerr.obj
 0001:00006014       ?seekpos@?$basic_filebuf@GU?$char_traits@G@std@@@std@@$$FMAM?AV?$fpos@H@2@V32@H@Z 7c4c7014 f i   ushcerr.obj
 0001:000060dc       ?close@?$basic_filebuf@GU?$char_traits@G@std@@@std@@$$FQAMPAV12@XZ 7c4c70dc f i   ushcerr.obj
 0001:00006118       ??1?$basic_filebuf@GU?$char_traits@G@std@@@std@@$$FUAM@XZ 7c4c7118 f i   ushcerr.obj
 0001:00006170       ??1?$basic_filebuf@GU?$char_traits@G@std@@@std@@UAM@XZ 7c4c7170 f i   ushcerr.obj
 0001:00006178       ??_E?$basic_filebuf@GU?$char_traits@G@std@@@std@@$$FUAMPAXI@Z 7c4c7178 f i   ushcerr.obj
 0001:000061bc       ?init@?$basic_ios@GU?$char_traits@G@std@@@std@@$$FIAMXPAV?$basic_streambuf@GU?$char_traits@G@std@@@2@_N@Z 7c4c71bc f i   ushcerr.obj
 0001:0000620c       ??0?$basic_ostream@GU?$char_traits@G@std@@@std@@$$FQAM@PAV?$basic_streambuf@GU?$char_traits@G@std@@@1@_N@Z 7c4c720c f i   ushcerr.obj
 0001:000062f4       ?_Wcin_func@std@@$$FYAAAV?$basic_istream@GU?$char_traits@G@std@@@1@XZ 7c4c72f4 f     ushcin.obj
 0001:00006306       ?_Wcin_func@std@@YAAAV?$basic_istream@GU?$char_traits@G@std@@@1@XZ 7c4c7306 f     ushcin.obj
 0001:0000630c       ??0?$basic_istream@GU?$char_traits@G@std@@@std@@$$FQAM@PAV?$basic_streambuf@GU?$char_traits@G@std@@@1@_N1@Z 7c4c730c f i   ushcin.obj
 0001:000063fc       ?_Wclog_func@std@@$$FYAAAV?$basic_ostream@GU?$char_traits@G@std@@@1@XZ 7c4c73fc f     ushclog.obj
 0001:0000640e       ?_Wclog_func@std@@YAAAV?$basic_ostream@GU?$char_traits@G@std@@@1@XZ 7c4c740e f     ushclog.obj
 0001:00006414       ?_Wcout_func@std@@$$FYAAAV?$basic_ostream@GU?$char_traits@G@std@@@1@XZ 7c4c7414 f     ushcout.obj
 0001:00006426       ?_Wcout_func@std@@YAAAV?$basic_ostream@GU?$char_traits@G@std@@@1@XZ 7c4c7426 f     ushcout.obj
 0001:0000642c       ??0_Init_ushcout@std@@$$FQAM@XZ 7c4c742c f i   ushcout.obj
 0001:00006498       ?not_eof@?$char_traits@G@std@@$$FSMGABG@Z 7c4c7498 f i   ushcerr.obj
 0001:00006498       ?not_eof@?$char_traits@_W@std@@$$FSMGABG@Z 7c4c7498 f i   wcerr.obj
 0001:000064b8       ??$_Fgetc@G@std@@$$FYA_NAAGPAU_iobuf@@@Z 7c4c74b8 f i   ushcerr.obj
 0001:000064b8       ??$_Fgetc@_W@std@@$$FYA_NAA_WPAU_iobuf@@@Z 7c4c74b8 f i   wcerr.obj
 0001:000064dc       ?_Wcerr_func@std@@$$FYAAAV?$basic_ostream@_WU?$char_traits@_W@std@@@1@XZ 7c4c74dc f     wcerr.obj
 0001:000064ee       ?_Wcerr_func@std@@YAAAV?$basic_ostream@_WU?$char_traits@_W@std@@@1@XZ 7c4c74ee f     wcerr.obj
 0001:000064f4       ?setp@?$basic_streambuf@GU?$char_traits@G@std@@@std@@$$FIAEXPAG0@Z 7c4c74f4 f i   ushcerr.obj
 0001:000064f4       ?setp@?$basic_streambuf@_WU?$char_traits@_W@std@@@std@@$$FIAEXPA_W0@Z 7c4c74f4 f i   wcerr.obj
 0001:0000651c       ??0_Init_wcerr@std@@$$FQAM@XZ 7c4c751c f i   wcerr.obj
 0001:00006568       ?pbackfail@?$basic_filebuf@_WU?$char_traits@_W@std@@@std@@$$FMAMGG@Z 7c4c7568 f i   wcerr.obj
 0001:00006620       ?underflow@?$basic_filebuf@GU?$char_traits@G@std@@@std@@$$FMAMGXZ 7c4c7620 f i   ushcerr.obj
 0001:00006620       ?underflow@?$basic_filebuf@_WU?$char_traits@_W@std@@@std@@$$FMAMGXZ 7c4c7620 f i   wcerr.obj
 0001:00006678       ?_Init@?$basic_streambuf@_WU?$char_traits@_W@std@@@std@@$$FIAEXXZ 7c4c7678 f i   wcerr.obj
 0001:000066d8       ??0?$basic_streambuf@_WU?$char_traits@_W@std@@@std@@$$FIAE@XZ 7c4c76d8 f i   wcerr.obj
 0001:00006748       ?_Init@?$basic_filebuf@_WU?$char_traits@_W@std@@@std@@$$FIAMXPAU_iobuf@@W4_Initfl@12@@Z 7c4c7748 f i   wcerr.obj
 0001:00006784       ?_Initcvt@?$basic_filebuf@_WU?$char_traits@_W@std@@@std@@$$FIAMXPAV?$codecvt@_WDH@2@@Z 7c4c7784 f i   wcerr.obj
 0001:000067b4       ??0?$basic_filebuf@_WU?$char_traits@_W@std@@@std@@$$FQAM@PAU_iobuf@@@Z 7c4c77b4 f i   wcerr.obj
 0001:00006808       ?setbuf@?$basic_filebuf@_WU?$char_traits@_W@std@@@std@@$$FMAMPAV?$basic_streambuf@_WU?$char_traits@_W@std@@@2@PA_WH@Z 7c4c7808 f i   wcerr.obj
 0001:00006848       ??0?$codecvt@_WDH@std@@$$FQAM@I@Z 7c4c7848 f i   wcerr.obj
 0001:00006914       ?_Getcat@?$codecvt@_WDH@std@@$$FSMIPAPBVfacet@locale@2@@Z 7c4c7914 f i   wcerr.obj
 0001:00006968       ??0?$ctype@_W@std@@$$FQAM@I@Z 7c4c7968 f i   wcerr.obj
 0001:00006a44       ?_Getcat@?$ctype@_W@std@@$$FSMIPAPBVfacet@locale@2@@Z 7c4c7a44 f i   wcerr.obj
 0001:00006a98       ??$use_facet@V?$ctype@_W@std@@@std@@$$FYMABV?$ctype@_W@0@ABVlocale@0@@Z 7c4c7a98 f i   wcerr.obj
 0001:00006b3c       ??$use_facet@V?$codecvt@_WDH@std@@@std@@$$FYMABV?$codecvt@_WDH@0@ABVlocale@0@@Z 7c4c7b3c f i   wcerr.obj
 0001:00006be0       ?uflow@?$basic_filebuf@_WU?$char_traits@_W@std@@@std@@$$FMAMGXZ 7c4c7be0 f i   wcerr.obj
 0001:00006e0c       ?imbue@?$basic_filebuf@_WU?$char_traits@_W@std@@@std@@$$FMAMXABVlocale@2@@Z 7c4c7e0c f i   wcerr.obj
 0001:00006e28       ?_Endwrite@?$basic_filebuf@_WU?$char_traits@_W@std@@@std@@$$FIAM_NXZ 7c4c7e28 f i   wcerr.obj
 0001:00006f60       ?widen@?$basic_ios@_WU?$char_traits@_W@std@@@std@@$$FQBM_WD@Z 7c4c7f60 f i   wcerr.obj
 0001:00006fbc       ?overflow@?$basic_filebuf@_WU?$char_traits@_W@std@@@std@@$$FMAMGG@Z 7c4c7fbc f i   wcerr.obj
 0001:00007178       ?seekoff@?$basic_filebuf@_WU?$char_traits@_W@std@@@std@@$$FMAM?AV?$fpos@H@2@JHH@Z 7c4c8178 f i   wcerr.obj
 0001:00007248       ?seekpos@?$basic_filebuf@_WU?$char_traits@_W@std@@@std@@$$FMAM?AV?$fpos@H@2@V32@H@Z 7c4c8248 f i   wcerr.obj
 0001:00007310       ?close@?$basic_filebuf@_WU?$char_traits@_W@std@@@std@@$$FQAMPAV12@XZ 7c4c8310 f i   wcerr.obj
 0001:0000734c       ??1?$basic_filebuf@_WU?$char_traits@_W@std@@@std@@$$FUAM@XZ 7c4c834c f i   wcerr.obj
 0001:000073a4       ??1?$basic_filebuf@_WU?$char_traits@_W@std@@@std@@UAM@XZ 7c4c83a4 f i   wcerr.obj
 0001:000073ac       ??_E?$basic_filebuf@_WU?$char_traits@_W@std@@@std@@$$FUAMPAXI@Z 7c4c83ac f i   wcerr.obj
 0001:000073f0       ?init@?$basic_ios@_WU?$char_traits@_W@std@@@std@@$$FIAMXPAV?$basic_streambuf@_WU?$char_traits@_W@std@@@2@_N@Z 7c4c83f0 f i   wcerr.obj
 0001:00007440       ??0?$basic_ostream@_WU?$char_traits@_W@std@@@std@@$$FQAM@PAV?$basic_streambuf@_WU?$char_traits@_W@std@@@1@_N@Z 7c4c8440 f i   wcerr.obj
 0001:00007528       ?_Wcin_func@std@@$$FYAAAV?$basic_istream@_WU?$char_traits@_W@std@@@1@XZ 7c4c8528 f     wcin.obj
 0001:0000753a       ?_Wcin_func@std@@YAAAV?$basic_istream@_WU?$char_traits@_W@std@@@1@XZ 7c4c853a f     wcin.obj
 0001:00007540       ??0?$basic_istream@_WU?$char_traits@_W@std@@@std@@$$FQAM@PAV?$basic_streambuf@_WU?$char_traits@_W@std@@@1@_N1@Z 7c4c8540 f i   wcin.obj
 0001:00007630       ?_Wclog_func@std@@$$FYAAAV?$basic_ostream@_WU?$char_traits@_W@std@@@1@XZ 7c4c8630 f     wclog.obj
 0001:00007642       ?_Wclog_func@std@@YAAAV?$basic_ostream@_WU?$char_traits@_W@std@@@1@XZ 7c4c8642 f     wclog.obj
 0001:00007648       ?_Wcout_func@std@@$$FYAAAV?$basic_ostream@_WU?$char_traits@_W@std@@@1@XZ 7c4c8648 f     wcout.obj
 0001:0000765a       ?_Wcout_func@std@@YAAAV?$basic_ostream@_WU?$char_traits@_W@std@@@1@XZ 7c4c865a f     wcout.obj
 0001:00007660       ??0_Init_wcout@std@@$$FQAM@XZ 7c4c8660 f i   wcout.obj
 0001:000076cc       ??0bad_alloc@std@@$$FQAE@XZ 7c4c86cc f i   locale.obj
 0001:00007728       ?width@ios_base@std@@$$FQBMHXZ 7c4c8728 f i   locale.obj
 0001:0000773c       ??0bad_alloc@std@@$$FQAE@ABV01@@Z 7c4c873c f i   locale.obj
 0001:00007788       ??0bad_alloc@std@@QAE@ABV01@@Z 7c4c8788 f i   locale.obj
 0001:00007790       ??1?$num_get@DV?$istreambuf_iterator@DU?$char_traits@D@std@@@std@@@std@@$$FMAM@XZ 7c4c8790 f i   locale.obj
 0001:000077b8       ??1?$num_get@DV?$istreambuf_iterator@DU?$char_traits@D@std@@@std@@@std@@MAM@XZ 7c4c87b8 f i   locale.obj
 0001:000077c0       ??1?$num_put@DV?$ostreambuf_iterator@DU?$char_traits@D@std@@@std@@@std@@$$FMAM@XZ 7c4c87c0 f i   locale.obj
 0001:000077e8       ??1?$num_put@DV?$ostreambuf_iterator@DU?$char_traits@D@std@@@std@@@std@@MAM@XZ 7c4c87e8 f i   locale.obj
 0001:000077f0       ?do_decimal_point@?$numpunct@D@std@@$$FMBMDXZ 7c4c87f0 f i   locale.obj
 0001:000077f0       ?do_decimal_point@?$_Mpunct@D@std@@$$FMBMDXZ 7c4c87f0 f i   xlocale.obj
 0001:00007804       ??_E?$num_get@DV?$istreambuf_iterator@DU?$char_traits@D@std@@@std@@@std@@$$FMAMPAXI@Z 7c4c8804 f i   locale.obj
 0001:0000785c       ??_E?$num_put@DV?$ostreambuf_iterator@DU?$char_traits@D@std@@@std@@@std@@$$FMAMPAXI@Z 7c4c885c f i   locale.obj
 0001:000078b4       ?_Tidy@?$numpunct@G@std@@$$FAAMXXZ 7c4c88b4 f i   wlocale.obj
 0001:000078b4       ?_Tidy@?$numpunct@D@std@@$$FAAMXXZ 7c4c88b4 f i   locale.obj
 0001:000078b4       ?_Tidy@?$numpunct@_W@std@@$$FAAMXXZ 7c4c88b4 f i   wlocale.obj
 0001:000078e0       ?thousands_sep@?$numpunct@D@std@@$$FQBMDXZ 7c4c88e0 f i   locale.obj
 0001:000078e0       ?thousands_sep@?$_Mpunct@D@std@@$$FQBMDXZ 7c4c88e0 f i   xlocale.obj
 0001:000078f8       ??$_Maklocbyte@D@std@@$$FYMDDABU_Cvtvec@@@Z 7c4c88f8 f i   locale.obj
 0001:00007908       ??$_Maklocstr@D@std@@$$FYMPADPBDPADABU_Cvtvec@@@Z 7c4c8908 f i   locale.obj
 0001:00007944       ??0?$ctype@D@std@@$$FQAM@ABV_Locinfo@1@I@Z 7c4c8944 f i   locale.obj
 0001:000079d8       ?_Locimp_Addfac@_Locimp@locale@std@@$$FCAXPAV123@PAVfacet@23@I@Z 7c4c89d8 f     locale.obj
 0001:00007b18       ?_Locimp_Addfac@_Locimp@locale@std@@CAXPAV123@PAVfacet@23@I@Z 7c4c8b18 f     locale.obj
 0001:00007b20       ?sgetc@?$basic_streambuf@DU?$char_traits@D@std@@@std@@$$FQAEHXZ 7c4c8b20 f i   locale.obj
 0001:00007b4c       ??0?$num_get@DV?$istreambuf_iterator@DU?$char_traits@D@std@@@std@@@std@@$$FQAM@ABV_Locinfo@1@I@Z 7c4c8b4c f i   locale.obj
 0001:00007bac       ??0?$num_put@DV?$ostreambuf_iterator@DU?$char_traits@D@std@@@std@@@std@@$$FQAM@ABV_Locinfo@1@I@Z 7c4c8bac f i   locale.obj
 0001:00007c0c       ??1?$numpunct@D@std@@$$FMAM@XZ 7c4c8c0c f i   locale.obj
 0001:00007c60       ??1?$numpunct@D@std@@MAM@XZ 7c4c8c60 f i   locale.obj
 0001:00007c68       ??0?$codecvt@DDH@std@@$$FQAM@ABV_Locinfo@1@I@Z 7c4c8c68 f i   locale.obj
 0001:00007cec       ??_E?$numpunct@D@std@@$$FMAMPAXI@Z 7c4c8cec f i   locale.obj
 0001:00007d30       ?compare@?$basic_string@DU?$char_traits@D@std@@V?$allocator@D@2@@std@@$$FQBMHIIPBDI@Z 7c4c8d30 f i   locale.obj
 0001:00007d98       ?sbumpc@?$basic_streambuf@DU?$char_traits@D@std@@@std@@$$FQAEHXZ 7c4c8d98 f i   locale.obj
 0001:00007dc4       ?sputc@?$basic_streambuf@DU?$char_traits@D@std@@@std@@$$FQAEHD@Z 7c4c8dc4 f i   locale.obj
 0001:00007df4       ?_Init@?$numpunct@D@std@@$$FIAMXABV_Locinfo@2@@Z 7c4c8df4 f i   locale.obj
 0001:00007f2c       ??A?$basic_string@DU?$char_traits@D@std@@V?$allocator@D@2@@std@@$$FQAMAADI@Z 7c4c8f2c f i   locale.obj
 0001:00007f44       ??4?$ostreambuf_iterator@DU?$char_traits@D@std@@@std@@$$FQAMAAV01@D@Z 7c4c8f44 f i   locale.obj
 0001:00007f6c       ?_Inc@?$istreambuf_iterator@DU?$char_traits@D@std@@@std@@$$FAAMXXZ 7c4c8f6c f i   locale.obj
 0001:00007f9c       ?_Peek@?$istreambuf_iterator@DU?$char_traits@D@std@@@std@@$$FAAMDXZ 7c4c8f9c f i   locale.obj
 0001:00007fd0       ?equal@?$istreambuf_iterator@DU?$char_traits@D@std@@@std@@$$FQBM_NABV12@@Z 7c4c8fd0 f i   locale.obj
 0001:00008010       ?_Addfac@_Locimp@locale@std@@$$FAAMXPAVfacet@23@I@Z 7c4c9010 f i   locale.obj
 0001:00008028       ?global@locale@std@@$$FSA?AV12@ABV12@@Z 7c4c9028 f     locale.obj
 0001:00008128       ?global@locale@std@@SA?AV12@ABV12@@Z 7c4c9128 f     locale.obj
 0001:00008130       ?compare@?$basic_string@DU?$char_traits@D@std@@V?$allocator@D@2@@std@@$$FQBMHPBD@Z 7c4c9130 f i   locale.obj
 0001:00008154       ??0?$numpunct@D@std@@$$FQAM@ABV_Locinfo@1@I@Z 7c4c9154 f i   locale.obj
 0001:000081ac       ?_Putc@?$num_put@DV?$ostreambuf_iterator@DU?$char_traits@D@std@@@std@@@std@@$$FABM?AV?$ostreambuf_iterator@DU?$char_traits@D@std@@@2@V32@PBDI@Z 7c4c91ac f i   locale.obj
 0001:000081ac       ?_Put@?$num_put@DV?$ostreambuf_iterator@DU?$char_traits@D@std@@@std@@@std@@$$FABM?AV?$ostreambuf_iterator@DU?$char_traits@D@std@@@2@V32@PBDI@Z 7c4c91ac f i   locale.obj
 0001:000081e0       ?_Rep@?$num_put@DV?$ostreambuf_iterator@DU?$char_traits@D@std@@@std@@@std@@$$FABM?AV?$ostreambuf_iterator@DU?$char_traits@D@std@@@2@V32@DI@Z 7c4c91e0 f i   locale.obj
 0001:00008210       ?_Putgrouped@?$num_put@DV?$ostreambuf_iterator@DU?$char_traits@D@std@@@std@@@std@@$$FABM?AV?$ostreambuf_iterator@DU?$char_traits@D@std@@@2@V32@PBDID@Z 7c4c9210 f i   locale.obj
 0001:00008280       ??D?$istreambuf_iterator@DU?$char_traits@D@std@@@std@@$$FQBMDXZ 7c4c9280 f i   locale.obj
 0001:000082a0       ??E?$istreambuf_iterator@DU?$char_traits@D@std@@@std@@$$FQAMAAV01@XZ 7c4c92a0 f i   locale.obj
 0001:000082b4       ??$?8DU?$char_traits@D@std@@@std@@$$FYM_NABV?$istreambuf_iterator@DU?$char_traits@D@std@@@0@0@Z 7c4c92b4 f i   locale.obj
 0001:000082c8       ??$?9DU?$char_traits@D@std@@@std@@$$FYM_NABV?$istreambuf_iterator@DU?$char_traits@D@std@@@0@0@Z 7c4c92c8 f i   locale.obj
 0001:000082e0       ?append@?$basic_string@DU?$char_traits@D@std@@V?$allocator@D@2@@std@@$$FQAMAAV12@ABV12@II@Z 7c4c92e0 f i   locale.obj
 0001:00008364       ??0?$num_get@DV?$istreambuf_iterator@DU?$char_traits@D@std@@@std@@@std@@$$FQAM@I@Z 7c4c9364 f i   locale.obj
 0001:00008400       ??0?$num_put@DV?$ostreambuf_iterator@DU?$char_traits@D@std@@@std@@@std@@$$FQAM@I@Z 7c4c9400 f i   locale.obj
 0001:0000849c       ??0?$numpunct@D@std@@$$FQAM@I@Z 7c4c949c f i   locale.obj
 0001:00008530       ?append@?$basic_string@DU?$char_traits@D@std@@V?$allocator@D@2@@std@@$$FQAMAAV12@PBDI@Z 7c4c9530 f i   locale.obj
 0001:000085ac       ?insert@?$basic_string@DU?$char_traits@D@std@@V?$allocator@D@2@@std@@$$FQAMAAV12@IID@Z 7c4c95ac f i   locale.obj
 0001:00008630       ?_Getcat@?$num_get@DV?$istreambuf_iterator@DU?$char_traits@D@std@@@std@@@std@@$$FSMIPAPBVfacet@locale@2@@Z 7c4c9630 f i   locale.obj
 0001:00008684       ?_Getcat@?$num_put@DV?$ostreambuf_iterator@DU?$char_traits@D@std@@@std@@@std@@$$FSMIPAPBVfacet@locale@2@@Z 7c4c9684 f i   locale.obj
 0001:000086d8       ?_Getcat@?$numpunct@D@std@@$$FSMIPAPBVfacet@locale@2@@Z 7c4c96d8 f i   locale.obj
 0001:0000872c       ??Y?$basic_string@DU?$char_traits@D@std@@V?$allocator@D@2@@std@@$$FQAMAAV01@ABV01@@Z 7c4c972c f i   locale.obj
 0001:00008744       ??Y?$basic_string@DU?$char_traits@D@std@@V?$allocator@D@2@@std@@$$FQAMAAV01@D@Z 7c4c9744 f i   locale.obj
 0001:0000875c       ??4?$basic_string@DU?$char_traits@D@std@@V?$allocator@D@2@@std@@$$FQAMAAV01@ABV01@@Z 7c4c975c f i   locale.obj
 0001:0000875c       ?assign@?$basic_string@DU?$char_traits@D@std@@V?$allocator@D@2@@std@@$$FQAMAAV12@ABV12@@Z 7c4c975c f i   locale.obj
 0001:00008774       ?falsename@?$numpunct@D@std@@$$FQBM?AV?$basic_string@DU?$char_traits@D@std@@V?$allocator@D@2@@2@XZ 7c4c9774 f i   locale.obj
 0001:00008804       ?truename@?$numpunct@D@std@@$$FQBM?AV?$basic_string@DU?$char_traits@D@std@@V?$allocator@D@2@@2@XZ 7c4c9804 f i   locale.obj
 0001:00008894       ??$use_facet@V?$num_get@DV?$istreambuf_iterator@DU?$char_traits@D@std@@@std@@@std@@@std@@$$FYMABV?$num_get@DV?$istreambuf_iterator@DU?$char_traits@D@std@@@std@@@0@ABVlocale@0@@Z 7c4c9894 f i   locale.obj
 0001:00008938       ??$use_facet@V?$num_put@DV?$ostreambuf_iterator@DU?$char_traits@D@std@@@std@@@std@@@std@@$$FYMABV?$num_put@DV?$ostreambuf_iterator@DU?$char_traits@D@std@@@std@@@0@ABVlocale@0@@Z 7c4c9938 f i   locale.obj
 0001:000089dc       ??$use_facet@V?$numpunct@D@std@@@std@@$$FYMABV?$numpunct@D@0@ABVlocale@0@@Z 7c4c99dc f i   locale.obj
 0001:00008a80       ??$_Getloctxt@DV?$istreambuf_iterator@DU?$char_traits@D@std@@@std@@@std@@$$FYMHAAV?$istreambuf_iterator@DU?$char_traits@D@std@@@0@0IPBD@Z 7c4c9a80 f i   locale.obj
 0001:00008bd4       ?_Getname@_Locinfo@std@@$$FQBM?AV?$basic_string@DU?$char_traits@D@std@@V?$allocator@D@2@@2@XZ 7c4c9bd4 f i   locale.obj
 0001:00008c28       ?do_put@?$num_put@DV?$ostreambuf_iterator@DU?$char_traits@D@std@@@std@@@std@@$$FMBM?AV?$ostreambuf_iterator@DU?$char_traits@D@std@@@2@V32@AAVios_base@2@D_N@Z 7c4c9c28 f i   locale.obj
 0001:00008de8       ?do_falsename@?$numpunct@D@std@@$$FMBM?AV?$basic_string@DU?$char_traits@D@std@@V?$allocator@D@2@@2@XZ 7c4c9de8 f i   locale.obj
 0001:00008e3c       ?do_truename@?$numpunct@D@std@@$$FMBM?AV?$basic_string@DU?$char_traits@D@std@@V?$allocator@D@2@@2@XZ 7c4c9e3c f i   locale.obj
 0001:00008e90       ?_Getifld@?$num_get@DV?$istreambuf_iterator@DU?$char_traits@D@std@@@std@@@std@@$$FABMHPADAAV?$istreambuf_iterator@DU?$char_traits@D@std@@@2@1HABVlocale@2@@Z 7c4c9e90 f i   locale.obj
 0001:00009148       ?_Getffld@?$num_get@DV?$istreambuf_iterator@DU?$char_traits@D@std@@@std@@@std@@$$FABMHPADAAV?$istreambuf_iterator@DU?$char_traits@D@std@@@2@1ABVlocale@2@@Z 7c4ca148 f i   locale.obj
 0001:00009570       ?_Fput@?$num_put@DV?$ostreambuf_iterator@DU?$char_traits@D@std@@@std@@@std@@$$FABM?AV?$ostreambuf_iterator@DU?$char_traits@D@std@@@2@V32@AAVios_base@2@DPBDIIII@Z 7c4ca570 f i   locale.obj
 0001:00009994       ?_Iput@?$num_put@DV?$ostreambuf_iterator@DU?$char_traits@D@std@@@std@@@std@@$$FABM?AV?$ostreambuf_iterator@DU?$char_traits@D@std@@@2@V32@AAVios_base@2@DPADI@Z 7c4ca994 f i   locale.obj
 0001:00009b90       ?_Makeloc@_Locimp@locale@std@@$$FCAPAV123@ABV_Locinfo@3@HPAV123@PBV23@@Z 7c4cab90 f     locale.obj
 0001:00009e4c       ?_Makeloc@_Locimp@locale@std@@CAPAV123@ABV_Locinfo@3@HPAV123@PBV23@@Z 7c4cae4c f     locale.obj
 0001:00009e54       ?_Locimp_ctor@_Locimp@locale@std@@$$FCAXPAV123@ABV123@@Z 7c4cae54 f     locale.obj
 0001:00009fb4       ?_Locimp_ctor@_Locimp@locale@std@@CAXPAV123@ABV123@@Z 7c4cafb4 f     locale.obj
 0001:00009fbc       ?_Locinfo_Addcats@_Locinfo@std@@$$FSAAAV12@PAV12@HPBD@Z 7c4cafbc f     locale.obj
 0001:0000a043       ?_Locinfo_Addcats@_Locinfo@std@@SAAAV12@PAV12@HPBD@Z 7c4cb043 f     locale.obj
 0001:0000a04c       ?do_get@?$num_get@DV?$istreambuf_iterator@DU?$char_traits@D@std@@@std@@@std@@$$FMBM?AV?$istreambuf_iterator@DU?$char_traits@D@std@@@2@V32@0AAVios_base@2@AAHAA_N@Z 7c4cb04c f i   locale.obj
 0001:0000a238       ?do_get@?$num_get@DV?$istreambuf_iterator@DU?$char_traits@D@std@@@std@@@std@@$$FMBM?AV?$istreambuf_iterator@DU?$char_traits@D@std@@@2@V32@0AAVios_base@2@AAHAAG@Z 7c4cb238 f i   locale.obj
 0001:0000a304       ?do_get@?$num_get@DV?$istreambuf_iterator@DU?$char_traits@D@std@@@std@@@std@@$$FMBM?AV?$istreambuf_iterator@DU?$char_traits@D@std@@@2@V32@0AAVios_base@2@AAHAAI@Z 7c4cb304 f i   locale.obj
 0001:0000a3cc       ?do_get@?$num_get@DV?$istreambuf_iterator@DU?$char_traits@D@std@@@std@@@std@@$$FMBM?AV?$istreambuf_iterator@DU?$char_traits@D@std@@@2@V32@0AAVios_base@2@AAHAAJ@Z 7c4cb3cc f i   locale.obj
 0001:0000a468       ?do_get@?$num_get@DV?$istreambuf_iterator@DU?$char_traits@D@std@@@std@@@std@@$$FMBM?AV?$istreambuf_iterator@DU?$char_traits@D@std@@@2@V32@0AAVios_base@2@AAHAAK@Z 7c4cb468 f i   locale.obj
 0001:0000a504       ?do_get@?$num_get@DV?$istreambuf_iterator@DU?$char_traits@D@std@@@std@@@std@@$$FMBM?AV?$istreambuf_iterator@DU?$char_traits@D@std@@@2@V32@0AAVios_base@2@AAHAA_J@Z 7c4cb504 f i   locale.obj
 0001:0000a598       ?do_get@?$num_get@DV?$istreambuf_iterator@DU?$char_traits@D@std@@@std@@@std@@$$FMBM?AV?$istreambuf_iterator@DU?$char_traits@D@std@@@2@V32@0AAVios_base@2@AAHAA_K@Z 7c4cb598 f i   locale.obj
 0001:0000a62c       ?do_get@?$num_get@DV?$istreambuf_iterator@DU?$char_traits@D@std@@@std@@@std@@$$FMBM?AV?$istreambuf_iterator@DU?$char_traits@D@std@@@2@V32@0AAVios_base@2@AAHAAM@Z 7c4cb62c f i   locale.obj
 0001:0000a6c0       ?do_get@?$num_get@DV?$istreambuf_iterator@DU?$char_traits@D@std@@@std@@@std@@$$FMBM?AV?$istreambuf_iterator@DU?$char_traits@D@std@@@2@V32@0AAVios_base@2@AAHAAN@Z 7c4cb6c0 f i   locale.obj
 0001:0000a754       ?do_get@?$num_get@DV?$istreambuf_iterator@DU?$char_traits@D@std@@@std@@@std@@$$FMBM?AV?$istreambuf_iterator@DU?$char_traits@D@std@@@2@V32@0AAVios_base@2@AAHAAO@Z 7c4cb754 f i   locale.obj
 0001:0000a7e8       ?do_get@?$num_get@DV?$istreambuf_iterator@DU?$char_traits@D@std@@@std@@@std@@$$FMBM?AV?$istreambuf_iterator@DU?$char_traits@D@std@@@2@V32@0AAVios_base@2@AAHAAPAX@Z 7c4cb7e8 f i   locale.obj
 0001:0000a888       ?do_put@?$num_put@DV?$ostreambuf_iterator@DU?$char_traits@D@std@@@std@@@std@@$$FMBM?AV?$ostreambuf_iterator@DU?$char_traits@D@std@@@2@V32@AAVios_base@2@DJ@Z 7c4cb888 f i   locale.obj
 0001:0000a8c4       ?do_put@?$num_put@DV?$ostreambuf_iterator@DU?$char_traits@D@std@@@std@@@std@@$$FMBM?AV?$ostreambuf_iterator@DU?$char_traits@D@std@@@2@V32@AAVios_base@2@DK@Z 7c4cb8c4 f i   locale.obj
 0001:0000a900       ?do_put@?$num_put@DV?$ostreambuf_iterator@DU?$char_traits@D@std@@@std@@@std@@$$FMBM?AV?$ostreambuf_iterator@DU?$char_traits@D@std@@@2@V32@AAVios_base@2@D_J@Z 7c4cb900 f i   locale.obj
 0001:0000a93c       ?do_put@?$num_put@DV?$ostreambuf_iterator@DU?$char_traits@D@std@@@std@@@std@@$$FMBM?AV?$ostreambuf_iterator@DU?$char_traits@D@std@@@2@V32@AAVios_base@2@D_K@Z 7c4cb93c f i   locale.obj
 0001:0000a978       ?do_put@?$num_put@DV?$ostreambuf_iterator@DU?$char_traits@D@std@@@std@@@std@@$$FMBM?AV?$ostreambuf_iterator@DU?$char_traits@D@std@@@2@V32@AAVios_base@2@DN@Z 7c4cb978 f i   locale.obj
 0001:0000aaa4       ?do_put@?$num_put@DV?$ostreambuf_iterator@DU?$char_traits@D@std@@@std@@@std@@$$FMBM?AV?$ostreambuf_iterator@DU?$char_traits@D@std@@@2@V32@AAVios_base@2@DO@Z 7c4cbaa4 f i   locale.obj
 0001:0000abd0       ?do_put@?$num_put@DV?$ostreambuf_iterator@DU?$char_traits@D@std@@@std@@@std@@$$FMBM?AV?$ostreambuf_iterator@DU?$char_traits@D@std@@@2@V32@AAVios_base@2@DPBX@Z 7c4cbbd0 f i   locale.obj
 0001:0000abfc       ?_Locinfo_ctor@_Locinfo@std@@$$FSAXPAV12@HPBD@Z 7c4cbbfc f     locale.obj
 0001:0000ac25       ?_Locinfo_ctor@_Locinfo@std@@SAXPAV12@HPBD@Z 7c4cbc25 f     locale.obj
[...]
 0003:00001ff0       ?_FXbig@@3MA               7c52bff0       xfvalues.obj
 0003:00001ff4       __mep@?_LCosh@@$$FYAOOO@Z  7c52bff4       xlcosh.obj
 0003:00001ff8       __mep@?_LDscale@@$$FYAFPAOJ@Z 7c52bff8       xldscale.obj
 0003:00001ffc       __mep@?_LDtest@@$$FYAFPAO@Z 7c52bffc       xldtest.obj
 0003:00002000       __mep@?_LExp@@$$FYAFPAOOF@Z 7c52c000       xlexp.obj
 0003:00002004       __mep@?_LSinh@@$$FYAOOO@Z  7c52c004       xlsinh.obj
 0003:00002008       __mep@?_LPoly@@$$FYAOOPBOH@Z 7c52c008       xlpoly.obj
 0003:00002010       ?_LDenorm@@3T_Dconst@@A    7c52c010       xlvalues.obj
 0003:00002020       ?_LEps@@3T_Dconst@@A       7c52c020       xlvalues.obj
 0003:00002030       ?_LInf@@3T_Dconst@@A       7c52c030       xlvalues.obj
 0003:00002040       ?_LNan@@3T_Dconst@@A       7c52c040       xlvalues.obj
 0003:00002050       ?_LSnan@@3T_Dconst@@A      7c52c050       xlvalues.obj
 0003:00002060       ?_LRteps@@3T_Dconst@@A     7c52c060       xlvalues.obj
 0003:00002070       ?_LXbig@@3OA               7c52c070       xlvalues.obj
 0003:000020b8       __mep@?_Fiopen@std@@$$FYAPAU_iobuf@@PBDHH@Z 7c52c0b8       fiopen.obj
 0003:000020bc       __mep@?_Fiopen@std@@$$FYAPAU_iobuf@@PB_WHH@Z 7c52c0bc       fiopen.obj
 0003:000020c0       __mep@?_Fiopen@std@@$$FYAPAU_iobuf@@PBGHH@Z 7c52c0c0       fiopen.obj
 0003:000020c8       __mep@?_Xlen@_String_base@std@@$$FSAXXZ 7c52c0c8       string.obj
 0003:000020cc       __mep@??0length_error@std@@$$FQAE@ABV01@@Z 7c52c0cc       string.obj
 0003:000020d0       __mep@?_Xran@_String_base@std@@$$FSAXXZ 7c52c0d0       string.obj
 0003:000020d4       __mep@??0invalid_argument@std@@$$FQAE@ABV01@@Z 7c52c0d4       string.obj
 0003:000020d8       __mep@?_Xinvarg@_String_base@std@@$$FSAXXZ 7c52c0d8       string.obj
 0003:000020dc       __mep@?_Debug_message@std@@$$FYAXPBD0@Z 7c52c0dc       stdthrow.obj
 0003:000020e0       __mep@?_Throw@std@@$$FYAXABVexception@1@@Z 7c52c0e0       stdthrow.obj
 0003:000020e8       __mep@?_Nomemory@std@@$$FYAXXZ 7c52c0e8       nomemory.obj
 0003:000020ec       __mep@?_uncaught_exception_m@std@@$$FYA_NXZ 7c52c0ec       uncaught.obj
 0003:000020f0       __mep@?_Getctype@@$$FYA?AU_Ctypevec@@XZ 7c52c0f0       _tolower.obj
 0003:000020f4       __mep@?_Tolower@@$$FYAHHPBU_Ctypevec@@@Z 7c52c0f4       _tolower.obj
 0003:000020f8       __mep@?_Toupper@@$$FYAHHPBU_Ctypevec@@@Z 7c52c0f8       _toupper.obj
 0003:000020fc       ??_R0?AVtype_info@@@8      7c52c0fc       clr:ti_inst.obj
 0003:00002118       ??_7type_info@@6B@         7c52c118       clr:ti_inst.obj
 0003:0000211c       __mep@?_Stoulx@@$$FYAKPBDPAPADHPAH@Z 7c52c11c       mix_:xstoul.obj
 0003:00002120       __mep@?_Stoul@@$$FYAKPBDPAPADH@Z 7c52c120       mix_:xstoul.obj
 0003:00002124       __mep@?_Stolx@@$$FYAJPBDPAPADHPAH@Z 7c52c124       mix_:xstol.obj
 0003:00002128       __mep@?_Stofx@@$$FYAMPBDPAPADJPAH@Z 7c52c128       mix_:xstof.obj
 0003:0000212c       __mep@?_Stof@@$$FYAMPBDPAPADJ@Z 7c52c12c       mix_:xstof.obj
 0003:00002130       __mep@?_Stoldx@@$$FYAOPBDPAPADJPAH@Z 7c52c130       mix_:xstold.obj
 0003:00002134       __mep@?_Stold@@$$FYAOPBDPAPADJ@Z 7c52c134       mix_:xstold.obj
 0003:00002138       __mep@?_Stoxflt@@$$FYAHPBD0PAPADQAJH@Z 7c52c138       mix_:xstoxflt.obj
 0003:0000213c       __mep@?_Dtentox@@$$FYANNJPAH@Z 7c52c13c       mix_:xdtento.obj
 0003:00002140       __mep@?_Stoflt@@$$FYAHPBD0PAPADQAJH@Z 7c52c140       mix_:xstoflt.obj
 0003:00002144       __mep@?_Stopfx@@$$FYAHPAPBDPAPAD@Z 7c52c144       mix_:xstopfx.obj
 0003:00002148       __mep@?_FDtentox@@$$FYAMMJPAH@Z 7c52c148       mix_:xfdtento.obj
 0003:0000214c       __mep@?_LDtentox@@$$FYAOOJPAH@Z 7c52c14c       mix_:xldtento.obj
 0003:00002150       __mep@?_Dunscale@@$$FYAFPAFPAN@Z 7c52c150       mix_:xdunscal.obj
 0003:00002154       __mep@?_FDunscale@@$$FYAFPAFPAM@Z 7c52c154       mix_:xfdunsca.obj
 0003:00002158       __mep@?_LDunscale@@$$FYAFPAFPAO@Z 7c52c158       mix_:xldunsca.obj
 0003:0000215c       ___security_cookie_complement 7c52c15c       msvcrt:gs_support.obj
 0003:00002160       ___security_cookie         7c52c160       msvcrt:gs_support.obj
 0003:000021b4       ?pusermatherr@@3P6MHPAU_exception@@@ZA 7c52c1b4       mmatherr.obj
 0003:000021d8       ?__mpnhHeap@@3P6MHI@ZA     7c52c1d8       mhandler.obj
 0003:0000226c       ?__pParameter_m@@3P6MXPB_W00II@ZA 7c52c26c       muser.obj
 0003:00002384       ?_Stz@?$fpos@H@std@@0HA    7c52c384       iomanip.obj
 0003:000026f4       ?_Index@ios_base@std@@0HA  7c52c6f4       ios.obj
 0003:000026f8       ?_Fpz@std@@3_JA            7c52c6f8       ios.obj
 0003:00002c98       ?_Ptr_cin@std@@3PAV?$basic_istream@DU?$char_traits@D@std@@@1@A 7c52cc98       iosptrs.obj
 0003:00002c9c       ?_Ptr_cout@std@@3PAV?$basic_ostream@DU?$char_traits@D@std@@@1@A 7c52cc9c       iosptrs.obj
 0003:00002ca0       ?_Ptr_cerr@std@@3PAV?$basic_ostream@DU?$char_traits@D@std@@@1@A 7c52cca0       iosptrs.obj
 0003:00002ca4       ?_Ptr_clog@std@@3PAV?$basic_ostream@DU?$char_traits@D@std@@@1@A 7c52cca4       iosptrs.obj
 0003:00002ca8       ?_Ptr_wcin@std@@3PAV?$basic_istream@_WU?$char_traits@_W@std@@@1@A 7c52cca8       iosptrs.obj
 0003:00002cac       ?_Ptr_wcout@std@@3PAV?$basic_ostream@_WU?$char_traits@_W@std@@@1@A 7c52ccac       iosptrs.obj
 0003:00002cb0       ?_Ptr_wcerr@std@@3PAV?$basic_ostream@_WU?$char_traits@_W@std@@@1@A 7c52ccb0       iosptrs.obj
 0003:00002cb4       ?_Ptr_wclog@std@@3PAV?$basic_ostream@_WU?$char_traits@_W@std@@@1@A 7c52ccb4       iosptrs.obj
 0003:000032a0       ?_Ptr_wcin@std@@3PAV?$basic_istream@GU?$char_traits@G@std@@@1@A 7c52d2a0       ushiostr.obj
 0003:000032a4       ?_Ptr_wcout@std@@3PAV?$basic_ostream@GU?$char_traits@G@std@@@1@A 7c52d2a4       ushiostr.obj
 0003:000032a8       ?_Ptr_wcerr@std@@3PAV?$basic_ostream@GU?$char_traits@G@std@@@1@A 7c52d2a8       ushiostr.obj
 0003:000032ac       ?_Ptr_wclog@std@@3PAV?$basic_ostream@GU?$char_traits@G@std@@@1@A 7c52d2ac       ushiostr.obj
 0003:00003478       ?_Stinit@?1??_Init@?$basic_filebuf@DU?$char_traits@D@std@@@std@@IAMXPAU_iobuf@@W4_Initfl@23@@Z@4HA 7c52d478       cerr.obj
 0003:00003b40       ?cerr@std@@3V?$basic_ostream@DU?$char_traits@D@std@@@1@A 7c52db40       cerr.obj
 0003:0000425c       ?cin@std@@3V?$basic_istream@DU?$char_traits@D@std@@@1@A 7c52e25c       cin.obj
 0003:00004970       ?clog@std@@3V?$basic_ostream@DU?$char_traits@D@std@@@1@A 7c52e970       clog.obj
 0003:00005074       ?cout@std@@3V?$basic_ostream@DU?$char_traits@D@std@@@1@A 7c52f074       cout.obj
 0003:000050b4       ?_Stinit@?1??_Init@?$basic_filebuf@GU?$char_traits@G@std@@@std@@IAMXPAU_iobuf@@W4_Initfl@23@@Z@4HA 7c52f0b4       ushcerr.obj
 0003:00005770       ?wcerr@std@@3V?$basic_ostream@GU?$char_traits@G@std@@@1@A 7c52f770       ushcerr.obj
 0003:00005e64       ?wcin@std@@3V?$basic_istream@GU?$char_traits@G@std@@@1@A 7c52fe64       ushcin.obj
 0003:000064fc       ?wclog@std@@3V?$basic_ostream@GU?$char_traits@G@std@@@1@A 7c5304fc       ushclog.obj
 0003:00006bec       ?wcout@std@@3V?$basic_ostream@GU?$char_traits@G@std@@@1@A 7c530bec       ushcout.obj
 0003:00006c88       ?_Stinit@?1??_Init@?$basic_filebuf@_WU?$char_traits@_W@std@@@std@@IAMXPAU_iobuf@@W4_Initfl@23@@Z@4HA 7c530c88       wcerr.obj
 0003:00007350       ?wcerr@std@@3V?$basic_ostream@_WU?$char_traits@_W@std@@@1@A 7c531350       wcerr.obj
 0003:00007a44       ?wcin@std@@3V?$basic_istream@_WU?$char_traits@_W@std@@@1@A 7c531a44       wcin.obj
 0003:000080d8       ?wclog@std@@3V?$basic_ostream@_WU?$char_traits@_W@std@@@1@A 7c5320d8       wclog.obj
 0003:000087d0       ?wcout@std@@3V?$basic_ostream@_WU?$char_traits@_W@std@@@1@A 7c5327d0       wcout.obj
 0003:00008c9c       ?_Clocptr@_Locimp@locale@std@@0PAV123@A 7c532c9c       locale0.obj
 0003:00008ca0       ?_Id_cnt@id@locale@std@@0HA 7c532ca0       locale0.obj
 0003:00008f68       ?_Zero@@3NA                7c532f68       xvalues.obj
 0003:00008f88       ?_FZero@@3MA               7c532f88       xfvalues.obj
 0003:00008fa8       ?_LZero@@3OA               7c532fa8       xlvalues.obj
 0003:00008fc4       ?__type_info_root_node@@3U__type_info_node@@A 7c532fc4       msvcrt:tncleanup.obj
 0003:00008fcc       __adjust_fdiv              7c532fcc       <common>
 0003:00008fd0       ___onexitend               7c532fd0       <common>
 0003:00008fd4       ___onexitbegin             7c532fd4       <common>
 0003:00008fd8       __pRawDllMain              7c532fd8       <common>
 0003:00008fdc       ___dyn_tls_init_callback   7c532fdc       <common>
 0003:00008fe0       ___native_startup_state    7c532fe0       <common>

 entry point at        0001:00021ba8

 Static symbols

 0001:000006eb       __catch$?ModuleConstructorCleanup@<CrtImplementationDetails>@@$$FYMXP$AAVException@System@@@Z$0 7c4c16eb f     mstartup.obj
 0001:000006fb       __catch$?ModuleConstructorCleanup@<CrtImplementationDetails>@@$$FYMXP$AAVException@System@@@Z$1 7c4c16fb f     mstartup.obj
 0001:000007a7       __catch$?.cctor@@$$FYMXXZ$0 7c4c17a7 f     mstartup.obj
 0001:000008da       __catch$?.cctor@@$$FYMXXZ$2 7c4c18da f     mstartup.obj
 0001:000008e3       __catch$?.cctor@@$$FYMXXZ$3 7c4c18e3 f     mstartup.obj
 0001:000008f4       __catch$?.cctor@@$$FYMXXZ$4 7c4c18f4 f     mstartup.obj
 0001:00002bf7       $LN11                      7c4c3bf7 f i   iomanip.obj
 0001:00002bf7       __catch$?_Copy@?$basic_string@DU?$char_traits@D@std@@V?$allocator@D@2@@std@@$$FIAMXII@Z$0 7c4c3bf7 f i   iomanip.obj
 0001:00002c0e       $LN80                      7c4c3c0e f i   iomanip.obj
 0001:00002c2b       $LN16                      7c4c3c2b f i   iomanip.obj
 0001:00002c2b       __catch$?_Copy@?$basic_string@DU?$char_traits@D@std@@V?$allocator@D@2@@std@@$$FIAMXII@Z$1 7c4c3c2b f i   iomanip.obj
 0001:00002c42       $LN84                      7c4c3c42 f i   iomanip.obj
 0001:00002c63       __catch$?_Copy@?$basic_string@DU?$char_traits@D@std@@V?$allocator@D@2@@std@@$$FIAMXII@Z$2 7c4c3c63 f i   iomanip.obj
 0001:00002c63       $LN20                      7c4c3c63 f i   iomanip.obj
 0001:00002c72       $LN87                      7c4c3c72 f i   iomanip.obj
 0001:00002c7c       __catch$?_Copy@?$basic_string@DU?$char_traits@D@std@@V?$allocator@D@2@@std@@$$FIAMXII@Z$3 7c4c3c7c f i   iomanip.obj
 0001:00002c89       $LN24                      7c4c3c89 f i   iomanip.obj
 0001:00002c89       __catch$?_Copy@?$basic_string@DU?$char_traits@D@std@@V?$allocator@D@2@@std@@$$FIAMXII@Z$5 7c4c3c89 f i   iomanip.obj
 0001:00002c98       $LN88                      7c4c3c98 f i   iomanip.obj
 0001:00002ca2       __catch$?_Copy@?$basic_string@DU?$char_traits@D@std@@V?$allocator@D@2@@std@@$$FIAMXII@Z$6 7c4c3ca2 f i   iomanip.obj
 0001:00007e6a       __catch$?_Init@?$numpunct@D@std@@$$FIAMXABV_Locinfo@2@@Z$0 7c4c8e6a f i   locale.obj
 0001:00007e6a       $LN6                       7c4c8e6a f i   locale.obj
 0001:00007e80       $LN46                      7c4c8e80 f i   locale.obj
 0001:00007e9e       $LN10                      7c4c8e9e f i   locale.obj
 0001:00007e9e       __catch$?_Init@?$numpunct@D@std@@$$FIAMXABV_Locinfo@2@@Z$1 7c4c8e9e f i   locale.obj
 0001:00007ead       $LN49                      7c4c8ead f i   locale.obj
 0001:00007eb7       __catch$?_Init@?$numpunct@D@std@@$$FIAMXABV_Locinfo@2@@Z$2 7c4c8eb7 f i   locale.obj
 0001:0000bdbd       $LN16                      7c4ccdbd f i   xlocale.obj
 0001:0000bdbd       __catch$?_Init@?$_Mpunct@D@std@@$$FIAMXABV_Locinfo@2@@Z$0 7c4ccdbd f i   xlocale.obj
 0001:0000bdd4       $LN44                      7c4ccdd4 f i   xlocale.obj
 0001:0000bdf3       $LN20                      7c4ccdf3 f i   xlocale.obj
 0001:0000bdf3       __catch$?_Init@?$_Mpunct@D@std@@$$FIAMXABV_Locinfo@2@@Z$1 7c4ccdf3 f i   xlocale.obj
 0001:0000be02       $LN47                      7c4cce02 f i   xlocale.obj
 0001:0000be0c       __catch$?_Init@?$_Mpunct@D@std@@$$FIAMXABV_Locinfo@2@@Z$2 7c4cce0c f i   xlocale.obj
 0001:0000e850       $LN6                       7c4cf850 f i   xlocale.obj
 0001:0000e850       __catch$?_Init@?$time_get@DV?$istreambuf_iterator@DU?$char_traits@D@std@@@std@@@std@@$$FIAMXABV_Locinfo@2@@Z$0 7c4cf850 f i   xlocale.obj
 0001:0000e866       $LN30                      7c4cf866 f i   xlocale.obj
 0001:0000e884       $LN10                      7c4cf884 f i   xlocale.obj
 0001:0000e884       __catch$?_Init@?$time_get@DV?$istreambuf_iterator@DU?$char_traits@D@std@@@std@@@std@@$$FIAMXABV_Locinfo@2@@Z$1 7c4cf884 f i   xlocale.obj
 0001:0000e893       $LN33                      7c4cf893 f i   xlocale.obj
 0001:0000e89d       __catch$?_Init@?$time_get@DV?$istreambuf_iterator@DU?$char_traits@D@std@@@std@@@std@@$$FIAMXABV_Locinfo@2@@Z$2 7c4cf89d f i   xlocale.obj
 0001:00010fea       $LN6                       7c4d1fea f i   wlocale.obj
 0001:00010fea       __catch$?_Init@?$numpunct@_W@std@@$$FIAMXABV_Locinfo@2@@Z$0 7c4d1fea f i   wlocale.obj
 0001:00011001       $LN42                      7c4d2001 f i   wlocale.obj
 0001:0001101f       $LN10                      7c4d201f f i   wlocale.obj
 0001:0001101f       __catch$?_Init@?$numpunct@_W@std@@$$FIAMXABV_Locinfo@2@@Z$1 7c4d201f f i   wlocale.obj
 0001:0001102e       $LN45                      7c4d202e f i   wlocale.obj
 0001:00011038       __catch$?_Init@?$numpunct@_W@std@@$$FIAMXABV_Locinfo@2@@Z$2 7c4d2038 f i   wlocale.obj
 0001:000111c6       $LN6                       7c4d21c6 f i   wlocale.obj
 0001:000111c6       __catch$?_Init@?$numpunct@G@std@@$$FIAMXABV_Locinfo@2@@Z$0 7c4d21c6 f i   wlocale.obj
 0001:000111dd       $LN42                      7c4d21dd f i   wlocale.obj
 0001:000111fb       $LN10                      7c4d21fb f i   wlocale.obj
 0001:000111fb       __catch$?_Init@?$numpunct@G@std@@$$FIAMXABV_Locinfo@2@@Z$1 7c4d21fb f i   wlocale.obj
 0001:0001120a       $LN45                      7c4d220a f i   wlocale.obj
 0001:00011214       __catch$?_Init@?$numpunct@G@std@@$$FIAMXABV_Locinfo@2@@Z$2 7c4d2214 f i   wlocale.obj
 0001:00011499       __catch$?_Init@?$_Mpunct@_W@std@@$$FIAMXABV_Locinfo@2@@Z$0 7c4d2499 f i   wlocale.obj
 0001:00011499       $LN16                      7c4d2499 f i   wlocale.obj
 0001:000114b0       $LN40                      7c4d24b0 f i   wlocale.obj
 0001:000114cf       $LN20                      7c4d24cf f i   wlocale.obj
 0001:000114cf       __catch$?_Init@?$_Mpunct@_W@std@@$$FIAMXABV_Locinfo@2@@Z$1 7c4d24cf f i   wlocale.obj
 0001:000114de       $LN43                      7c4d24de f i   wlocale.obj
 0001:000114e8       __catch$?_Init@?$_Mpunct@_W@std@@$$FIAMXABV_Locinfo@2@@Z$2 7c4d24e8 f i   wlocale.obj
 0001:000117e1       __catch$?_Init@?$_Mpunct@G@std@@$$FIAMXABV_Locinfo@2@@Z$0 7c4d27e1 f i   wlocale.obj
 0001:000117e1       $LN16                      7c4d27e1 f i   wlocale.obj
 0001:000117f8       $LN40                      7c4d27f8 f i   wlocale.obj
 0001:00011817       $LN20                      7c4d2817 f i   wlocale.obj
 0001:00011817       __catch$?_Init@?$_Mpunct@G@std@@$$FIAMXABV_Locinfo@2@@Z$1 7c4d2817 f i   wlocale.obj
 0001:00011826       $LN43                      7c4d2826 f i   wlocale.obj
 0001:00011830       __catch$?_Init@?$_Mpunct@G@std@@$$FIAMXABV_Locinfo@2@@Z$2 7c4d2830 f i   wlocale.obj
 0001:00012156       $LN11                      7c4d3156 f i   wlocale.obj
 0001:00012156       __catch$?_Copy@?$basic_string@_WU?$char_traits@_W@std@@V?$allocator@_W@2@@std@@$$FIAMXII@Z$0 7c4d3156 f i   wlocale.obj
 0001:0001216d       $LN80                      7c4d316d f i   wlocale.obj
 0001:0001218c       __catch$?_Copy@?$basic_string@_WU?$char_traits@_W@std@@V?$allocator@_W@2@@std@@$$FIAMXII@Z$1 7c4d318c f i   wlocale.obj
 0001:0001218c       $LN16                      7c4d318c f i   wlocale.obj
 0001:000121a3       $LN84                      7c4d31a3 f i   wlocale.obj
 0001:000121c4       $LN20                      7c4d31c4 f i   wlocale.obj
 0001:000121c4       __catch$?_Copy@?$basic_string@_WU?$char_traits@_W@std@@V?$allocator@_W@2@@std@@$$FIAMXII@Z$2 7c4d31c4 f i   wlocale.obj
 0001:000121d3       $LN87                      7c4d31d3 f i   wlocale.obj
 0001:000121dd       __catch$?_Copy@?$basic_string@_WU?$char_traits@_W@std@@V?$allocator@_W@2@@std@@$$FIAMXII@Z$3 7c4d31dd f i   wlocale.obj
 0001:000121ea       __catch$?_Copy@?$basic_string@_WU?$char_traits@_W@std@@V?$allocator@_W@2@@std@@$$FIAMXII@Z$5 7c4d31ea f i   wlocale.obj
 0001:000121ea       $LN24                      7c4d31ea f i   wlocale.obj
 0001:000121f9       $LN88                      7c4d31f9 f i   wlocale.obj
 0001:00012203       __catch$?_Copy@?$basic_string@_WU?$char_traits@_W@std@@V?$allocator@_W@2@@std@@$$FIAMXII@Z$6 7c4d3203 f i   wlocale.obj
 0001:0001234a       $LN11                      7c4d334a f i   wlocale.obj
 0001:0001234a       __catch$?_Copy@?$basic_string@GU?$char_traits@G@std@@V?$allocator@G@2@@std@@$$FIAMXII@Z$0 7c4d334a f i   wlocale.obj
 0001:00012361       $LN80                      7c4d3361 f i   wlocale.obj
 0001:00012380       __catch$?_Copy@?$basic_string@GU?$char_traits@G@std@@V?$allocator@G@2@@std@@$$FIAMXII@Z$1 7c4d3380 f i   wlocale.obj
 0001:00012380       $LN16                      7c4d3380 f i   wlocale.obj
 0001:00012397       $LN84                      7c4d3397 f i   wlocale.obj
 0001:000123b8       $LN20                      7c4d33b8 f i   wlocale.obj
 0001:000123b8       __catch$?_Copy@?$basic_string@GU?$char_traits@G@std@@V?$allocator@G@2@@std@@$$FIAMXII@Z$2 7c4d33b8 f i   wlocale.obj
 0001:000123c7       $LN87                      7c4d33c7 f i   wlocale.obj
 0001:000123d1       __catch$?_Copy@?$basic_string@GU?$char_traits@G@std@@V?$allocator@G@2@@std@@$$FIAMXII@Z$3 7c4d33d1 f i   wlocale.obj
 0001:000123de       $LN24                      7c4d33de f i   wlocale.obj
 0001:000123de       __catch$?_Copy@?$basic_string@GU?$char_traits@G@std@@V?$allocator@G@2@@std@@$$FIAMXII@Z$5 7c4d33de f i   wlocale.obj
 0001:000123ed       $LN88                      7c4d33ed f i   wlocale.obj
 0001:000123f7       __catch$?_Copy@?$basic_string@GU?$char_traits@G@std@@V?$allocator@G@2@@std@@$$FIAMXII@Z$6 7c4d33f7 f i   wlocale.obj
 0001:0001aeb0       $LN6                       7c4dbeb0 f i   wlocale.obj
 0001:0001aeb0       __catch$?_Init@?$time_get@_WV?$istreambuf_iterator@_WU?$char_traits@_W@std@@@std@@@std@@$$FIAMXABV_Locinfo@2@@Z$0 7c4dbeb0 f i   wlocale.obj
 0001:0001aec6       $LN30                      7c4dbec6 f i   wlocale.obj
 0001:0001aee4       $LN10                      7c4dbee4 f i   wlocale.obj
 0001:0001aee4       __catch$?_Init@?$time_get@_WV?$istreambuf_iterator@_WU?$char_traits@_W@std@@@std@@@std@@$$FIAMXABV_Locinfo@2@@Z$1 7c4dbee4 f i   wlocale.obj
 0001:0001aef3       $LN33                      7c4dbef3 f i   wlocale.obj
 0001:0001aefd       __catch$?_Init@?$time_get@_WV?$istreambuf_iterator@_WU?$char_traits@_W@std@@@std@@@std@@$$FIAMXABV_Locinfo@2@@Z$2 7c4dbefd f i   wlocale.obj
 0001:0001bfb4       $LN6                       7c4dcfb4 f i   wlocale.obj
 0001:0001bfb4       __catch$?_Init@?$time_get@GV?$istreambuf_iterator@GU?$char_traits@G@std@@@std@@@std@@$$FIAMXABV_Locinfo@2@@Z$0 7c4dcfb4 f i   wlocale.obj
 0001:0001bfca       $LN30                      7c4dcfca f i   wlocale.obj
 0001:0001bfe8       $LN10                      7c4dcfe8 f i   wlocale.obj
 0001:0001bfe8       __catch$?_Init@?$time_get@GV?$istreambuf_iterator@GU?$char_traits@G@std@@@std@@@std@@$$FIAMXABV_Locinfo@2@@Z$1 7c4dcfe8 f i   wlocale.obj
 0001:0001bff7       $LN33                      7c4dcff7 f i   wlocale.obj
 0001:0001c001       __catch$?_Init@?$time_get@GV?$istreambuf_iterator@GU?$char_traits@G@std@@@std@@@std@@$$FIAMXABV_Locinfo@2@@Z$2 7c4dd001 f i   wlocale.obj
 0001:00020127       __catch$?_atexit_helper@@$$J0YMHP6MXXZPAIPAPAP6MXXZ2@Z$0 7c4e1127 f     clr:msilexit.obj
 0001:00020178       __catch$?_atexit_helper@@$$J0YMHP6MXXZPAIPAPAP6MXXZ2@Z$2 7c4e1178 f     clr:msilexit.obj
 0001:0002017f       __catch$?_atexit_helper@@$$J0YMHP6MXXZPAIPAPAP6MXXZ2@Z$3 7c4e117f f     clr:msilexit.obj
 0001:0002061e       _pre_c_init                7c4e161e f     msvcrt:crtdll.obj
