 msvcp80

 Timestamp is 3f60fe83 (Thu Sep 11 16:00:19 2003)

 Preferred load address is 7c080000

 Start         Length     Name                   Class
 0001:00000000 0002bf82H .text                   CODE
 0001:0002bf82 00001ee2H .text$x                 CODE
 0001:0002de64 000004b5H .text$yc                CODE
 0001:0002e319 000001a5H .text$yd                CODE
 0002:00000000 000001c0H .idata$5                DATA
 0002:000001c0 000011c8H .rdata                  DATA
 0002:00001388 00000024H .rdata$debug            DATA
 0002:000013ac 00001f8cH .rdata$r                DATA
 0002:00003340 0000040cH .rdata$sxdata           DATA
 0002:0000374c 00000004H .rtc$IAA                DATA
 0002:00003750 00000004H .rtc$IZZ                DATA
 0002:00003754 00000004H .rtc$TAA                DATA
 0002:00003758 00000004H .rtc$TZZ                DATA
 0002:00003760 00004e2cH .xdata$x                DATA
 0002:0000858c 00000028H .idata$2                DATA
 0002:000085b4 00000014H .idata$3                DATA
 0002:000085c8 000001c0H .idata$4                DATA
 0002:00008788 00000714H .idata$6                DATA
 0002:00008ea0 00039b24H .edata                  DATA
 0003:00000000 00000004H .CRT$XCA                DATA
 0003:00000004 00000004H .CRT$XCAA               DATA
 0003:00000008 000000ccH .CRT$XCC                DATA
 0003:000000d4 00000004H .CRT$XCU                DATA
 0003:000000d8 00000004H .CRT$XCZ                DATA
 0003:000000dc 00000004H .CRT$XIA                DATA
 0003:000000e0 00000004H .CRT$XIZ                DATA
 0003:000000f0 00001780H .data                   DATA
 0003:00001870 00000a30H .bss                    DATA
 0004:00000000 00000058H .rsrc$01                DATA
 0004:00000060 00000368H .rsrc$02                DATA

  Address         Publics by Value              Rva+Base     Lib:Object

 0000:00000000       __except_list              00000000     <absolute>
 0000:00000103       ___safe_se_handler_count   00000103     <absolute>
 0000:00009876       __ldused                   00009876     <absolute>
 0000:00009876       __fltused                  00009876     <absolute>
 0001:00000000       _wmemchr                   7c081000 f i cerr.obj
 0001:00000020       _wmemcmp                   7c081020 f i cerr.obj
 0001:00000051       _wmemcpy                   7c081051 f i cerr.obj
 0001:00000069       _wmemmove                  7c081069 f i cerr.obj
 0001:00000082       _wmemset                   7c081082 f i cerr.obj
 0001:000000ad       ?assign@?$char_traits@_W@std@@SAXAA_WAB_W@Z 7c0810ad f i cerr.obj
 0001:000000ad       ?assign@?$char_traits@G@std@@SAXAAGABG@Z 7c0810ad f i cerr.obj
 0001:000000bc       ?compare@?$char_traits@G@std@@SAHPBG0I@Z 7c0810bc f i cerr.obj
 0001:000000bc       ?compare@?$char_traits@_W@std@@SAHPB_W0I@Z 7c0810bc f i cerr.obj
 0001:000000c1       ?copy@?$char_traits@_W@std@@SAPA_WPA_WPB_WI@Z 7c0810c1 f i cerr.obj
 0001:000000c1       ?copy@?$char_traits@G@std@@SAPAGPAGPBGI@Z 7c0810c1 f i cerr.obj
 0001:000000c6       ?assign@?$char_traits@_W@std@@SAPA_WPA_WI_W@Z 7c0810c6 f i cerr.obj
 0001:000000c6       ?assign@?$char_traits@G@std@@SAPAGPAGIG@Z 7c0810c6 f i cerr.obj
 0001:000000db       ?to_char_type@?$char_traits@G@std@@SAGABG@Z 7c0810db f i cerr.obj
 0001:000000db       ?to_char_type@?$char_traits@_W@std@@SA_WABG@Z 7c0810db f i cerr.obj
 0001:000000db       ?to_int_type@?$char_traits@G@std@@SAGABG@Z 7c0810db f i cerr.obj
 0001:000000db       ?to_int_type@?$char_traits@_W@std@@SAGAB_W@Z 7c0810db f i cerr.obj
 0001:000000e3       ?eq_int_type@?$char_traits@_W@std@@SA_NABG0@Z 7c0810e3 f i cerr.obj
 0001:000000e3       ?eq@?$char_traits@_W@std@@SA_NAB_W0@Z 7c0810e3 f i cerr.obj
 0001:000000e3       ?eq@?$char_traits@G@std@@SA_NABG0@Z 7c0810e3 f i cerr.obj
 0001:000000e3       ?eq_int_type@?$char_traits@G@std@@SA_NABG0@Z 7c0810e3 f i cerr.obj
 0001:000000f8       ?not_eof@?$char_traits@G@std@@SAGABG@Z 7c0810f8 f i cerr.obj
 0001:000000f8       ?not_eof@?$char_traits@_W@std@@SAGABG@Z 7c0810f8 f i cerr.obj
 0001:0000010c       ?lt@?$char_traits@G@std@@SA_NABG0@Z 7c08110c f i cerr.obj
 0001:0000010c       ?lt@?$char_traits@_W@std@@SA_NAB_W0@Z 7c08110c f i cerr.obj
 0001:0000011f       ?length@?$char_traits@_W@std@@SAIPB_W@Z 7c08111f f i cerr.obj
 0001:0000011f       ?length@?$char_traits@G@std@@SAIPBG@Z 7c08111f f i cerr.obj
 0001:00000125       ?find@?$char_traits@_W@std@@SAPB_WPB_WIAB_W@Z 7c081125 f i cerr.obj
 0001:00000125       ?find@?$char_traits@G@std@@SAPBGPBGIABG@Z 7c081125 f i cerr.obj
 0001:0000013e       ?move@?$char_traits@G@std@@SAPAGPAGPBGI@Z 7c08113e f i cerr.obj
 0001:0000013e       ?move@?$char_traits@_W@std@@SAPA_WPA_WPB_WI@Z 7c08113e f i cerr.obj
 0001:00000143       ?assign@?$char_traits@D@std@@SAXAADABD@Z 7c081143 f i cerr.obj
 0001:00000150       ?eq@?$char_traits@D@std@@SA_NABD0@Z 7c081150 f i cerr.obj
 0001:00000162       ?lt@?$char_traits@D@std@@SA_NABD0@Z 7c081162 f i cerr.obj
 0001:00000176       ?compare@?$char_traits@D@std@@SAHPBD0I@Z 7c081176 f i cerr.obj
 0001:0000017b       ?length@?$char_traits@D@std@@SAIPBD@Z 7c08117b f i cerr.obj
 0001:00000180       ?copy@?$char_traits@D@std@@SAPADPADPBDI@Z 7c081180 f i cerr.obj
 0001:00000185       ?find@?$char_traits@D@std@@SAPBDPBDIABD@Z 7c081185 f i cerr.obj
 0001:0000019f       ?move@?$char_traits@D@std@@SAPADPADPBDI@Z 7c08119f f i cerr.obj
 0001:000001a5       ?assign@?$char_traits@D@std@@SAPADPADID@Z 7c0811a5 f i cerr.obj
 0001:000001bc       ?to_char_type@?$char_traits@D@std@@SADABH@Z 7c0811bc f i cerr.obj
 0001:000001c3       ?to_int_type@?$char_traits@D@std@@SAHABD@Z 7c0811c3 f i cerr.obj
 0001:000001cb       ?eq_int_type@?$char_traits@D@std@@SA_NABH0@Z 7c0811cb f i cerr.obj
 0001:000001dd       ?not_eof@?$char_traits@D@std@@SAHABH@Z 7c0811dd f i cerr.obj
 0001:000001ed       ??0?$allocator@X@std@@QAE@XZ 7c0811ed f i cerr.obj
 0001:000001f0       ??4?$_String_val@_WV?$allocator@_W@std@@@std@@QAEAAV01@ABV01@@Z 7c0811f0 f i instances.obj
 0001:000001f0       ??4?$_String_val@GV?$allocator@G@std@@@std@@QAEAAV01@ABV01@@Z 7c0811f0 f i instances.obj
 0001:000001f0       ??4?$_String_val@DV?$allocator@D@std@@@std@@QAEAAV01@ABV01@@Z 7c0811f0 f i cerr.obj
 0001:000001fd       ??0_Timevec@std@@QAE@PAX@Z 7c0811fd f i cerr.obj
 0001:000001fd       ??0id@locale@std@@QAE@I@Z  7c0811fd f i cerr.obj
 0001:000001fd       ??0locale@std@@AAE@PAV_Locimp@01@@Z 7c0811fd f i cerr.obj
 0001:00000208       ??1_Timevec@std@@QAE@XZ    7c081208 f i cerr.obj
 0001:00000212       ?_Getptr@_Timevec@std@@QBEPAXXZ 7c081212 f i cerr.obj
 0001:00000215       ?_Getcoll@_Locinfo@std@@QBE?AU_Collvec@@XZ 7c081215 f i cerr.obj
 0001:00000228       ?_Getctype@_Locinfo@std@@QBE?AU_Ctypevec@@XZ 7c081228 f i cerr.obj
 0001:0000024b       ?_Getcvt@_Locinfo@std@@QBE?AU_Cvtvec@@XZ 7c08124b f i cerr.obj
 0001:0000025e       ?_Getlconv@_Locinfo@std@@QBEPBUlconv@@XZ 7c08125e f i cerr.obj
 0001:00000264       ?_Gettnames@_Locinfo@std@@QBE?AV_Timevec@2@XZ 7c081264 f i cerr.obj
 0001:0000027c       ?_Getfalse@_Locinfo@std@@QBEPBDXZ 7c08127c f i cerr.obj
 0001:00000282       ?_Gettrue@_Locinfo@std@@QBEPBDXZ 7c081282 f i cerr.obj
 0001:00000288       ?_Getdateorder@_Locinfo@std@@QBEHXZ 7c081288 f i cerr.obj
 0001:0000028d       ??_F_Locinfo@std@@QAEXXZ   7c08128d f i cerr.obj
 0001:00000298       ??Bid@locale@std@@QAEIXZ   7c081298 f i cerr.obj
 0001:000002cd       ?_Incref@facet@locale@std@@QAEXXZ 7c0812cd f i cerr.obj
 0001:000002f5       ?_Decref@facet@locale@std@@QAEPAV123@XZ 7c0812f5 f i cerr.obj
 0001:00000330       ??0facet@locale@std@@IAE@I@Z 7c081330 f i cerr.obj
 0001:00000342       ??0locale@std@@QAE@ABV01@@Z 7c081342 f i cerr.obj
 0001:00000358       ??1locale@std@@QAE@XZ      7c081358 f i cerr.obj
 0001:00000370       ??4locale@std@@QAEAAV01@ABV01@@Z 7c081370 f i cerr.obj
 0001:0000039f       ??9locale@std@@QBE_NABV01@@Z 7c08139f f i cerr.obj
 0001:000003b0       ??_Fid@locale@std@@QAEXXZ  7c0813b0 f i cerr.obj
 0001:000003b0       ??_F_Timevec@std@@QAEXXZ   7c0813b0 f i cerr.obj
 0001:000003b4       ??_Ffacet@locale@std@@QAEXXZ 7c0813b4 f i cerr.obj
 0001:000003bf       ??_F_Locimp@locale@std@@QAEXXZ 7c0813bf f i cerr.obj
 0001:000003c7       ??0codecvt_base@std@@QAE@I@Z 7c0813c7 f i cerr.obj
 0001:000003d9       ??1time_base@std@@UAE@XZ   7c0813d9 f i instances.obj
 0001:000003d9       ??1?$num_put@DV?$ostreambuf_iterator@DU?$char_traits@D@std@@@std@@@std@@MAE@XZ 7c0813d9 f i instances.obj
 0001:000003d9       ??1?$messages@D@std@@UAE@XZ 7c0813d9 f i instances.obj
 0001:000003d9       ??1messages_base@std@@UAE@XZ 7c0813d9 f i instances.obj
 0001:000003d9       ??1?$num_put@GV?$ostreambuf_iterator@GU?$char_traits@G@std@@@std@@@std@@MAE@XZ 7c0813d9 f i instances.obj
 0001:000003d9       ??1?$num_get@_WV?$istreambuf_iterator@_WU?$char_traits@_W@std@@@std@@@std@@MAE@XZ 7c0813d9 f i instances.obj
 0001:000003d9       ??1?$num_get@DV?$istreambuf_iterator@DU?$char_traits@D@std@@@std@@@std@@MAE@XZ 7c0813d9 f i instances.obj
 0001:000003d9       ??1?$num_put@_WV?$ostreambuf_iterator@_WU?$char_traits@_W@std@@@std@@@std@@MAE@XZ 7c0813d9 f i instances.obj
 0001:000003d9       ??1?$messages@_W@std@@UAE@XZ 7c0813d9 f i instances.obj
 0001:000003d9       ??1money_base@std@@UAE@XZ  7c0813d9 f i instances.obj
 0001:000003d9       ??1?$money_put@GV?$ostreambuf_iterator@GU?$char_traits@G@std@@@std@@@std@@MAE@XZ 7c0813d9 f i instances.obj
 0001:000003d9       ??1facet@locale@std@@UAE@XZ 7c0813d9 f i cerr.obj
 0001:000003d9       ??1?$collate@D@std@@MAE@XZ 7c0813d9 f i instances.obj
 0001:000003d9       ??1?$money_get@GV?$istreambuf_iterator@GU?$char_traits@G@std@@@std@@@std@@MAE@XZ 7c0813d9 f i instances.obj
 0001:000003d9       ??1?$num_get@GV?$istreambuf_iterator@GU?$char_traits@G@std@@@std@@@std@@MAE@XZ 7c0813d9 f i instances.obj
 0001:000003d9       ??1codecvt_base@std@@UAE@XZ 7c0813d9 f i cerr.obj
 0001:000003d9       ??1?$codecvt@_WDH@std@@MAE@XZ 7c0813d9 f i cerr.obj
 0001:000003d9       ??1?$money_get@DV?$istreambuf_iterator@DU?$char_traits@D@std@@@std@@@std@@MAE@XZ 7c0813d9 f i instances.obj
 0001:000003d9       ??1?$money_put@DV?$ostreambuf_iterator@DU?$char_traits@D@std@@@std@@@std@@MAE@XZ 7c0813d9 f i instances.obj
 0001:000003d9       ??1?$messages@G@std@@UAE@XZ 7c0813d9 f i instances.obj
 0001:000003d9       ??1ctype_base@std@@UAE@XZ  7c0813d9 f i cerr.obj
 0001:000003d9       ??1?$money_get@_WV?$istreambuf_iterator@_WU?$char_traits@_W@std@@@std@@@std@@MAE@XZ 7c0813d9 f i instances.obj
 0001:000003d9       ??1?$collate@_W@std@@MAE@XZ 7c0813d9 f i instances.obj
 0001:000003d9       ??1?$codecvt@DDH@std@@MAE@XZ 7c0813d9 f i cerr.obj
 0001:000003d9       ??1?$money_put@_WV?$ostreambuf_iterator@_WU?$char_traits@_W@std@@@std@@@std@@MAE@XZ 7c0813d9 f i instances.obj
 0001:000003d9       ??1?$collate@G@std@@MAE@XZ 7c0813d9 f i instances.obj
 0001:000003d9       ??1?$codecvt@GDH@std@@MAE@XZ 7c0813d9 f i cerr.obj
 0001:000003e0       ?do_encoding@codecvt_base@std@@MBEHXZ 7c0813e0 f i cerr.obj
 0001:000003e0       ?do_max_length@codecvt_base@std@@MBEHXZ 7c0813e0 f i cerr.obj
 0001:000003e4       ??_Fcodecvt_base@std@@QAEXXZ 7c0813e4 f i cerr.obj
 0001:000003ef       ?out@?$codecvt@DDH@std@@QBEHAAHPBD1AAPBDPAD3AAPAD@Z 7c0813ef f i cerr.obj
 0001:000003ef       ?out@?$codecvt@GDH@std@@QBEHAAHPBG1AAPBGPAD3AAPAD@Z 7c0813ef f i cerr.obj
 0001:000003ef       ?out@?$codecvt@_WDH@std@@QBEHAAHPB_W1AAPB_WPAD3AAPAD@Z 7c0813ef f i cerr.obj
 0001:000003f8       ?do_in@?$codecvt@_WDH@std@@MBEHAAHPBD1AAPBDPA_W3AAPA_W@Z 7c0813f8 f i cerr.obj
 0001:000003f8       ?do_in@?$codecvt@GDH@std@@MBEHAAHPBD1AAPBDPAG3AAPAG@Z 7c0813f8 f i cerr.obj
 0001:00000485       ?do_out@?$codecvt@_WDH@std@@MBEHAAHPB_W1AAPB_WPAD3AAPAD@Z 7c081485 f i cerr.obj
 0001:00000485       ?do_out@?$codecvt@GDH@std@@MBEHAAHPBG1AAPBGPAD3AAPAD@Z 7c081485 f i cerr.obj
 0001:00000575       ?do_max_length@?$codecvt@GDH@std@@MBEHXZ 7c081575 f i cerr.obj
 0001:00000575       ?do_max_length@?$codecvt@_WDH@std@@MBEHXZ 7c081575 f i cerr.obj
 0001:00000579       ?do_unshift@?$codecvt@_WDH@std@@MBEHAAHPAD1AAPAD@Z 7c081579 f i cerr.obj
 0001:00000579       ?do_unshift@?$codecvt@GDH@std@@MBEHAAHPAD1AAPAD@Z 7c081579 f i cerr.obj
 0001:00000600       ?do_length@?$codecvt@_WDH@std@@MBEHABHPBD1I@Z 7c081600 f i cerr.obj
 0001:00000600       ?do_length@?$codecvt@GDH@std@@MBEHABHPBD1I@Z 7c081600 f i cerr.obj
 0001:00000668       ??_E?$codecvt@_WDH@std@@MAEPAXI@Z 7c081668 f i cerr.obj
 0001:00000668       ??_E?$num_get@_WV?$istreambuf_iterator@_WU?$char_traits@_W@std@@@std@@@std@@MAEPAXI@Z 7c081668 f i instances.obj
 0001:00000668       ??_E?$money_get@_WV?$istreambuf_iterator@_WU?$char_traits@_W@std@@@std@@@std@@MAEPAXI@Z 7c081668 f i instances.obj
 0001:00000668       ??_E?$collate@G@std@@MAEPAXI@Z 7c081668 f i instances.obj
 0001:00000668       ??_E?$collate@_W@std@@MAEPAXI@Z 7c081668 f i instances.obj
 0001:00000668       ??_E?$money_get@GV?$istreambuf_iterator@GU?$char_traits@G@std@@@std@@@std@@MAEPAXI@Z 7c081668 f i instances.obj
 0001:00000668       ??_E?$num_get@DV?$istreambuf_iterator@DU?$char_traits@D@std@@@std@@@std@@MAEPAXI@Z 7c081668 f i instances.obj
 0001:00000668       ??_E?$money_put@GV?$ostreambuf_iterator@GU?$char_traits@G@std@@@std@@@std@@MAEPAXI@Z 7c081668 f i instances.obj
 0001:00000668       ??_E?$collate@D@std@@MAEPAXI@Z 7c081668 f i instances.obj
 0001:00000668       ??_E?$codecvt@GDH@std@@MAEPAXI@Z 7c081668 f i cerr.obj
 0001:00000668       ??_E?$num_put@DV?$ostreambuf_iterator@DU?$char_traits@D@std@@@std@@@std@@MAEPAXI@Z 7c081668 f i instances.obj
 0001:00000668       ??_E?$num_get@GV?$istreambuf_iterator@GU?$char_traits@G@std@@@std@@@std@@MAEPAXI@Z 7c081668 f i instances.obj
 0001:00000668       ??_E?$money_put@_WV?$ostreambuf_iterator@_WU?$char_traits@_W@std@@@std@@@std@@MAEPAXI@Z 7c081668 f i instances.obj
 0001:00000668       ??_E?$num_put@_WV?$ostreambuf_iterator@_WU?$char_traits@_W@std@@@std@@@std@@MAEPAXI@Z 7c081668 f i instances.obj
 0001:00000668       ??_E?$money_get@DV?$istreambuf_iterator@DU?$char_traits@D@std@@@std@@@std@@MAEPAXI@Z 7c081668 f i instances.obj
 0001:00000668       ??_E?$num_put@GV?$ostreambuf_iterator@GU?$char_traits@G@std@@@std@@@std@@MAEPAXI@Z 7c081668 f i instances.obj
 0001:00000668       ??_E?$money_put@DV?$ostreambuf_iterator@DU?$char_traits@D@std@@@std@@@std@@MAEPAXI@Z 7c081668 f i instances.obj
 0001:000006b2       ??0ctype_base@std@@QAE@I@Z 7c0816b2 f i cerr.obj
 0001:000006c4       ??_Fctype_base@std@@QAEXXZ 7c0816c4 f i cerr.obj
 0001:000006cf       ?is@?$ctype@D@std@@QBE_NFD@Z 7c0816cf f i cerr.obj
 0001:000006ea       ?is@?$ctype@D@std@@QBEPBDPBD0PAF@Z 7c0816ea f i cerr.obj
 0001:00000715       ?scan_is@?$ctype@D@std@@QBEPBDFPBD0@Z 7c081715 f i cerr.obj
 0001:0000073c       ?scan_not@?$ctype@D@std@@QBEPBDFPBD0@Z 7c08173c f i cerr.obj
 0001:00000763       ?_Init@?$ctype@D@std@@IAEXABV_Locinfo@2@@Z 7c081763 f i cerr.obj
 0001:00000788       ?_Tidy@?$ctype@D@std@@IAEXXZ 7c081788 f i cerr.obj
 0001:000007a6       ?do_tolower@?$ctype@D@std@@MBEDD@Z 7c0817a6 f i cerr.obj
 0001:000007ba       ?do_tolower@?$ctype@D@std@@MBEPBDPADPBD@Z 7c0817ba f i cerr.obj
 0001:000007e5       ?do_toupper@?$ctype@D@std@@MBEDD@Z 7c0817e5 f i cerr.obj
 0001:000007f9       ?do_toupper@?$ctype@D@std@@MBEPBDPADPBD@Z 7c0817f9 f i cerr.obj
 0001:00000824       ?do_widen@?$ctype@D@std@@MBEDD@Z 7c081824 f i cerr.obj
 0001:0000082b       ?do_widen@?$ctype@D@std@@MBEPBDPBD0PAD@Z 7c08182b f i cerr.obj
 0001:0000084a       ?do_narrow@?$ctype@D@std@@MBEDDD@Z 7c08184a f i cerr.obj
 0001:00000851       ?do_narrow@?$ctype@D@std@@MBEPBDPBD0DPAD@Z 7c081851 f i cerr.obj
 0001:00000870       ?pubsetbuf@?$basic_streambuf@GU?$char_traits@G@std@@@std@@QAEPAV12@PAGH@Z 7c081870 f i instances.obj
 0001:00000870       ?widen@?$ctype@G@std@@QBEGD@Z 7c081870 f i cerr.obj
 0001:00000870       ?widen@?$ctype@_W@std@@QBE_WD@Z 7c081870 f i cerr.obj
 0001:00000870       ?pubsetbuf@?$basic_streambuf@DU?$char_traits@D@std@@@std@@QAEPAV12@PADH@Z 7c081870 f i instances.obj
 0001:00000870       ?pubsetbuf@?$basic_streambuf@_WU?$char_traits@_W@std@@@std@@QAEPAV12@PA_WH@Z 7c081870 f i instances.obj
 0001:00000875       ??1?$ctype@_W@std@@MAE@XZ  7c081875 f i cerr.obj
 0001:00000896       ?do_is@?$ctype@_W@std@@MBE_NF_W@Z 7c081896 f i cerr.obj
 0001:00000896       ?do_is@?$ctype@G@std@@MBE_NFG@Z 7c081896 f i cerr.obj
 0001:000008b4       ?do_scan_not@?$ctype@_W@std@@MBEPB_WFPB_W0@Z 7c0818b4 f i cerr.obj
 0001:000008b4       ?do_scan_not@?$ctype@G@std@@MBEPBGFPBG0@Z 7c0818b4 f i cerr.obj
 0001:000008e0       ?do_tolower@?$ctype@_W@std@@MBEPB_WPA_WPB_W@Z 7c0818e0 f i cerr.obj
 0001:000008e0       ?do_tolower@?$ctype@G@std@@MBEPBGPAGPBG@Z 7c0818e0 f i cerr.obj
 0001:0000090d       ?do_toupper@?$ctype@G@std@@MBEPBGPAGPBG@Z 7c08190d f i cerr.obj
 0001:0000090d       ?do_toupper@?$ctype@_W@std@@MBEPB_WPA_WPB_W@Z 7c08190d f i cerr.obj
 0001:0000093a       ?_Dowiden@?$ctype@_W@std@@IBE_WD@Z 7c08193a f i cerr.obj
 0001:0000093a       ?_Dowiden@?$ctype@G@std@@IBEGD@Z 7c08193a f i cerr.obj
 0001:0000096e       ?do_widen@?$ctype@_W@std@@MBE_WD@Z 7c08196e f i cerr.obj
 0001:0000096e       ?do_widen@?$ctype@G@std@@MBEGD@Z 7c08196e f i cerr.obj
 0001:00000973       ?do_widen@?$ctype@G@std@@MBEPBDPBD0PAG@Z 7c081973 f i cerr.obj
 0001:00000973       ?do_widen@?$ctype@_W@std@@MBEPBDPBD0PA_W@Z 7c081973 f i cerr.obj
 0001:000009a5       ?_Donarrow@?$ctype@_W@std@@IBED_WD@Z 7c0819a5 f i cerr.obj
 0001:000009a5       ?_Donarrow@?$ctype@G@std@@IBEDGD@Z 7c0819a5 f i cerr.obj
 0001:000009e5       ?do_narrow@?$ctype@_W@std@@MBED_WD@Z 7c0819e5 f i cerr.obj
 0001:000009e5       ?do_narrow@?$ctype@G@std@@MBEDGD@Z 7c0819e5 f i cerr.obj
 0001:000009ea       ?scan_not@?$ctype@_W@std@@QBEPB_WFPB_W0@Z 7c0819ea f i cerr.obj
 0001:000009ea       ?toupper@?$ctype@D@std@@QBEDD@Z 7c0819ea f i cerr.obj
 0001:000009ea       ?scan_not@?$ctype@G@std@@QBEPBGFPBG0@Z 7c0819ea f i cerr.obj
 0001:000009ef       ?tolower@?$ctype@_W@std@@QBE_W_W@Z 7c0819ef f i cerr.obj
 0001:000009ef       ?unshift@?$codecvt@DDH@std@@QBEHAAHPAD1AAPAD@Z 7c0819ef f i cerr.obj
 0001:000009ef       ?sgetn@?$basic_streambuf@_WU?$char_traits@_W@std@@@std@@QAEHPA_WH@Z 7c0819ef f i instances.obj
 0001:000009ef       ?unshift@?$codecvt@GDH@std@@QBEHAAHPAD1AAPAD@Z 7c0819ef f i cerr.obj
 0001:000009ef       ?unshift@?$codecvt@_WDH@std@@QBEHAAHPAD1AAPAD@Z 7c0819ef f i cerr.obj
 0001:000009ef       ?tolower@?$ctype@G@std@@QBEGG@Z 7c0819ef f i cerr.obj
 0001:000009ef       ?widen@?$ctype@D@std@@QBEDD@Z 7c0819ef f i cerr.obj
 0001:000009ef       ?sgetn@?$basic_streambuf@GU?$char_traits@G@std@@@std@@QAEHPAGH@Z 7c0819ef f i instances.obj
 0001:000009ef       ?sgetn@?$basic_streambuf@DU?$char_traits@D@std@@@std@@QAEHPADH@Z 7c0819ef f i instances.obj
 0001:000009f4       ?tolower@?$ctype@_W@std@@QBEPB_WPA_WPB_W@Z 7c0819f4 f i cerr.obj
 0001:000009f4       ?widen@?$ctype@D@std@@QBEPBDPBD0PAD@Z 7c0819f4 f i cerr.obj
 0001:000009f4       ?tolower@?$ctype@G@std@@QBEPBGPAGPBG@Z 7c0819f4 f i cerr.obj
 0001:000009f9       ?toupper@?$ctype@G@std@@QBEGG@Z 7c0819f9 f i cerr.obj
 0001:000009f9       ?narrow@?$ctype@D@std@@QBEDDD@Z 7c0819f9 f i cerr.obj
 0001:000009f9       ?toupper@?$ctype@_W@std@@QBE_W_W@Z 7c0819f9 f i cerr.obj
 0001:000009fe       ?widen@?$ctype@_W@std@@QBEPBDPBD0PA_W@Z 7c0819fe f i cerr.obj
 0001:000009fe       ?widen@?$ctype@G@std@@QBEPBDPBD0PAG@Z 7c0819fe f i cerr.obj
 0001:00000a03       ?narrow@?$ctype@G@std@@QBEDGD@Z 7c081a03 f i cerr.obj
 0001:00000a03       ?narrow@?$ctype@_W@std@@QBED_WD@Z 7c081a03 f i cerr.obj
 0001:00000a08       ?pubsync@?$basic_streambuf@GU?$char_traits@G@std@@@std@@QAEHXZ 7c081a08 f i cerr.obj
 0001:00000a08       ?narrow@?$ctype@G@std@@QBEPBGPBG0DPAD@Z 7c081a08 f i cerr.obj
 0001:00000a08       ?pubsync@?$basic_streambuf@_WU?$char_traits@_W@std@@@std@@QAEHXZ 7c081a08 f i cerr.obj
 0001:00000a08       ?narrow@?$ctype@_W@std@@QBEPB_WPB_W0DPAD@Z 7c081a08 f i cerr.obj
 0001:00000a08       ?pubsync@?$basic_streambuf@DU?$char_traits@D@std@@@std@@QAEHXZ 7c081a08 f i cerr.obj
 0001:00000a0d       ??1?$ctype@G@std@@MAE@XZ   7c081a0d f i cerr.obj
 0001:00000a2e       ?_Init@?$ctype@_W@std@@IAEXABV_Locinfo@2@@Z 7c081a2e f i cerr.obj
 0001:00000a2e       ?_Init@?$ctype@G@std@@IAEXABV_Locinfo@2@@Z 7c081a2e f i cerr.obj
 0001:00000a60       ?do_is@?$ctype@_W@std@@MBEPB_WPB_W0PAF@Z 7c081a60 f i cerr.obj
 0001:00000a60       ?do_is@?$ctype@G@std@@MBEPBGPBG0PAF@Z 7c081a60 f i cerr.obj
 0001:00000a7b       ?do_scan_is@?$ctype@_W@std@@MBEPB_WFPB_W0@Z 7c081a7b f i cerr.obj
 0001:00000a7b       ?do_scan_is@?$ctype@G@std@@MBEPBGFPBG0@Z 7c081a7b f i cerr.obj
 0001:00000aa7       ?do_tolower@?$ctype@G@std@@MBEGG@Z 7c081aa7 f i cerr.obj
 0001:00000aa7       ?do_tolower@?$ctype@_W@std@@MBE_W_W@Z 7c081aa7 f i cerr.obj
 0001:00000ab9       ?do_toupper@?$ctype@G@std@@MBEGG@Z 7c081ab9 f i cerr.obj
 0001:00000ab9       ?do_toupper@?$ctype@_W@std@@MBE_W_W@Z 7c081ab9 f i cerr.obj
 0001:00000acb       ?do_narrow@?$ctype@G@std@@MBEPBGPBG0DPAD@Z 7c081acb f i cerr.obj
 0001:00000acb       ?do_narrow@?$ctype@_W@std@@MBEPB_WPB_W0DPAD@Z 7c081acb f i cerr.obj
 0001:00000aff       ??_E?$ctype@_W@std@@MAEPAXI@Z 7c081aff f i cerr.obj
 0001:00000b48       ??_E?$ctype@G@std@@MAEPAXI@Z 7c081b48 f i cerr.obj
 0001:00000b91       ??4ios_base@std@@QAEAAV01@ABV01@@Z 7c081b91 f i cerr.obj
 0001:00000bb0       ?clear@ios_base@std@@QAEXI@Z 7c081bb0 f i cerr.obj
 0001:00000bb0       ?clear@ios_base@std@@QAEXH@Z 7c081bb0 f i cerr.obj
 0001:00000bbe       ?rdstate@ios_base@std@@QBEHXZ 7c081bbe f i cerr.obj
 0001:00000bc2       ?setstate@ios_base@std@@QAEXH_N@Z 7c081bc2 f i cerr.obj
 0001:00000bdd       ?setstate@ios_base@std@@QAEXH@Z 7c081bdd f i cerr.obj
 0001:00000bf6       ?setstate@ios_base@std@@QAEXI@Z 7c081bf6 f i cerr.obj
 0001:00000bfb       ?good@ios_base@std@@QBE_NXZ 7c081bfb f i cerr.obj
 0001:00000c04       ?eof@ios_base@std@@QBE_NXZ 7c081c04 f i cerr.obj
 0001:00000c0b       ?fail@ios_base@std@@QBE_NXZ 7c081c0b f i cerr.obj
 0001:00000c0b       ??7ios_base@std@@QBE_NXZ   7c081c0b f i cerr.obj
 0001:00000c17       ?bad@ios_base@std@@QBE_NXZ 7c081c17 f i cerr.obj
 0001:00000c21       ?exceptions@ios_base@std@@QBEHXZ 7c081c21 f i cerr.obj
 0001:00000c25       ?exceptions@ios_base@std@@QAEXH@Z 7c081c25 f i cerr.obj
 0001:00000c3c       ?exceptions@ios_base@std@@QAEXI@Z 7c081c3c f i cerr.obj
 0001:00000c41       ?flags@ios_base@std@@QAEHH@Z 7c081c41 f i cerr.obj
 0001:00000c54       ?setf@ios_base@std@@QAEHH@Z 7c081c54 f i cerr.obj
 0001:00000c69       ?setf@ios_base@std@@QAEHHH@Z 7c081c69 f i cerr.obj
 0001:00000c8c       ?unsetf@ios_base@std@@QAEXH@Z 7c081c8c f i cerr.obj
 0001:00000c98       ?precision@ios_base@std@@QAEHH@Z 7c081c98 f i cerr.obj
 0001:00000ca5       ?width@ios_base@std@@QAEHH@Z 7c081ca5 f i cerr.obj
 0001:00000cb2       ?getloc@ios_base@std@@QBE?AVlocale@2@XZ 7c081cb2 f i cerr.obj
 0001:00000ccc       ?xalloc@ios_base@std@@SAHXZ 7c081ccc f i cerr.obj
 0001:00000cf4       ?iword@ios_base@std@@QAEAAJH@Z 7c081cf4 f i cerr.obj
 0001:00000d03       ?pword@ios_base@std@@QAEAAPAXH@Z 7c081d03 f i cerr.obj
 0001:00000d12       ?sync_with_stdio@ios_base@std@@SA_N_N@Z 7c081d12 f i cerr.obj
 0001:00000d3c       ??0ios_base@std@@IAE@XZ    7c081d3c f i cerr.obj
 0001:00000d45       ??4?$_Ctraits@M@std@@QAEAAV01@ABV01@@Z 7c081d45 f i instances.obj
 0001:00000d45       ??4?$char_traits@D@std@@QAEAAU01@ABU01@@Z 7c081d45 f i cerr.obj
 0001:00000d45       ??4?$_Ctraits@O@std@@QAEAAV01@ABV01@@Z 7c081d45 f i instances.obj
 0001:00000d45       ??4?$_Iosb@H@std@@QAEAAV01@ABV01@@Z 7c081d45 f i cerr.obj
 0001:00000d45       ??4?$numeric_limits@M@std@@QAEAAV01@ABV01@@Z 7c081d45 f i instances.obj
 0001:00000d45       ??0?$_String_val@_WV?$allocator@_W@std@@@std@@IAE@V?$allocator@_W@1@@Z 7c081d45 f i instances.obj
 0001:00000d45       ??4_Num_int_base@std@@QAEAAU01@ABU01@@Z 7c081d45 f i instances.obj
 0001:00000d45       ??0locale@std@@QAE@W4_Uninitialized@1@@Z 7c081d45 f i cerr.obj
 0001:00000d45       ??4?$numeric_limits@_J@std@@QAEAAV01@ABV01@@Z 7c081d45 f i instances.obj
 0001:00000d45       ??0?$_String_val@_WV?$allocator@_W@std@@@std@@QAE@ABV01@@Z 7c081d45 f i instances.obj
 0001:00000d45       ??4?$_Ctraits@N@std@@QAEAAV01@ABV01@@Z 7c081d45 f i instances.obj
 0001:00000d45       ??4_Num_base@std@@QAEAAU01@ABU01@@Z 7c081d45 f i instances.obj
 0001:00000d45       ??4_Num_float_base@std@@QAEAAU01@ABU01@@Z 7c081d45 f i instances.obj
 0001:00000d45       ??0?$_String_val@DV?$allocator@D@std@@@std@@QAE@ABV01@@Z 7c081d45 f i cerr.obj
 0001:00000d45       ??4?$numeric_limits@F@std@@QAEAAV01@ABV01@@Z 7c081d45 f i instances.obj
 0001:00000d45       ??4?$numeric_limits@N@std@@QAEAAV01@ABV01@@Z 7c081d45 f i instances.obj
 0001:00000d45       ??4?$char_traits@_W@std@@QAEAAU01@ABU01@@Z 7c081d45 f i cerr.obj
 0001:00000d45       ??0?$_String_val@DV?$allocator@D@std@@@std@@IAE@V?$allocator@D@1@@Z 7c081d45 f i cerr.obj
 0001:00000d45       ??4?$numeric_limits@I@std@@QAEAAV01@ABV01@@Z 7c081d45 f i instances.obj
 0001:00000d45       ??4?$numeric_limits@C@std@@QAEAAV01@ABV01@@Z 7c081d45 f i instances.obj
 0001:00000d45       ??4?$numeric_limits@J@std@@QAEAAV01@ABV01@@Z 7c081d45 f i instances.obj
 0001:00000d45       ??4?$numeric_limits@_K@std@@QAEAAV01@ABV01@@Z 7c081d45 f i instances.obj
 0001:00000d45       ??0?$_String_val@GV?$allocator@G@std@@@std@@QAE@ABV01@@Z 7c081d45 f i instances.obj
 0001:00000d45       ??4?$numeric_limits@_N@std@@QAEAAV01@ABV01@@Z 7c081d45 f i instances.obj
 0001:00000d45       ??4?$_Locbase@H@std@@QAEAAV01@ABV01@@Z 7c081d45 f i cerr.obj
 0001:00000d45       ??4?$numeric_limits@K@std@@QAEAAV01@ABV01@@Z 7c081d45 f i instances.obj
 0001:00000d45       ??4?$numeric_limits@G@std@@QAEAAV01@ABV01@@Z 7c081d45 f i instances.obj
 0001:00000d45       ??4_UShinit@std@@QAEAAV01@ABV01@@Z 7c081d45 f i ushcerr.obj
 0001:00000d45       ??4?$numeric_limits@D@std@@QAEAAV01@ABV01@@Z 7c081d45 f i instances.obj
 0001:00000d45       ??4_Winit@std@@QAEAAV01@ABV01@@Z 7c081d45 f i cerr.obj
 0001:00000d45       ??4?$numeric_limits@_W@std@@QAEAAV01@ABV01@@Z 7c081d45 f i instances.obj
 0001:00000d45       ??4?$numeric_limits@H@std@@QAEAAV01@ABV01@@Z 7c081d45 f i instances.obj
 0001:00000d45       ??0?$_String_val@GV?$allocator@G@std@@@std@@IAE@V?$allocator@G@1@@Z 7c081d45 f i instances.obj
 0001:00000d45       ??4Init@ios_base@std@@QAEAAV012@ABV012@@Z 7c081d45 f i cerr.obj
 0001:00000d45       ??0?$allocator@X@std@@QAE@ABV01@@Z 7c081d45 f i cerr.obj
 0001:00000d45       ??4_Init_locks@std@@QAEAAV01@ABV01@@Z 7c081d45 f i cerr.obj
 0001:00000d45       ??4?$numeric_limits@E@std@@QAEAAV01@ABV01@@Z 7c081d45 f i instances.obj
 0001:00000d45       ??4_String_base@std@@QAEAAV01@ABV01@@Z 7c081d45 f i cerr.obj
 0001:00000d45       ??4?$allocator@X@std@@QAEAAV01@ABV01@@Z 7c081d45 f i cerr.obj
 0001:00000d45       ??4?$numeric_limits@O@std@@QAEAAV01@ABV01@@Z 7c081d45 f i instances.obj
 0001:00000d45       ??4?$char_traits@G@std@@QAEAAU01@ABU01@@Z 7c081d45 f i cerr.obj
 0001:00000d4a       ??0ios_base@std@@QAE@ABV01@@Z 7c081d4a f i cerr.obj
 0001:00000d8f       ??_Eios_base@std@@UAEPAXI@Z 7c081d8f f i cerr.obj
 0001:00000dd8       ?c_str@?$basic_string@DU?$char_traits@D@std@@V?$allocator@D@2@@std@@QBEPBDXZ 7c081dd8 f i cerr.obj
 0001:00000dd8       ?_Myptr@?$basic_string@DU?$char_traits@D@std@@V?$allocator@D@2@@std@@QAEPADXZ 7c081dd8 f i cerr.obj
 0001:00000dd8       ?_Myptr@?$basic_string@DU?$char_traits@D@std@@V?$allocator@D@2@@std@@QBEPBDXZ 7c081dd8 f i cerr.obj
 0001:00000dd8       ?data@?$basic_string@DU?$char_traits@D@std@@V?$allocator@D@2@@std@@QBEPBDXZ 7c081dd8 f i cerr.obj
 0001:00000de6       ??1?$basic_ostream@DU?$char_traits@D@std@@@std@@UAE@XZ 7c081de6 f i cerr.obj
 0001:00000df5       ??1?$basic_ios@DU?$char_traits@D@std@@@std@@UAE@XZ 7c081df5 f i cerr.obj
 0001:00000e00       ?rdbuf@?$basic_ios@GU?$char_traits@G@std@@@std@@QBEPAV?$basic_streambuf@GU?$char_traits@G@std@@@2@XZ 7c081e00 f i cerr.obj
 0001:00000e00       ?rdbuf@?$basic_ios@_WU?$char_traits@_W@std@@@std@@QBEPAV?$basic_streambuf@_WU?$char_traits@_W@std@@@2@XZ 7c081e00 f i cerr.obj
 0001:00000e00       ?rdbuf@?$basic_ios@DU?$char_traits@D@std@@@std@@QBEPAV?$basic_streambuf@DU?$char_traits@D@std@@@2@XZ 7c081e00 f i cerr.obj
 0001:00000e04       ?clear@?$basic_ios@_WU?$char_traits@_W@std@@@std@@QAEXH_N@Z 7c081e04 f i cerr.obj
 0001:00000e04       ?clear@?$basic_ios@DU?$char_traits@D@std@@@std@@QAEXH_N@Z 7c081e04 f i cerr.obj
 0001:00000e04       ?clear@?$basic_ios@GU?$char_traits@G@std@@@std@@QAEXH_N@Z 7c081e04 f i cerr.obj
 0001:00000e1e       ??0?$basic_ios@DU?$char_traits@D@std@@@std@@IAE@XZ 7c081e1e f i cerr.obj
 0001:00000e27       ?gptr@?$basic_streambuf@DU?$char_traits@D@std@@@std@@IBEPADXZ 7c081e27 f i cerr.obj
 0001:00000e27       ?gptr@?$basic_streambuf@_WU?$char_traits@_W@std@@@std@@IBEPA_WXZ 7c081e27 f i cerr.obj
 0001:00000e27       ?gptr@?$basic_streambuf@GU?$char_traits@G@std@@@std@@IBEPAGXZ 7c081e27 f i cerr.obj
 0001:00000e2d       ?pptr@?$basic_streambuf@GU?$char_traits@G@std@@@std@@IBEPAGXZ 7c081e2d f i cerr.obj
 0001:00000e2d       ?pptr@?$basic_streambuf@DU?$char_traits@D@std@@@std@@IBEPADXZ 7c081e2d f i cerr.obj
 0001:00000e2d       ?pptr@?$basic_streambuf@_WU?$char_traits@_W@std@@@std@@IBEPA_WXZ 7c081e2d f i cerr.obj
 0001:00000e33       ?egptr@?$basic_streambuf@DU?$char_traits@D@std@@@std@@IBEPADXZ 7c081e33 f i cerr.obj
 0001:00000e3e       ?setg@?$basic_streambuf@DU?$char_traits@D@std@@@std@@IAEXPAD00@Z 7c081e3e f i cerr.obj
 0001:00000e5e       ?epptr@?$basic_streambuf@DU?$char_traits@D@std@@@std@@IBEPADXZ 7c081e5e f i cerr.obj
 0001:00000e69       ?_Gninc@?$basic_streambuf@DU?$char_traits@D@std@@@std@@IAEPADXZ 7c081e69 f i cerr.obj
 0001:00000e79       ?_Pninc@?$basic_streambuf@DU?$char_traits@D@std@@@std@@IAEPADXZ 7c081e79 f i cerr.obj
 0001:00000e89       ?egptr@?$basic_streambuf@GU?$char_traits@G@std@@@std@@IBEPAGXZ 7c081e89 f i cerr.obj
 0001:00000e89       ?egptr@?$basic_streambuf@_WU?$char_traits@_W@std@@@std@@IBEPA_WXZ 7c081e89 f i cerr.obj
 0001:00000e97       ?epptr@?$basic_streambuf@_WU?$char_traits@_W@std@@@std@@IBEPA_WXZ 7c081e97 f i cerr.obj
 0001:00000e97       ?epptr@?$basic_streambuf@GU?$char_traits@G@std@@@std@@IBEPAGXZ 7c081e97 f i cerr.obj
 0001:00000ea5       ?_Unlock@?$basic_streambuf@GU?$char_traits@G@std@@@std@@QAEXXZ 7c081ea5 f i cerr.obj
 0001:00000ea5       ?_Unlock@?$basic_streambuf@_WU?$char_traits@_W@std@@@std@@QAEXXZ 7c081ea5 f i cerr.obj
 0001:00000ea5       ?_Unlock@?$basic_streambuf@DU?$char_traits@D@std@@@std@@QAEXXZ 7c081ea5 f i cerr.obj
 0001:00000ead       ?_Gninc@?$basic_streambuf@GU?$char_traits@G@std@@@std@@IAEPAGXZ 7c081ead f i cerr.obj
 0001:00000ead       ?_Gninc@?$basic_streambuf@_WU?$char_traits@_W@std@@@std@@IAEPA_WXZ 7c081ead f i cerr.obj
 0001:00000ebd       ?tie@?$basic_ios@_WU?$char_traits@_W@std@@@std@@QBEPAV?$basic_ostream@_WU?$char_traits@_W@std@@@2@XZ 7c081ebd f i cerr.obj
 0001:00000ebd       ?tie@?$basic_ios@GU?$char_traits@G@std@@@std@@QBEPAV?$basic_ostream@GU?$char_traits@G@std@@@2@XZ 7c081ebd f i cerr.obj
 0001:00000ebd       ?tie@?$basic_ios@DU?$char_traits@D@std@@@std@@QBEPAV?$basic_ostream@DU?$char_traits@D@std@@@2@XZ 7c081ebd f i cerr.obj
 0001:00000ec1       ?_Init@?$basic_streambuf@_WU?$char_traits@_W@std@@@std@@IAEXPAPA_W0PAH001@Z 7c081ec1 f i instances.obj
 0001:00000ec1       ?_Init@?$basic_streambuf@DU?$char_traits@D@std@@@std@@IAEXPAPAD0PAH001@Z 7c081ec1 f i cerr.obj
 0001:00000ec1       ?_Init@?$basic_streambuf@GU?$char_traits@G@std@@@std@@IAEXPAPAG0PAH001@Z 7c081ec1 f i instances.obj
 0001:00000eec       ?_Lock@?$basic_streambuf@GU?$char_traits@G@std@@@std@@QAEXXZ 7c081eec f i cerr.obj
 0001:00000eec       ?_Lock@?$basic_streambuf@_WU?$char_traits@_W@std@@@std@@QAEXXZ 7c081eec f i cerr.obj
 0001:00000eec       ?_Lock@?$basic_streambuf@DU?$char_traits@D@std@@@std@@QAEXXZ 7c081eec f i cerr.obj
 0001:00000ef4       ?_Pninc@?$basic_streambuf@GU?$char_traits@G@std@@@std@@IAEPAGXZ 7c081ef4 f i cerr.obj
 0001:00000ef4       ?_Pninc@?$basic_streambuf@_WU?$char_traits@_W@std@@@std@@IAEPA_WXZ 7c081ef4 f i cerr.obj
 0001:00000f04       ?setp@?$basic_streambuf@DU?$char_traits@D@std@@@std@@IAEXPAD0@Z 7c081f04 f i cerr.obj
 0001:00000f20       ??0_Timevec@std@@QAE@ABV01@@Z 7c081f20 f i cerr.obj
 0001:00000f20       ??4_Timevec@std@@QAEAAV01@ABV01@@Z 7c081f20 f i cerr.obj
 0001:00000f30       ??0?$codecvt@_WDH@std@@QAE@I@Z 7c081f30 f i cerr.obj
 0001:00000f8a       ??0?$codecvt@_WDH@std@@QAE@ABV_Locinfo@1@I@Z 7c081f8a f i cerr.obj
 0001:00000fab       ?_Getcat@?$codecvt@_WDH@std@@SAIPAPBVfacet@locale@2@@Z 7c081fab f i cerr.obj
 0001:00000ff4       ??0?$codecvt@GDH@std@@QAE@I@Z 7c081ff4 f i cerr.obj
 0001:0000104e       ??0?$codecvt@GDH@std@@QAE@ABV_Locinfo@1@I@Z 7c08204e f i cerr.obj
 0001:0000106f       ?_Getcat@?$codecvt@GDH@std@@SAIPAPBVfacet@locale@2@@Z 7c08206f f i cerr.obj
 0001:000010b8       ??_F?$codecvt@_WDH@std@@QAEXXZ 7c0820b8 f i cerr.obj
 0001:000010c0       ??_F?$codecvt@GDH@std@@QAEXXZ 7c0820c0 f i cerr.obj
 0001:000010c8       ??0?$ctype@D@std@@QAE@PBF_NI@Z 7c0820c8 f i cerr.obj
 0001:0000113c       ??0?$ctype@D@std@@QAE@ABV_Locinfo@1@I@Z 7c08213c f i cerr.obj
 0001:0000115b       ?_Getcat@?$ctype@D@std@@SAIPAPBVfacet@locale@2@@Z 7c08215b f i cerr.obj
 0001:000011a7       ??1?$ctype@D@std@@MAE@XZ   7c0821a7 f i cerr.obj
 0001:000011bd       ??0?$ctype@_W@std@@QAE@I@Z 7c0821bd f i cerr.obj
 0001:00001214       ??0?$ctype@_W@std@@QAE@ABV_Locinfo@1@I@Z 7c082214 f i cerr.obj
 0001:00001233       ?_Getcat@?$ctype@_W@std@@SAIPAPBVfacet@locale@2@@Z 7c082233 f i cerr.obj
 0001:0000127c       ??0?$ctype@G@std@@QAE@I@Z  7c08227c f i cerr.obj
 0001:000012d3       ??0?$ctype@G@std@@QAE@ABV_Locinfo@1@I@Z 7c0822d3 f i cerr.obj
 0001:000012f2       ?_Getcat@?$ctype@G@std@@SAIPAPBVfacet@locale@2@@Z 7c0822f2 f i cerr.obj
 0001:0000133b       ??_F?$ctype@D@std@@QAEXXZ  7c08233b f i cerr.obj
 0001:00001346       ??_E?$ctype@D@std@@MAEPAXI@Z 7c082346 f i cerr.obj
 0001:0000138f       ??_F?$ctype@_W@std@@QAEXXZ 7c08238f f i cerr.obj
 0001:00001397       ??_F?$ctype@G@std@@QAEXXZ  7c082397 f i cerr.obj
 0001:0000139f       ??Bios_base@std@@QBEPAXXZ  7c08239f f i cerr.obj
 0001:000013ad       ??_D?$basic_ostream@DU?$char_traits@D@std@@@std@@QAEXXZ 7c0823ad f i cerr.obj
 0001:000013c8       ??0_Init_cerr@std@@QAE@XZ  7c0823c8 f i cerr.obj
 0001:000013fc       ?rend@?$basic_string@DU?$char_traits@D@std@@V?$allocator@D@2@@std@@QBE?AV?$reverse_iterator@Vconst_iterator@?$basic_string@DU?$char_traits@D@std@@V?$allocator@D@2@@std@@@2@XZ 7c0823fc f i cerr.obj
 0001:000013fc       ?begin@?$basic_string@DU?$char_traits@D@std@@V?$allocator@D@2@@std@@QBE?AVconst_iterator@12@XZ 7c0823fc f i cerr.obj
 0001:000013fc       ?begin@?$basic_string@DU?$char_traits@D@std@@V?$allocator@D@2@@std@@QAE?AViterator@12@XZ 7c0823fc f i cerr.obj
 0001:000013fc       ?rend@?$basic_string@DU?$char_traits@D@std@@V?$allocator@D@2@@std@@QAE?AV?$reverse_iterator@Viterator@?$basic_string@DU?$char_traits@D@std@@V?$allocator@D@2@@std@@@2@XZ 7c0823fc f i cerr.obj
 0001:00001413       ?end@?$basic_string@DU?$char_traits@D@std@@V?$allocator@D@2@@std@@QBE?AVconst_iterator@12@XZ 7c082413 f i cerr.obj
 0001:00001413       ?end@?$basic_string@DU?$char_traits@D@std@@V?$allocator@D@2@@std@@QAE?AViterator@12@XZ 7c082413 f i cerr.obj
 0001:0000142f       ?rbegin@?$basic_string@DU?$char_traits@D@std@@V?$allocator@D@2@@std@@QAE?AV?$reverse_iterator@Viterator@?$basic_string@DU?$char_traits@D@std@@V?$allocator@D@2@@std@@@2@XZ 7c08242f f i cerr.obj
 0001:0000142f       ?rbegin@?$basic_string@DU?$char_traits@D@std@@V?$allocator@D@2@@std@@QBE?AV?$reverse_iterator@Vconst_iterator@?$basic_string@DU?$char_traits@D@std@@V?$allocator@D@2@@std@@@2@XZ 7c08242f f i cerr.obj
 0001:00001447       ?at@?$basic_string@DU?$char_traits@D@std@@V?$allocator@D@2@@std@@QAEAADI@Z 7c082447 f i cerr.obj
 0001:00001447       ?at@?$basic_string@DU?$char_traits@D@std@@V?$allocator@D@2@@std@@QBEABDI@Z 7c082447 f i cerr.obj
 0001:0000146f       ??A?$basic_string@DU?$char_traits@D@std@@V?$allocator@D@2@@std@@QAEAADI@Z 7c08246f f i cerr.obj
 0001:0000146f       ??A?$basic_string@DU?$char_traits@D@std@@V?$allocator@D@2@@std@@QBEABDI@Z 7c08246f f i cerr.obj
 0001:00001486       ?max_size@?$basic_string@DU?$char_traits@D@std@@V?$allocator@D@2@@std@@QBEIXZ 7c082486 f i cerr.obj
 0001:0000148a       ?copy@?$basic_string@DU?$char_traits@D@std@@V?$allocator@D@2@@std@@QBEIPADII@Z 7c08248a f i cerr.obj
 0001:000014d2       ?find@?$basic_string@DU?$char_traits@D@std@@V?$allocator@D@2@@std@@QBEIPBDII@Z 7c0824d2 f i cerr.obj
 0001:0000156d       ?find@?$basic_string@DU?$char_traits@D@std@@V?$allocator@D@2@@std@@QBEIPBDI@Z 7c08256d f i cerr.obj
 0001:0000158e       ?rfind@?$basic_string@DU?$char_traits@D@std@@V?$allocator@D@2@@std@@QBEIPBDII@Z 7c08258e f i cerr.obj
 0001:00001615       ?rfind@?$basic_string@DU?$char_traits@D@std@@V?$allocator@D@2@@std@@QBEIPBDI@Z 7c082615 f i cerr.obj
 0001:00001636       ?find_last_of@?$basic_string@DU?$char_traits@D@std@@V?$allocator@D@2@@std@@QBEIDI@Z 7c082636 f i cerr.obj
 0001:00001636       ?rfind@?$basic_string@DU?$char_traits@D@std@@V?$allocator@D@2@@std@@QBEIDI@Z 7c082636 f i cerr.obj
 0001:00001649       ?find_first_of@?$basic_string@DU?$char_traits@D@std@@V?$allocator@D@2@@std@@QBEIPBDII@Z 7c082649 f i cerr.obj
 0001:000016b9       ?find_first_of@?$basic_string@DU?$char_traits@D@std@@V?$allocator@D@2@@std@@QBEIPBDI@Z 7c0826b9 f i cerr.obj
 0001:000016da       ?find_first_of@?$basic_string@DU?$char_traits@D@std@@V?$allocator@D@2@@std@@QBEIDI@Z 7c0826da f i cerr.obj
 0001:000016da       ?find@?$basic_string@DU?$char_traits@D@std@@V?$allocator@D@2@@std@@QBEIDI@Z 7c0826da f i cerr.obj
 0001:000016ed       ?find_last_of@?$basic_string@DU?$char_traits@D@std@@V?$allocator@D@2@@std@@QBEIPBDII@Z 7c0826ed f i cerr.obj
 0001:0000175c       ?find_last_of@?$basic_string@DU?$char_traits@D@std@@V?$allocator@D@2@@std@@QBEIPBDI@Z 7c08275c f i cerr.obj
 0001:0000177d       ?find_first_not_of@?$basic_string@DU?$char_traits@D@std@@V?$allocator@D@2@@std@@QBEIPBDII@Z 7c08277d f i cerr.obj
 0001:000017e7       ?find_first_not_of@?$basic_string@DU?$char_traits@D@std@@V?$allocator@D@2@@std@@QBEIPBDI@Z 7c0827e7 f i cerr.obj
 0001:00001808       ?find_first_not_of@?$basic_string@DU?$char_traits@D@std@@V?$allocator@D@2@@std@@QBEIDI@Z 7c082808 f i cerr.obj
 0001:0000181b       ?find_last_not_of@?$basic_string@DU?$char_traits@D@std@@V?$allocator@D@2@@std@@QBEIPBDII@Z 7c08281b f i cerr.obj
 0001:00001884       ?find_last_not_of@?$basic_string@DU?$char_traits@D@std@@V?$allocator@D@2@@std@@QBEIPBDI@Z 7c082884 f i cerr.obj
 0001:000018a5       ?find_last_not_of@?$basic_string@DU?$char_traits@D@std@@V?$allocator@D@2@@std@@QBEIDI@Z 7c0828a5 f i cerr.obj
 0001:000018b8       ?compare@?$basic_string@DU?$char_traits@D@std@@V?$allocator@D@2@@std@@QBEHIIPBDI@Z 7c0828b8 f i cerr.obj
 0001:00001922       ?get_allocator@?$basic_string@_WU?$char_traits@_W@std@@V?$allocator@_W@2@@std@@QBE?AV?$allocator@_W@2@XZ 7c082922 f i instances.obj
 0001:00001922       ?get_allocator@?$basic_string@GU?$char_traits@G@std@@V?$allocator@G@2@@std@@QBE?AV?$allocator@G@2@XZ 7c082922 f i instances.obj
 0001:00001922       ?get_allocator@?$basic_string@DU?$char_traits@D@std@@V?$allocator@D@2@@std@@QBE?AV?$allocator@D@2@XZ 7c082922 f i cerr.obj
 0001:00001929       ?_Eos@?$basic_string@DU?$char_traits@D@std@@V?$allocator@D@2@@std@@IAEXI@Z 7c082929 f i cerr.obj
 0001:00001945       ?_Inside@?$basic_string@DU?$char_traits@D@std@@V?$allocator@D@2@@std@@IAE_NPBD@Z 7c082945 f i cerr.obj
 0001:00001979       ?_Pdif@?$basic_string@DU?$char_traits@D@std@@V?$allocator@D@2@@std@@KAIVconst_iterator@12@0@Z 7c082979 f i cerr.obj
 0001:00001987       ?_Tidy@?$basic_string@DU?$char_traits@D@std@@V?$allocator@D@2@@std@@IAEX_NI@Z 7c082987 f i cerr.obj
 0001:000019d0       ?setstate@?$basic_ios@GU?$char_traits@G@std@@@std@@QAEXH_N@Z 7c0829d0 f i cerr.obj
 0001:000019d0       ?setstate@?$basic_ios@DU?$char_traits@D@std@@@std@@QAEXH_N@Z 7c0829d0 f i cerr.obj
 0001:000019d0       ?setstate@?$basic_ios@_WU?$char_traits@_W@std@@@std@@QAEXH_N@Z 7c0829d0 f i cerr.obj
 0001:000019eb       ??1_Sentry_base@?$basic_istream@DU?$char_traits@D@std@@@std@@QAE@XZ 7c0829eb f i cerr.obj
 0001:000019eb       ??1_Sentry_base@?$basic_istream@_WU?$char_traits@_W@std@@@std@@QAE@XZ 7c0829eb f i cerr.obj
 0001:000019eb       ??1_Sentry_base@?$basic_ostream@GU?$char_traits@G@std@@@std@@QAE@XZ 7c0829eb f i cerr.obj
 0001:000019eb       ??1_Sentry_base@?$basic_ostream@_WU?$char_traits@_W@std@@@std@@QAE@XZ 7c0829eb f i cerr.obj
 0001:000019eb       ??1_Sentry_base@?$basic_ostream@DU?$char_traits@D@std@@@std@@QAE@XZ 7c0829eb f i cerr.obj
 0001:000019eb       ??1_Sentry_base@?$basic_istream@GU?$char_traits@G@std@@@std@@QAE@XZ 7c0829eb f i cerr.obj
 0001:00001a03       ??1?$basic_streambuf@DU?$char_traits@D@std@@@std@@UAE@XZ 7c082a03 f i cerr.obj
 0001:00001a2c       ?pbackfail@?$basic_streambuf@DU?$char_traits@D@std@@@std@@MAEHH@Z 7c082a2c f i cerr.obj
 0001:00001a2c       ?overflow@?$basic_streambuf@DU?$char_traits@D@std@@@std@@MAEHH@Z 7c082a2c f i cerr.obj
 0001:00001a32       ?setbuf@?$basic_streambuf@_WU?$char_traits@_W@std@@@std@@MAEPAV12@PA_WH@Z 7c082a32 f i instances.obj
 0001:00001a32       ?setbuf@?$basic_streambuf@DU?$char_traits@D@std@@@std@@MAEPAV12@PADH@Z 7c082a32 f i cerr.obj
 0001:00001a32       ?setbuf@?$basic_streambuf@GU?$char_traits@G@std@@@std@@MAEPAV12@PAGH@Z 7c082a32 f i instances.obj
 0001:00001a37       ?gbump@?$basic_streambuf@DU?$char_traits@D@std@@@std@@IAEXH@Z 7c082a37 f i cerr.obj
 0001:00001a48       ?pbump@?$basic_streambuf@DU?$char_traits@D@std@@@std@@IAEXH@Z 7c082a48 f i cerr.obj
 0001:00001a59       ??0?$fpos@H@std@@QAE@J@Z   7c082a59 f i cerr.obj
 0001:00001a7f       ?sgetc@?$basic_streambuf@DU?$char_traits@D@std@@@std@@QAEHXZ 7c082a7f f i cerr.obj
 0001:00001aa3       ?uflow@?$basic_streambuf@DU?$char_traits@D@std@@@std@@MAEHXZ 7c082aa3 f i cerr.obj
 0001:00001ac8       ?xsgetn@?$basic_streambuf@DU?$char_traits@D@std@@@std@@MAEHPADH@Z 7c082ac8 f i cerr.obj
 0001:00001b3c       ?xsputn@?$basic_streambuf@DU?$char_traits@D@std@@@std@@MAEHPBDH@Z 7c082b3c f i cerr.obj
 0001:00001bb2       ?seekoff@?$basic_streambuf@_WU?$char_traits@_W@std@@@std@@MAE?AV?$fpos@H@2@JHH@Z 7c082bb2 f i instances.obj
 0001:00001bb2       ?seekoff@?$basic_streambuf@GU?$char_traits@G@std@@@std@@MAE?AV?$fpos@H@2@JHH@Z 7c082bb2 f i instances.obj
 0001:00001bb2       ?seekoff@?$basic_streambuf@DU?$char_traits@D@std@@@std@@MAE?AV?$fpos@H@2@JHH@Z 7c082bb2 f i cerr.obj
 0001:00001bc8       ?sgetc@?$basic_streambuf@_WU?$char_traits@_W@std@@@std@@QAEGXZ 7c082bc8 f i cerr.obj
 0001:00001bc8       ?sgetc@?$basic_streambuf@GU?$char_traits@G@std@@@std@@QAEGXZ 7c082bc8 f i cerr.obj
 0001:00001bee       ?sbumpc@?$basic_streambuf@DU?$char_traits@D@std@@@std@@QAEHXZ 7c082bee f i cerr.obj
 0001:00001c1b       ?sputc@?$basic_streambuf@DU?$char_traits@D@std@@@std@@QAEHD@Z 7c082c1b f i cerr.obj
 0001:00001c58       ??0_Sentry_base@?$basic_ostream@GU?$char_traits@G@std@@@std@@QAE@AAV12@@Z 7c082c58 f i cerr.obj
 0001:00001c58       ??0_Sentry_base@?$basic_istream@GU?$char_traits@G@std@@@std@@QAE@AAV12@@Z 7c082c58 f i cerr.obj
 0001:00001c58       ??0_Sentry_base@?$basic_ostream@_WU?$char_traits@_W@std@@@std@@QAE@AAV12@@Z 7c082c58 f i cerr.obj
 0001:00001c58       ??0_Sentry_base@?$basic_istream@_WU?$char_traits@_W@std@@@std@@QAE@AAV12@@Z 7c082c58 f i cerr.obj
 0001:00001c58       ??0_Sentry_base@?$basic_istream@DU?$char_traits@D@std@@@std@@QAE@AAV12@@Z 7c082c58 f i cerr.obj
 0001:00001c58       ??0_Sentry_base@?$basic_ostream@DU?$char_traits@D@std@@@std@@QAE@AAV12@@Z 7c082c58 f i cerr.obj
 0001:00001c7c       ?sbumpc@?$basic_streambuf@_WU?$char_traits@_W@std@@@std@@QAEGXZ 7c082c7c f i cerr.obj
 0001:00001c7c       ?sbumpc@?$basic_streambuf@GU?$char_traits@G@std@@@std@@QAEGXZ 7c082c7c f i cerr.obj
 0001:00001cae       ?sputc@?$basic_streambuf@GU?$char_traits@G@std@@@std@@QAEGG@Z 7c082cae f i cerr.obj
 0001:00001cae       ?sputc@?$basic_streambuf@_WU?$char_traits@_W@std@@@std@@QAEG_W@Z 7c082cae f i cerr.obj
 0001:00001cee       ??$use_facet@V?$ctype@D@std@@@std@@YAABV?$ctype@D@0@ABVlocale@0@@Z 7c082cee f i cerr.obj
 0001:00001d93       ??$use_facet@V?$ctype@_W@std@@@std@@YAABV?$ctype@_W@0@ABVlocale@0@@Z 7c082d93 f i cerr.obj
 0001:00001e38       ??$use_facet@V?$ctype@G@std@@@std@@YAABV?$ctype@G@0@ABVlocale@0@@Z 7c082e38 f i cerr.obj
 0001:00001edd       ?isfx@?$basic_istream@DU?$char_traits@D@std@@@std@@QAEXXZ 7c082edd f i instances.obj
 0001:00001edd       ?isfx@?$basic_istream@_WU?$char_traits@_W@std@@@std@@QAEXXZ 7c082edd f i instances.obj
 0001:00001edd       ??_F?$_String_val@DV?$allocator@D@std@@@std@@QAEXXZ 7c082edd f i cerr.obj
 0001:00001edd       ??_F?$_String_val@_WV?$allocator@_W@std@@@std@@QAEXXZ 7c082edd f i instances.obj
 0001:00001edd       ??_F?$_String_val@GV?$allocator@G@std@@@std@@QAEXXZ 7c082edd f i instances.obj
 0001:00001edd       ?isfx@?$basic_istream@GU?$char_traits@G@std@@@std@@QAEXXZ 7c082edd f i instances.obj
 0001:00001ede       ?classic_table@?$ctype@D@std@@KAPBFXZ 7c082ede f i cerr.obj
 0001:00001eee       ??1sentry@?$basic_istream@GU?$char_traits@G@std@@@std@@QAE@XZ 7c082eee f i cerr.obj
 0001:00001eee       ??1sentry@?$basic_istream@_WU?$char_traits@_W@std@@@std@@QAE@XZ 7c082eee f i cerr.obj
 0001:00001eee       ??1sentry@?$basic_istream@DU?$char_traits@D@std@@@std@@QAE@XZ 7c082eee f i cerr.obj
 0001:00001ef3       ??0?$basic_string@DU?$char_traits@D@std@@V?$allocator@D@2@@std@@QAE@XZ 7c082ef3 f i cerr.obj
 0001:00001f08       ??0?$basic_string@DU?$char_traits@D@std@@V?$allocator@D@2@@std@@QAE@ABV?$allocator@D@1@@Z 7c082f08 f i cerr.obj
 0001:00001f1f       ??1?$basic_string@DU?$char_traits@D@std@@V?$allocator@D@2@@std@@QAE@XZ 7c082f1f f i cerr.obj
 0001:00001f29       ?erase@?$basic_string@DU?$char_traits@D@std@@V?$allocator@D@2@@std@@QAEAAV12@II@Z 7c082f29 f i cerr.obj
 0001:00001f96       ?erase@?$basic_string@DU?$char_traits@D@std@@V?$allocator@D@2@@std@@QAE?AViterator@12@V312@@Z 7c082f96 f i cerr.obj
 0001:00001fda       ?erase@?$basic_string@DU?$char_traits@D@std@@V?$allocator@D@2@@std@@QAE?AViterator@12@V312@0@Z 7c082fda f i cerr.obj
 0001:00002027       ?clear@?$basic_string@DU?$char_traits@D@std@@V?$allocator@D@2@@std@@QAEXXZ 7c083027 f i cerr.obj
 0001:00002059       ?find@?$basic_string@DU?$char_traits@D@std@@V?$allocator@D@2@@std@@QBEIABV12@I@Z 7c083059 f i cerr.obj
 0001:0000207c       ?rfind@?$basic_string@DU?$char_traits@D@std@@V?$allocator@D@2@@std@@QBEIABV12@I@Z 7c08307c f i cerr.obj
 0001:0000209f       ?find_first_of@?$basic_string@DU?$char_traits@D@std@@V?$allocator@D@2@@std@@QBEIABV12@I@Z 7c08309f f i cerr.obj
 0001:000020c2       ?find_last_of@?$basic_string@DU?$char_traits@D@std@@V?$allocator@D@2@@std@@QBEIABV12@I@Z 7c0830c2 f i cerr.obj
 0001:000020e5       ?find_first_not_of@?$basic_string@DU?$char_traits@D@std@@V?$allocator@D@2@@std@@QBEIABV12@I@Z 7c0830e5 f i cerr.obj
 0001:00002108       ?find_last_not_of@?$basic_string@DU?$char_traits@D@std@@V?$allocator@D@2@@std@@QBEIABV12@I@Z 7c083108 f i cerr.obj
 0001:0000212b       ?compare@?$basic_string@DU?$char_traits@D@std@@V?$allocator@D@2@@std@@QBEHABV12@@Z 7c08312b f i cerr.obj
 0001:0000214f       ?compare@?$basic_string@DU?$char_traits@D@std@@V?$allocator@D@2@@std@@QBEHIIABV12@II@Z 7c08314f f i cerr.obj
 0001:0000219c       ?compare@?$basic_string@DU?$char_traits@D@std@@V?$allocator@D@2@@std@@QBEHPBD@Z 7c08319c f i cerr.obj
 0001:000021be       ?compare@?$basic_string@DU?$char_traits@D@std@@V?$allocator@D@2@@std@@QBEHIIPBD@Z 7c0831be f i cerr.obj
 0001:000021e3       ?_Copy@?$basic_string@DU?$char_traits@D@std@@V?$allocator@D@2@@std@@IAEXII@Z 7c0831e3 f i cerr.obj
 0001:000022cb       ?_Grow@?$basic_string@DU?$char_traits@D@std@@V?$allocator@D@2@@std@@IAE_NI_N@Z 7c0832cb f i cerr.obj
 0001:00002329       ?flush@?$basic_ostream@_WU?$char_traits@_W@std@@@std@@QAEAAV12@XZ 7c083329 f i cerr.obj
 0001:00002329       ?flush@?$basic_ostream@GU?$char_traits@G@std@@@std@@QAEAAV12@XZ 7c083329 f i cerr.obj
 0001:00002329       ?flush@?$basic_ostream@DU?$char_traits@D@std@@@std@@QAEAAV12@XZ 7c083329 f i cerr.obj
 0001:00002362       ?snextc@?$basic_streambuf@DU?$char_traits@D@std@@@std@@QAEHXZ 7c083362 f i cerr.obj
 0001:0000237b       ?snextc@?$basic_streambuf@_WU?$char_traits@_W@std@@@std@@QAEGXZ 7c08337b f i cerr.obj
 0001:0000237b       ?snextc@?$basic_streambuf@GU?$char_traits@G@std@@@std@@QAEGXZ 7c08337b f i cerr.obj
 0001:0000239c       ??_G?$basic_string@DU?$char_traits@D@std@@V?$allocator@D@2@@std@@QAEPAXI@Z 7c08339c f i cerr.obj
 0001:000023bc       ?_Ipfx@?$basic_istream@DU?$char_traits@D@std@@@std@@QAE_N_N@Z 7c0833bc f i cerr.obj
 0001:000024d2       ??0?$basic_streambuf@DU?$char_traits@D@std@@@std@@IAE@XZ 7c0834d2 f i cerr.obj
 0001:00002525       ?_Ipfx@?$basic_istream@_WU?$char_traits@_W@std@@@std@@QAE_N_N@Z 7c083525 f i cerr.obj
 0001:00002644       ?_Ipfx@?$basic_istream@GU?$char_traits@G@std@@@std@@QAE_N_N@Z 7c083644 f i cerr.obj
 0001:00002763       ?_Init@?$basic_filebuf@DU?$char_traits@D@std@@@std@@IAEXPAU_iobuf@@W4_Initfl@12@@Z 7c083763 f i cerr.obj
 0001:000027b2       ??0sentry@?$basic_ostream@DU?$char_traits@D@std@@@std@@QAE@AAV12@@Z 7c0837b2 f i cerr.obj
 0001:000027b2       ??0sentry@?$basic_ostream@_WU?$char_traits@_W@std@@@std@@QAE@AAV12@@Z 7c0837b2 f i cerr.obj
 0001:000027b2       ??0sentry@?$basic_ostream@GU?$char_traits@G@std@@@std@@QAE@AAV12@@Z 7c0837b2 f i cerr.obj
 0001:0000280e       ?widen@?$basic_ios@DU?$char_traits@D@std@@@std@@QBEDD@Z 7c08380e f i cerr.obj
 0001:00002855       ?flush@std@@YAAAV?$basic_ostream@GU?$char_traits@G@std@@@1@AAV21@@Z 7c083855 f i cerr.obj
 0001:00002855       ?flush@std@@YAAAV?$basic_ostream@DU?$char_traits@D@std@@@1@AAV21@@Z 7c083855 f i cerr.obj
 0001:00002855       ?flush@std@@YAAAV?$basic_ostream@_WU?$char_traits@_W@std@@@1@AAV21@@Z 7c083855 f i cerr.obj
 0001:00002863       ?append@?$basic_string@DU?$char_traits@D@std@@V?$allocator@D@2@@std@@QAEAAV12@ABV12@II@Z 7c083863 f i cerr.obj
 0001:000028f8       ?append@?$basic_string@DU?$char_traits@D@std@@V?$allocator@D@2@@std@@QAEAAV12@PBDI@Z 7c0838f8 f i cerr.obj
 0001:00002988       ?append@?$basic_string@DU?$char_traits@D@std@@V?$allocator@D@2@@std@@QAEAAV12@PBD@Z 7c083988 f i cerr.obj
 0001:000029a5       ?append@?$basic_string@DU?$char_traits@D@std@@V?$allocator@D@2@@std@@QAEAAV12@ID@Z 7c0839a5 f i cerr.obj
 0001:00002a05       ?assign@?$basic_string@DU?$char_traits@D@std@@V?$allocator@D@2@@std@@QAEAAV12@ABV12@II@Z 7c083a05 f i cerr.obj
 0001:00002a94       ?assign@?$basic_string@DU?$char_traits@D@std@@V?$allocator@D@2@@std@@QAEAAV12@PBDI@Z 7c083a94 f i cerr.obj
 0001:00002b03       ?assign@?$basic_string@DU?$char_traits@D@std@@V?$allocator@D@2@@std@@QAEAAV12@PBD@Z 7c083b03 f i cerr.obj
 0001:00002b20       ?assign@?$basic_string@DU?$char_traits@D@std@@V?$allocator@D@2@@std@@QAEAAV12@ID@Z 7c083b20 f i cerr.obj
 0001:00002b6b       ?insert@?$basic_string@DU?$char_traits@D@std@@V?$allocator@D@2@@std@@QAEAAV12@IABV12@II@Z 7c083b6b f i cerr.obj
 0001:00002c7d       ?insert@?$basic_string@DU?$char_traits@D@std@@V?$allocator@D@2@@std@@QAEAAV12@IPBDI@Z 7c083c7d f i cerr.obj
 0001:00002d54       ?insert@?$basic_string@DU?$char_traits@D@std@@V?$allocator@D@2@@std@@QAEAAV12@IPBD@Z 7c083d54 f i cerr.obj
 0001:00002d75       ?insert@?$basic_string@DU?$char_traits@D@std@@V?$allocator@D@2@@std@@QAEAAV12@IID@Z 7c083d75 f i cerr.obj
 0001:00002e19       ?insert@?$basic_string@DU?$char_traits@D@std@@V?$allocator@D@2@@std@@QAE?AViterator@12@V312@D@Z 7c083e19 f i cerr.obj
 0001:00002e61       ?insert@?$basic_string@DU?$char_traits@D@std@@V?$allocator@D@2@@std@@QAEXViterator@12@ID@Z 7c083e61 f i cerr.obj
 0001:00002e8a       ?replace@?$basic_string@DU?$char_traits@D@std@@V?$allocator@D@2@@std@@QAEAAV12@IIABV12@II@Z 7c083e8a f i cerr.obj
 0001:00003157       ?replace@?$basic_string@DU?$char_traits@D@std@@V?$allocator@D@2@@std@@QAEAAV12@IIPBDI@Z 7c084157 f i cerr.obj
 0001:0000328f       ?replace@?$basic_string@DU?$char_traits@D@std@@V?$allocator@D@2@@std@@QAEAAV12@IIPBD@Z 7c08428f f i cerr.obj
 0001:000032b4       ?replace@?$basic_string@DU?$char_traits@D@std@@V?$allocator@D@2@@std@@QAEAAV12@IIID@Z 7c0842b4 f i cerr.obj
 0001:000033b5       ?replace@?$basic_string@DU?$char_traits@D@std@@V?$allocator@D@2@@std@@QAEAAV12@Viterator@12@0PBDI@Z 7c0843b5 f i cerr.obj
 0001:000033ef       ?replace@?$basic_string@DU?$char_traits@D@std@@V?$allocator@D@2@@std@@QAEAAV12@Viterator@12@0PBD@Z 7c0843ef f i cerr.obj
 0001:00003425       ?replace@?$basic_string@DU?$char_traits@D@std@@V?$allocator@D@2@@std@@QAEAAV12@Viterator@12@0ID@Z 7c084425 f i cerr.obj
 0001:0000345f       ?replace@?$basic_string@DU?$char_traits@D@std@@V?$allocator@D@2@@std@@QAEAAV12@Viterator@12@0Vconst_iterator@12@1@Z 7c08445f f i cerr.obj
 0001:0000345f       ?replace@?$basic_string@DU?$char_traits@D@std@@V?$allocator@D@2@@std@@QAEAAV12@Viterator@12@0PBD1@Z 7c08445f f i cerr.obj
 0001:000034d9       ?push_back@?$basic_string@DU?$char_traits@D@std@@V?$allocator@D@2@@std@@QAEXD@Z 7c0844d9 f i cerr.obj
 0001:000034fe       ?resize@?$basic_string@DU?$char_traits@D@std@@V?$allocator@D@2@@std@@QAEXID@Z 7c0844fe f i cerr.obj
 0001:00003522       ?reserve@?$basic_string@DU?$char_traits@D@std@@V?$allocator@D@2@@std@@QAEXI@Z 7c084522 f i cerr.obj
 0001:0000354f       ?compare@?$basic_string@DU?$char_traits@D@std@@V?$allocator@D@2@@std@@QBEHIIABV12@@Z 7c08454f f i cerr.obj
 0001:00003567       ??0sentry@?$basic_istream@DU?$char_traits@D@std@@@std@@QAE@AAV12@_N@Z 7c084567 f i cerr.obj
 0001:000035a2       ??0sentry@?$basic_istream@_WU?$char_traits@_W@std@@@std@@QAE@AAV12@_N@Z 7c0845a2 f i cerr.obj
 0001:000035dd       ??0sentry@?$basic_istream@GU?$char_traits@G@std@@@std@@QAE@AAV12@_N@Z 7c0845dd f i cerr.obj
 0001:00003618       ??0?$basic_filebuf@DU?$char_traits@D@std@@@std@@QAE@PAU_iobuf@@@Z 7c084618 f i cerr.obj
 0001:0000363d       ??$_Fgetc@D@std@@YA_NAADPAU_iobuf@@@Z 7c08463d f i cerr.obj
 0001:00003659       ??$_Fputc@D@std@@YA_NDPAU_iobuf@@@Z 7c084659 f i cerr.obj
 0001:00003676       ??$_Ungetc@D@std@@YA_NABDPAU_iobuf@@@Z 7c084676 f i cerr.obj
 0001:00003695       ?setbuf@?$basic_filebuf@DU?$char_traits@D@std@@@std@@MAEPAV?$basic_streambuf@DU?$char_traits@D@std@@@2@PADH@Z 7c084695 f i cerr.obj
 0001:000036d5       ?sync@?$basic_filebuf@DU?$char_traits@D@std@@@std@@MAEHXZ 7c0846d5 f i cerr.obj
 0001:00003701       ?eback@?$basic_streambuf@DU?$char_traits@D@std@@@std@@IBEPADXZ 7c084701 f i cerr.obj
 0001:00003701       ?eback@?$basic_streambuf@_WU?$char_traits@_W@std@@@std@@IBEPA_WXZ 7c084701 f i instances.obj
 0001:00003701       ?eback@?$basic_streambuf@GU?$char_traits@G@std@@@std@@IBEPAGXZ 7c084701 f i instances.obj
 0001:00003707       ?_Gndec@?$basic_streambuf@DU?$char_traits@D@std@@@std@@IAEPADXZ 7c084707 f i cerr.obj
 0001:00003717       ?in@?$codecvt@_WDH@std@@QBEHAAHPBD1AAPBDPA_W3AAPA_W@Z 7c084717 f i cerr.obj
 0001:00003717       ?in@?$codecvt@GDH@std@@QBEHAAHPBD1AAPBDPAG3AAPAG@Z 7c084717 f i cerr.obj
 0001:00003717       ?in@?$codecvt@DDH@std@@QBEHAAHPBD1AAPBDPAD3AAPAD@Z 7c084717 f i cerr.obj
 0001:00003720       ?pbackfail@?$basic_filebuf@DU?$char_traits@D@std@@@std@@MAEHH@Z 7c084720 f i cerr.obj
 0001:000037b2       ?underflow@?$basic_filebuf@DU?$char_traits@D@std@@@std@@MAEHXZ 7c0847b2 f i cerr.obj
 0001:000037ee       ??0?$codecvt@DDH@std@@QAE@I@Z 7c0847ee f i cerr.obj
 0001:0000383d       ?do_in@?$codecvt@DDH@std@@MBEHAAHPBD1AAPBDPAD3AAPAD@Z 7c08483d f i cerr.obj
 0001:0000383d       ?do_out@?$codecvt@DDH@std@@MBEHAAHPBD1AAPBDPAD3AAPAD@Z 7c08483d f i cerr.obj
 0001:00003857       ?do_unshift@?$codecvt@DDH@std@@MBEHAAHPAD1AAPAD@Z 7c084857 f i cerr.obj
 0001:0000385d       ?do_length@?$codecvt@DDH@std@@MBEHABHPBD1I@Z 7c08485d f i cerr.obj
 0001:00003872       ?_Getcat@?$codecvt@DDH@std@@SAIPAPBVfacet@locale@2@@Z 7c084872 f i cerr.obj
 0001:000038bb       ?uflow@?$basic_filebuf@DU?$char_traits@D@std@@@std@@MAEHXZ 7c0848bb f i cerr.obj
 0001:00003a2b       ?init@?$basic_ios@DU?$char_traits@D@std@@@std@@IAEXPAV?$basic_streambuf@DU?$char_traits@D@std@@@2@_N@Z 7c084a2b f i cerr.obj
 0001:00003a77       ??1sentry@?$basic_ostream@_WU?$char_traits@_W@std@@@std@@QAE@XZ 7c084a77 f i cerr.obj
 0001:00003a77       ??1sentry@?$basic_ostream@DU?$char_traits@D@std@@@std@@QAE@XZ 7c084a77 f i cerr.obj
 0001:00003a77       ??1sentry@?$basic_ostream@GU?$char_traits@G@std@@@std@@QAE@XZ 7c084a77 f i cerr.obj
 0001:00003ac0       ??$use_facet@V?$codecvt@DDH@std@@@std@@YAABV?$codecvt@DDH@0@ABVlocale@0@@Z 7c084ac0 f i cerr.obj
 0001:00003b65       ?ws@std@@YAAAV?$basic_istream@DU?$char_traits@D@std@@@1@AAV21@@Z 7c084b65 f i cerr.obj
 0001:00003c52       ?ws@std@@YAAAV?$basic_istream@_WU?$char_traits@_W@std@@@1@AAV21@@Z 7c084c52 f i cerr.obj
 0001:00003d4c       ?ws@std@@YAAAV?$basic_istream@GU?$char_traits@G@std@@@1@AAV21@@Z 7c084d4c f i cerr.obj
 0001:00003e46       ??0?$basic_string@DU?$char_traits@D@std@@V?$allocator@D@2@@std@@QAE@ABV01@@Z 7c084e46 f i cerr.obj
 0001:00003e6c       ??0?$basic_string@DU?$char_traits@D@std@@V?$allocator@D@2@@std@@QAE@ABV01@II@Z 7c084e6c f i cerr.obj
 0001:00003e96       ??0?$basic_string@DU?$char_traits@D@std@@V?$allocator@D@2@@std@@QAE@ABV01@IIABV?$allocator@D@1@@Z 7c084e96 f i cerr.obj
 0001:00003ec0       ??0?$basic_string@DU?$char_traits@D@std@@V?$allocator@D@2@@std@@QAE@PBDI@Z 7c084ec0 f i cerr.obj
 0001:00003ee6       ??0?$basic_string@DU?$char_traits@D@std@@V?$allocator@D@2@@std@@QAE@PBDIABV?$allocator@D@1@@Z 7c084ee6 f i cerr.obj
 0001:00003f0c       ??0?$basic_string@DU?$char_traits@D@std@@V?$allocator@D@2@@std@@QAE@PBD@Z 7c084f0c f i cerr.obj
 0001:00003f2e       ??0?$basic_string@DU?$char_traits@D@std@@V?$allocator@D@2@@std@@QAE@PBDABV?$allocator@D@1@@Z 7c084f2e f i cerr.obj
 0001:00003f50       ??0?$basic_string@DU?$char_traits@D@std@@V?$allocator@D@2@@std@@QAE@ID@Z 7c084f50 f i cerr.obj
 0001:00003f76       ??0?$basic_string@DU?$char_traits@D@std@@V?$allocator@D@2@@std@@QAE@IDABV?$allocator@D@1@@Z 7c084f76 f i cerr.obj
 0001:00003f9c       ??0?$basic_string@DU?$char_traits@D@std@@V?$allocator@D@2@@std@@QAE@Vconst_iterator@01@0@Z 7c084f9c f i cerr.obj
 0001:00003f9c       ??0?$basic_string@DU?$char_traits@D@std@@V?$allocator@D@2@@std@@QAE@PBD0@Z 7c084f9c f i cerr.obj
 0001:00003fcd       ??4?$basic_string@DU?$char_traits@D@std@@V?$allocator@D@2@@std@@QAEAAV01@PBD@Z 7c084fcd f i cerr.obj
 0001:00003fd2       ??4?$basic_string@DU?$char_traits@D@std@@V?$allocator@D@2@@std@@QAEAAV01@D@Z 7c084fd2 f i cerr.obj
 0001:00003fe0       ??Y?$basic_string@DU?$char_traits@D@std@@V?$allocator@D@2@@std@@QAEAAV01@PBD@Z 7c084fe0 f i cerr.obj
 0001:00003fe5       ??Y?$basic_string@DU?$char_traits@D@std@@V?$allocator@D@2@@std@@QAEAAV01@D@Z 7c084fe5 f i cerr.obj
 0001:00003ff3       ??Y?$basic_string@DU?$char_traits@D@std@@V?$allocator@D@2@@std@@QAEAAV01@ABV01@@Z 7c084ff3 f i cerr.obj
 0001:00003ff3       ?append@?$basic_string@DU?$char_traits@D@std@@V?$allocator@D@2@@std@@QAEAAV12@ABV12@@Z 7c084ff3 f i cerr.obj
 0001:00004003       ?append@?$basic_string@DU?$char_traits@D@std@@V?$allocator@D@2@@std@@QAEAAV12@Vconst_iterator@12@0@Z 7c085003 f i cerr.obj
 0001:00004003       ?append@?$basic_string@DU?$char_traits@D@std@@V?$allocator@D@2@@std@@QAEAAV12@PBD0@Z 7c085003 f i cerr.obj
 0001:00004039       ??4?$basic_string@DU?$char_traits@D@std@@V?$allocator@D@2@@std@@QAEAAV01@ABV01@@Z 7c085039 f i cerr.obj
 0001:00004039       ?assign@?$basic_string@DU?$char_traits@D@std@@V?$allocator@D@2@@std@@QAEAAV12@ABV12@@Z 7c085039 f i cerr.obj
 0001:00004049       ?assign@?$basic_string@DU?$char_traits@D@std@@V?$allocator@D@2@@std@@QAEAAV12@PBD0@Z 7c085049 f i cerr.obj
 0001:00004049       ?assign@?$basic_string@DU?$char_traits@D@std@@V?$allocator@D@2@@std@@QAEAAV12@Vconst_iterator@12@0@Z 7c085049 f i cerr.obj
 0001:0000407e       ?insert@?$basic_string@DU?$char_traits@D@std@@V?$allocator@D@2@@std@@QAEAAV12@IABV12@@Z 7c08507e f i cerr.obj
 0001:00004092       ?insert@?$basic_string@DU?$char_traits@D@std@@V?$allocator@D@2@@std@@QAE?AViterator@12@V312@@Z 7c085092 f i cerr.obj
 0001:000040a8       ?insert@?$basic_string@DU?$char_traits@D@std@@V?$allocator@D@2@@std@@QAEXViterator@12@PBD1@Z 7c0850a8 f i cerr.obj
 0001:000040a8       ?insert@?$basic_string@DU?$char_traits@D@std@@V?$allocator@D@2@@std@@QAEXViterator@12@Vconst_iterator@12@1@Z 7c0850a8 f i cerr.obj
 0001:000040c0       ?replace@?$basic_string@DU?$char_traits@D@std@@V?$allocator@D@2@@std@@QAEAAV12@IIABV12@@Z 7c0850c0 f i cerr.obj
 0001:000040d8       ?replace@?$basic_string@DU?$char_traits@D@std@@V?$allocator@D@2@@std@@QAEAAV12@Viterator@12@0ABV12@@Z 7c0850d8 f i cerr.obj
 0001:00004112       ?resize@?$basic_string@DU?$char_traits@D@std@@V?$allocator@D@2@@std@@QAEXI@Z 7c085112 f i cerr.obj
 0001:00004120       ?substr@?$basic_string@DU?$char_traits@D@std@@V?$allocator@D@2@@std@@QBE?AV12@II@Z 7c085120 f i cerr.obj
 0001:0000413e       ??0?$basic_ostream@DU?$char_traits@D@std@@@std@@QAE@PAV?$basic_streambuf@DU?$char_traits@D@std@@@1@_N@Z 7c08513e f i cerr.obj
 0001:000041a0       ?put@?$basic_ostream@DU?$char_traits@D@std@@@std@@QAEAAV12@D@Z 7c0851a0 f i cerr.obj
 0001:00004243       ?put@?$basic_ostream@_WU?$char_traits@_W@std@@@std@@QAEAAV12@_W@Z 7c085243 f i cerr.obj
 0001:00004243       ?put@?$basic_ostream@GU?$char_traits@G@std@@@std@@QAEAAV12@G@Z 7c085243 f i cerr.obj
 0001:000042ea       ?overflow@?$basic_filebuf@DU?$char_traits@D@std@@@std@@MAEHH@Z 7c0852ea f i cerr.obj
 0001:00004475       ?imbue@?$basic_filebuf@DU?$char_traits@D@std@@@std@@MAEXABVlocale@2@@Z 7c085475 f i cerr.obj
 0001:0000448e       ?_Endwrite@?$basic_filebuf@DU?$char_traits@D@std@@@std@@IAE_NXZ 7c08548e f i cerr.obj
 0001:00004581       ?_Getname@_Locinfo@std@@QBE?AV?$basic_string@DU?$char_traits@D@std@@V?$allocator@D@2@@2@XZ 7c085581 f i cerr.obj
 0001:0000459c       ?_Getdays@_Locinfo@std@@QBEPBDXZ 7c08559c f i cerr.obj
 0001:000045da       ?_Getmonths@_Locinfo@std@@QBEPBDXZ 7c0855da f i cerr.obj
 0001:00004618       ?name@locale@std@@QBE?AV?$basic_string@DU?$char_traits@D@std@@V?$allocator@D@2@@2@XZ 7c085618 f i cerr.obj
 0001:00004635       ?endl@std@@YAAAV?$basic_ostream@DU?$char_traits@D@std@@@1@AAV21@@Z 7c085635 f i cerr.obj
 0001:0000464e       ?endl@std@@YAAAV?$basic_ostream@_WU?$char_traits@_W@std@@@1@AAV21@@Z 7c08564e f i cerr.obj
 0001:0000464e       ?endl@std@@YAAAV?$basic_ostream@GU?$char_traits@G@std@@@1@AAV21@@Z 7c08564e f i cerr.obj
 0001:00004667       ?ends@std@@YAAAV?$basic_ostream@DU?$char_traits@D@std@@@1@AAV21@@Z 7c085667 f i cerr.obj
 0001:00004677       ?ends@std@@YAAAV?$basic_ostream@GU?$char_traits@G@std@@@1@AAV21@@Z 7c085677 f i cerr.obj
 0001:00004677       ?ends@std@@YAAAV?$basic_ostream@_WU?$char_traits@_W@std@@@1@AAV21@@Z 7c085677 f i cerr.obj
 0001:00004687       ?seekoff@?$basic_filebuf@DU?$char_traits@D@std@@@std@@MAE?AV?$fpos@H@2@JHH@Z 7c085687 f i cerr.obj
 0001:00004782       ?seekpos@?$basic_filebuf@DU?$char_traits@D@std@@@std@@MAE?AV?$fpos@H@2@V32@H@Z 7c085782 f i cerr.obj
 0001:00004853       ?close@?$basic_filebuf@DU?$char_traits@D@std@@@std@@QAEPAV12@XZ 7c085853 f i cerr.obj
 0001:000048a1       ??1?$basic_filebuf@DU?$char_traits@D@std@@@std@@UAE@XZ 7c0858a1 f i cerr.obj
 0001:000048ed       ??1?$basic_istream@DU?$char_traits@D@std@@@std@@UAE@XZ 7c0858ed f i cin.obj
 0001:000048fc       ??_D?$basic_istream@DU?$char_traits@D@std@@@std@@QAEXXZ 7c0858fc f i cin.obj
 0001:00004917       ??0_Init_cin@std@@QAE@XZ   7c085917 f i cin.obj
 0001:00004939       ??0?$basic_istream@DU?$char_traits@D@std@@@std@@QAE@PAV?$basic_streambuf@DU?$char_traits@D@std@@@1@_N1@Z 7c085939 f i cin.obj
 0001:000049a3       ??0_Init_clog@std@@QAE@XZ  7c0859a3 f i clog.obj
 0001:000049c5       ??0_Init_cout@std@@QAE@XZ  7c0859c5 f i cout.obj
 0001:00004a1a       ?_Fiopen@std@@YAPAU_iobuf@@PBDHH@Z 7c085a1a f   fiopen.obj
 0001:00004abe       _atan2l                    7c085abe f i instances.obj
 0001:00004abe       ?atan2@?$_Ctraits@N@std@@SANNN@Z 7c085abe f i instances.obj
 0001:00004ad9       _powl                      7c085ad9 f i instances.obj
 0001:00004ad9       ?pow@?$_Ctraits@N@std@@SANNN@Z 7c085ad9 f i instances.obj
 0001:00004af4       _ldexpf                    7c085af4 f i instances.obj
 0001:00004b13       _atan2f                    7c085b13 f i instances.obj
 0001:00004b36       _cosf                      7c085b36 f i instances.obj
 0001:00004b50       _expf                      7c085b50 f i instances.obj
 0001:00004b6a       _logf                      7c085b6a f i instances.obj
 0001:00004b84       _powf                      7c085b84 f i instances.obj
 0001:00004ba7       _sinf                      7c085ba7 f i instances.obj
 0001:00004bc1       _sqrtf                     7c085bc1 f i instances.obj
 0001:00004bdb       _tanf                      7c085bdb f i instances.obj
 0001:00004bf5       ??$_Maklocbyte@_W@std@@YAD_WABU_Cvtvec@@@Z 7c085bf5 f i instances.obj
 0001:00004bf5       ??$_Maklocbyte@G@std@@YADGABU_Cvtvec@@@Z 7c085bf5 f i instances.obj
 0001:00004c1d       ??$_Maklocchr@_W@std@@YA_WDPA_WABU_Cvtvec@@@Z 7c085c1d f i instances.obj
 0001:00004c1d       ??$_Maklocchr@G@std@@YAGDPAGABU_Cvtvec@@@Z 7c085c1d f i instances.obj
 0001:00004c49       ??$_Maklocstr@G@std@@YAPAGPBDPAGABU_Cvtvec@@@Z 7c085c49 f i instances.obj
 0001:00004c49       ??$_Maklocstr@_W@std@@YAPA_WPBDPA_WABU_Cvtvec@@@Z 7c085c49 f i instances.obj
 0001:00004cd6       ?_Cosh@?$_Ctraits@O@std@@SAOOO@Z 7c085cd6 f i instances.obj
 0001:00004cf1       ?_Exp@?$_Ctraits@O@std@@SAFPAOOF@Z 7c085cf1 f i instances.obj
 0001:00004d0b       ?_Isinf@?$_Ctraits@O@std@@SA_NO@Z 7c085d0b f i instances.obj
 0001:00004d1f       ?_Isnan@?$_Ctraits@O@std@@SA_NO@Z 7c085d1f f i instances.obj
 0001:00004d35       ?_Sinh@?$_Ctraits@O@std@@SAOOO@Z 7c085d35 f i instances.obj
 0001:00004d50       ?atan2@?$_Ctraits@O@std@@SAOOO@Z 7c085d50 f i instances.obj
 0001:00004d6b       ?ldexp@?$_Ctraits@O@std@@SAOOH@Z 7c085d6b f i instances.obj
 0001:00004d81       ?pow@?$_Ctraits@O@std@@SAOOO@Z 7c085d81 f i instances.obj
 0001:00004d9c       ?sin@?$_Ctraits@O@std@@SAOO@Z 7c085d9c f i instances.obj
 0001:00004d9c       ?sin@?$_Ctraits@N@std@@SANN@Z 7c085d9c f i instances.obj
 0001:00004dad       ?sqrt@?$_Ctraits@O@std@@SAOO@Z 7c085dad f i instances.obj
 0001:00004dad       ?sqrt@?$_Ctraits@N@std@@SANN@Z 7c085dad f i instances.obj
 0001:00004dbe       ?tan@?$_Ctraits@O@std@@SAOO@Z 7c085dbe f i instances.obj
 0001:00004dbe       ?tan@?$_Ctraits@N@std@@SANN@Z 7c085dbe f i instances.obj
 0001:00004dcf       ?_Cosh@?$_Ctraits@N@std@@SANNN@Z 7c085dcf f i instances.obj
 0001:00004dea       ?_Exp@?$_Ctraits@N@std@@SAFPANNF@Z 7c085dea f i instances.obj
 0001:00004e04       ?_Isinf@?$_Ctraits@N@std@@SA_NN@Z 7c085e04 f i instances.obj
 0001:00004e18       ?_Isnan@?$_Ctraits@N@std@@SA_NN@Z 7c085e18 f i instances.obj
 0001:00004e2e       ?_Sinh@?$_Ctraits@N@std@@SANNN@Z 7c085e2e f i instances.obj
 0001:00004e49       ?cos@?$_Ctraits@N@std@@SANN@Z 7c085e49 f i instances.obj
 0001:00004e49       ?cos@?$_Ctraits@O@std@@SAOO@Z 7c085e49 f i instances.obj
 0001:00004e5a       ?exp@?$_Ctraits@N@std@@SANN@Z 7c085e5a f i instances.obj
 0001:00004e5a       ?exp@?$_Ctraits@O@std@@SAOO@Z 7c085e5a f i instances.obj
 0001:00004e6b       _ldexpl                    7c085e6b f i instances.obj
 0001:00004e6b       ?ldexp@?$_Ctraits@N@std@@SANNH@Z 7c085e6b f i instances.obj
 0001:00004e82       ?log@?$_Ctraits@N@std@@SANN@Z 7c085e82 f i instances.obj
 0001:00004e82       ?log@?$_Ctraits@O@std@@SAOO@Z 7c085e82 f i instances.obj
 0001:00004e93       ?_Cosh@?$_Ctraits@M@std@@SAMMM@Z 7c085e93 f i instances.obj
 0001:00004eac       ?_Exp@?$_Ctraits@M@std@@SAFPAMMF@Z 7c085eac f i instances.obj
 0001:00004ec5       ?_Isinf@?$_Ctraits@M@std@@SA_NM@Z 7c085ec5 f i instances.obj
 0001:00004ed9       ?_Isnan@?$_Ctraits@M@std@@SA_NM@Z 7c085ed9 f i instances.obj
 0001:00004eef       ?_Sinh@?$_Ctraits@M@std@@SAMMM@Z 7c085eef f i instances.obj
 0001:00004f08       ?atan2@?$_Ctraits@M@std@@SAMMM@Z 7c085f08 f i instances.obj
 0001:00004f21       ?cos@?$_Ctraits@M@std@@SAMM@Z 7c085f21 f i instances.obj
 0001:00004f30       ?exp@?$_Ctraits@M@std@@SAMM@Z 7c085f30 f i instances.obj
 0001:00004f3f       ?ldexp@?$_Ctraits@M@std@@SAMMH@Z 7c085f3f f i instances.obj
 0001:00004f53       ?log@?$_Ctraits@M@std@@SAMM@Z 7c085f53 f i instances.obj
 0001:00004f62       ?pow@?$_Ctraits@M@std@@SAMMM@Z 7c085f62 f i instances.obj
 0001:00004f7b       ?sin@?$_Ctraits@M@std@@SAMM@Z 7c085f7b f i instances.obj
 0001:00004f8a       ?sqrt@?$_Ctraits@M@std@@SAMM@Z 7c085f8a f i instances.obj
 0001:00004f99       ?tan@?$_Ctraits@M@std@@SAMM@Z 7c085f99 f i instances.obj
 0001:00004fa8       ??4?$complex@M@std@@QAEAAV01@ABM@Z 7c085fa8 f i instances.obj
 0001:00004fb9       ??Y?$complex@M@std@@QAEAAV01@ABM@Z 7c085fb9 f i instances.obj
 0001:00004fc8       ??Z?$complex@M@std@@QAEAAV01@ABM@Z 7c085fc8 f i instances.obj
 0001:00004fd7       ??X?$complex@M@std@@QAEAAV01@ABM@Z 7c085fd7 f i instances.obj
 0001:00004fee       ??_0?$complex@M@std@@QAEAAV01@ABM@Z 7c085fee f i instances.obj
 0001:00005005       ??4?$complex@O@std@@QAEAAV01@ABO@Z 7c086005 f i instances.obj
 0001:00005005       ??4?$complex@N@std@@QAEAAV01@ABN@Z 7c086005 f i instances.obj
 0001:00005017       ??X?$complex@O@std@@QAEAAV01@ABO@Z 7c086017 f i instances.obj
 0001:00005017       ??X?$complex@N@std@@QAEAAV01@ABN@Z 7c086017 f i instances.obj
 0001:0000502e       ??_0?$complex@N@std@@QAEAAV01@ABN@Z 7c08602e f i instances.obj
 0001:0000502e       ??_0?$complex@O@std@@QAEAAV01@ABO@Z 7c08602e f i instances.obj
 0001:00005045       ??Y?$complex@O@std@@QAEAAV01@ABO@Z 7c086045 f i instances.obj
 0001:00005045       ??Y?$complex@N@std@@QAEAAV01@ABN@Z 7c086045 f i instances.obj
 0001:00005054       ??Z?$complex@N@std@@QAEAAV01@ABN@Z 7c086054 f i instances.obj
 0001:00005054       ??Z?$complex@O@std@@QAEAAV01@ABO@Z 7c086054 f i instances.obj
 0001:00005063       ??4?$_Complex_base@OU_C_ldouble_complex@@@std@@QAEAAV01@ABV01@@Z 7c086063 f i instances.obj
 0001:00005063       ??4?$_Complex_base@NU_C_double_complex@@@std@@QAEAAV01@ABV01@@Z 7c086063 f i instances.obj
 0001:00005076       ??$_Fgetc@_W@std@@YA_NAA_WPAU_iobuf@@@Z 7c086076 f i instances.obj
 0001:00005076       ??$_Fgetc@G@std@@YA_NAAGPAU_iobuf@@@Z 7c086076 f i instances.obj
 0001:00005097       ??$_Fputc@_W@std@@YA_N_WPAU_iobuf@@@Z 7c086097 f i instances.obj
 0001:00005097       ??$_Fputc@G@std@@YA_NGPAU_iobuf@@@Z 7c086097 f i instances.obj
 0001:000050b3       ??$_Ungetc@_W@std@@YA_NAB_WPAU_iobuf@@@Z 7c0860b3 f i instances.obj
 0001:000050b3       ??$_Ungetc@G@std@@YA_NABGPAU_iobuf@@@Z 7c0860b3 f i instances.obj
 0001:000050d3       ?min@?$numeric_limits@C@std@@SACXZ 7c0860d3 f i instances.obj
 0001:000050d3       ?min@?$numeric_limits@D@std@@SADXZ 7c0860d3 f i instances.obj
 0001:000050d6       ?max@?$numeric_limits@C@std@@SACXZ 7c0860d6 f i instances.obj
 0001:000050d6       ?max@?$numeric_limits@D@std@@SADXZ 7c0860d6 f i instances.obj
 0001:000050d9       ?do_always_noconv@?$codecvt@GDH@std@@MBE_NXZ 7c0860d9 f i cerr.obj
 0001:000050d9       ?denorm_min@?$numeric_limits@_N@std@@SA_NXZ 7c0860d9 f i instances.obj
 0001:000050d9       ?infinity@?$numeric_limits@_N@std@@SA_NXZ 7c0860d9 f i instances.obj
 0001:000050d9       ?denorm_min@?$numeric_limits@C@std@@SACXZ 7c0860d9 f i instances.obj
 0001:000050d9       ?denorm_min@?$numeric_limits@E@std@@SAEXZ 7c0860d9 f i instances.obj
 0001:000050d9       ?signaling_NaN@?$numeric_limits@_N@std@@SA_NXZ 7c0860d9 f i instances.obj
 0001:000050d9       ?signaling_NaN@?$numeric_limits@D@std@@SADXZ 7c0860d9 f i instances.obj
 0001:000050d9       ?min@?$numeric_limits@E@std@@SAEXZ 7c0860d9 f i instances.obj
 0001:000050d9       ?epsilon@?$numeric_limits@D@std@@SADXZ 7c0860d9 f i instances.obj
 0001:000050d9       ?epsilon@?$numeric_limits@E@std@@SAEXZ 7c0860d9 f i instances.obj
 0001:000050d9       ?round_error@?$numeric_limits@C@std@@SACXZ 7c0860d9 f i instances.obj
 0001:000050d9       ?quiet_NaN@?$numeric_limits@C@std@@SACXZ 7c0860d9 f i instances.obj
 0001:000050d9       ?signaling_NaN@?$numeric_limits@C@std@@SACXZ 7c0860d9 f i instances.obj
 0001:000050d9       ?round_error@?$numeric_limits@D@std@@SADXZ 7c0860d9 f i instances.obj
 0001:000050d9       ?denorm_min@?$numeric_limits@D@std@@SADXZ 7c0860d9 f i instances.obj
 0001:000050d9       ?signaling_NaN@?$numeric_limits@E@std@@SAEXZ 7c0860d9 f i instances.obj
 0001:000050d9       ?infinity@?$numeric_limits@E@std@@SAEXZ 7c0860d9 f i instances.obj
 0001:000050d9       ?min@?$numeric_limits@_N@std@@SA_NXZ 7c0860d9 f i instances.obj
 0001:000050d9       ?quiet_NaN@?$numeric_limits@E@std@@SAEXZ 7c0860d9 f i instances.obj
 0001:000050d9       ?round_error@?$numeric_limits@_N@std@@SA_NXZ 7c0860d9 f i instances.obj
 0001:000050d9       ?do_always_noconv@?$codecvt@_WDH@std@@MBE_NXZ 7c0860d9 f i cerr.obj
 0001:000050d9       ?epsilon@?$numeric_limits@C@std@@SACXZ 7c0860d9 f i instances.obj
 0001:000050d9       ?epsilon@?$numeric_limits@_N@std@@SA_NXZ 7c0860d9 f i instances.obj
 0001:000050d9       ?round_error@?$numeric_limits@E@std@@SAEXZ 7c0860d9 f i instances.obj
 0001:000050d9       ?quiet_NaN@?$numeric_limits@D@std@@SADXZ 7c0860d9 f i instances.obj
 0001:000050d9       ?quiet_NaN@?$numeric_limits@_N@std@@SA_NXZ 7c0860d9 f i instances.obj
 0001:000050d9       ?infinity@?$numeric_limits@D@std@@SADXZ 7c0860d9 f i instances.obj
 0001:000050d9       ?infinity@?$numeric_limits@C@std@@SACXZ 7c0860d9 f i instances.obj
 0001:000050dc       ?max@?$numeric_limits@_N@std@@SA_NXZ 7c0860dc f i instances.obj
 0001:000050dc       ?do_always_noconv@codecvt_base@std@@MBE_NXZ 7c0860dc f i cerr.obj
 0001:000050df       ?max@?$numeric_limits@E@std@@SAEXZ 7c0860df f i instances.obj
 0001:000050e2       ?min@?$numeric_limits@F@std@@SAFXZ 7c0860e2 f i instances.obj
 0001:000050e7       ?max@?$numeric_limits@F@std@@SAFXZ 7c0860e7 f i instances.obj
 0001:000050ec       ?min@?$numeric_limits@G@std@@SAGXZ 7c0860ec f i instances.obj
 0001:000050ec       ?quiet_NaN@?$numeric_limits@_W@std@@SA_WXZ 7c0860ec f i instances.obj
 0001:000050ec       ?signaling_NaN@?$numeric_limits@_W@std@@SA_WXZ 7c0860ec f i instances.obj
 0001:000050ec       ?signaling_NaN@?$numeric_limits@F@std@@SAFXZ 7c0860ec f i instances.obj
 0001:000050ec       ?quiet_NaN@?$numeric_limits@G@std@@SAGXZ 7c0860ec f i instances.obj
 0001:000050ec       ?denorm_min@?$numeric_limits@G@std@@SAGXZ 7c0860ec f i instances.obj
 0001:000050ec       ?round_error@?$numeric_limits@_W@std@@SA_WXZ 7c0860ec f i instances.obj
 0001:000050ec       ?quiet_NaN@?$numeric_limits@F@std@@SAFXZ 7c0860ec f i instances.obj
 0001:000050ec       ?signaling_NaN@?$numeric_limits@G@std@@SAGXZ 7c0860ec f i instances.obj
 0001:000050ec       ?min@?$numeric_limits@_W@std@@SA_WXZ 7c0860ec f i instances.obj
 0001:000050ec       ?denorm_min@?$numeric_limits@F@std@@SAFXZ 7c0860ec f i instances.obj
 0001:000050ec       ?epsilon@?$numeric_limits@_W@std@@SA_WXZ 7c0860ec f i instances.obj
 0001:000050ec       ?infinity@?$numeric_limits@G@std@@SAGXZ 7c0860ec f i instances.obj
 0001:000050ec       ?round_error@?$numeric_limits@G@std@@SAGXZ 7c0860ec f i instances.obj
 0001:000050ec       ?round_error@?$numeric_limits@F@std@@SAFXZ 7c0860ec f i instances.obj
 0001:000050ec       ?infinity@?$numeric_limits@_W@std@@SA_WXZ 7c0860ec f i instances.obj
 0001:000050ec       ?epsilon@?$numeric_limits@F@std@@SAFXZ 7c0860ec f i instances.obj
 0001:000050ec       ?infinity@?$numeric_limits@F@std@@SAFXZ 7c0860ec f i instances.obj
 0001:000050ec       ?epsilon@?$numeric_limits@G@std@@SAGXZ 7c0860ec f i instances.obj
 0001:000050ec       ?denorm_min@?$numeric_limits@_W@std@@SA_WXZ 7c0860ec f i instances.obj
 0001:000050f0       ?min@?$numeric_limits@H@std@@SAHXZ 7c0860f0 f i instances.obj
 0001:000050f0       ?min@?$numeric_limits@J@std@@SAJXZ 7c0860f0 f i instances.obj
 0001:000050f6       ?max@?$numeric_limits@I@std@@SAIXZ 7c0860f6 f i instances.obj
 0001:000050f6       ?_Getcat@facet@locale@std@@SAIPAPBV123@@Z 7c0860f6 f i cerr.obj
 0001:000050f6       ?max@?$numeric_limits@K@std@@SAKXZ 7c0860f6 f i instances.obj
 0001:000050f6       ?underflow@?$basic_streambuf@DU?$char_traits@D@std@@@std@@MAEHXZ 7c0860f6 f i cerr.obj
 0001:000050f6       ?eof@?$char_traits@D@std@@SAHXZ 7c0860f6 f i cerr.obj
 0001:000050fa       ?max@?$numeric_limits@H@std@@SAHXZ 7c0860fa f i instances.obj
 0001:000050fa       ?max@?$numeric_limits@J@std@@SAJXZ 7c0860fa f i instances.obj
 0001:00005100       ?round_error@?$numeric_limits@H@std@@SAHXZ 7c086100 f i instances.obj
 0001:00005100       ?round_error@?$numeric_limits@J@std@@SAJXZ 7c086100 f i instances.obj
 0001:00005100       ?showmanyc@?$basic_streambuf@GU?$char_traits@G@std@@@std@@MAEHXZ 7c086100 f i instances.obj
 0001:00005100       ?sync@?$basic_streambuf@_WU?$char_traits@_W@std@@@std@@MAEHXZ 7c086100 f i instances.obj
 0001:00005100       ?do_encoding@?$codecvt@_WDH@std@@MBEHXZ 7c086100 f i cerr.obj
 0001:00005100       ?infinity@?$numeric_limits@K@std@@SAKXZ 7c086100 f i instances.obj
 0001:00005100       ?signaling_NaN@?$numeric_limits@H@std@@SAHXZ 7c086100 f i instances.obj
 0001:00005100       ?showmanyc@?$basic_streambuf@_WU?$char_traits@_W@std@@@std@@MAEHXZ 7c086100 f i instances.obj
 0001:00005100       ?denorm_min@?$numeric_limits@K@std@@SAKXZ 7c086100 f i instances.obj
 0001:00005100       ?quiet_NaN@?$numeric_limits@I@std@@SAIXZ 7c086100 f i instances.obj
 0001:00005100       ?round_error@?$numeric_limits@I@std@@SAIXZ 7c086100 f i instances.obj
 0001:00005100       ?signaling_NaN@?$numeric_limits@I@std@@SAIXZ 7c086100 f i instances.obj
 0001:00005100       ?infinity@?$numeric_limits@J@std@@SAJXZ 7c086100 f i instances.obj
 0001:00005100       ?signaling_NaN@?$numeric_limits@K@std@@SAKXZ 7c086100 f i instances.obj
 0001:00005100       ?sync@?$basic_streambuf@DU?$char_traits@D@std@@@std@@MAEHXZ 7c086100 f i cerr.obj
 0001:00005100       ?denorm_min@?$numeric_limits@H@std@@SAHXZ 7c086100 f i instances.obj
 0001:00005100       ?epsilon@?$numeric_limits@J@std@@SAJXZ 7c086100 f i instances.obj
 0001:00005100       ?epsilon@?$numeric_limits@H@std@@SAHXZ 7c086100 f i instances.obj
 0001:00005100       ?epsilon@?$numeric_limits@K@std@@SAKXZ 7c086100 f i instances.obj
 0001:00005100       ?round_error@?$numeric_limits@K@std@@SAKXZ 7c086100 f i instances.obj
 0001:00005100       ?showmanyc@?$basic_streambuf@DU?$char_traits@D@std@@@std@@MAEHXZ 7c086100 f i cerr.obj
 0001:00005100       ?infinity@?$numeric_limits@I@std@@SAIXZ 7c086100 f i instances.obj
 0001:00005100       ?denorm_min@?$numeric_limits@J@std@@SAJXZ 7c086100 f i instances.obj
 0001:00005100       ?signaling_NaN@?$numeric_limits@J@std@@SAJXZ 7c086100 f i instances.obj
 0001:00005100       ?infinity@?$numeric_limits@H@std@@SAHXZ 7c086100 f i instances.obj
 0001:00005100       ?min@?$numeric_limits@K@std@@SAKXZ 7c086100 f i instances.obj
 0001:00005100       ?sync@?$basic_streambuf@GU?$char_traits@G@std@@@std@@MAEHXZ 7c086100 f i instances.obj
 0001:00005100       ?epsilon@?$numeric_limits@I@std@@SAIXZ 7c086100 f i instances.obj
 0001:00005100       ?quiet_NaN@?$numeric_limits@H@std@@SAHXZ 7c086100 f i instances.obj
 0001:00005100       ?quiet_NaN@?$numeric_limits@J@std@@SAJXZ 7c086100 f i instances.obj
 0001:00005100       ?denorm_min@?$numeric_limits@I@std@@SAIXZ 7c086100 f i instances.obj
 0001:00005100       ?do_encoding@?$codecvt@GDH@std@@MBEHXZ 7c086100 f i cerr.obj
 0001:00005100       ?quiet_NaN@?$numeric_limits@K@std@@SAKXZ 7c086100 f i instances.obj
 0001:00005100       ?min@?$numeric_limits@I@std@@SAIXZ 7c086100 f i instances.obj
 0001:00005103       ?min@?$numeric_limits@_J@std@@SA_JXZ 7c086103 f i instances.obj
 0001:0000510b       ?max@?$numeric_limits@_J@std@@SA_JXZ 7c08610b f i instances.obj
 0001:00005114       ?signaling_NaN@?$numeric_limits@_K@std@@SA_KXZ 7c086114 f i instances.obj
[...]
 0001:0002dabb       __ehhandler$?_Getcat@?$codecvt@DDH@std@@SAIPAPBVfacet@locale@2@@Z 7c0aeabb f   instances.obj
 0001:0002dac5       __unwindfunclet$?_Addfac@_Locimp@locale@std@@AAEXPAVfacet@23@I@Z$0 7c0aeac5 f   locale.obj
 0001:0002dacd       __ehhandler$?_Addfac@_Locimp@locale@std@@AAEXPAVfacet@23@I@Z 7c0aeacd f   locale.obj
 0001:0002dad7       __unwindfunclet$?global@locale@std@@SA?AV12@ABV12@@Z$0 7c0aead7 f   locale.obj
 0001:0002daf0       __unwindfunclet$?global@locale@std@@SA?AV12@ABV12@@Z$1 7c0aeaf0 f   locale.obj
 0001:0002daf8       __ehhandler$?global@locale@std@@SA?AV12@ABV12@@Z 7c0aeaf8 f   locale.obj
 0001:0002db02       __unwindfunclet$?_Makeloc@_Locimp@locale@std@@CAPAV123@ABV_Locinfo@3@HPAV123@PBV23@@Z$3 7c0aeb02 f   locale.obj
 0001:0002db0c       __unwindfunclet$?_Makeloc@_Locimp@locale@std@@CAPAV123@ABV_Locinfo@3@HPAV123@PBV23@@Z$5 7c0aeb0c f   locale.obj
 0001:0002db14       __ehhandler$?_Makeloc@_Locimp@locale@std@@CAPAV123@ABV_Locinfo@3@HPAV123@PBV23@@Z 7c0aeb14 f   locale.obj
 0001:0002db1e       __unwindfunclet$??0_Locimp@locale@std@@AAE@ABV012@@Z$0 7c0aeb1e f   locale.obj
 0001:0002db26       __unwindfunclet$??0_Locimp@locale@std@@AAE@ABV012@@Z$1 7c0aeb26 f   locale.obj
 0001:0002db31       __unwindfunclet$??0_Locimp@locale@std@@AAE@ABV012@@Z$2 7c0aeb31 f   locale.obj
 0001:0002db3c       __unwindfunclet$??0_Locimp@locale@std@@AAE@ABV012@@Z$3 7c0aeb3c f   locale.obj
 0001:0002db44       __ehhandler$??0_Locimp@locale@std@@AAE@ABV012@@Z 7c0aeb44 f   locale.obj
 0001:0002db4e       __unwindfunclet$??0locale@std@@QAE@ABV01@0H@Z$2 7c0aeb4e f   locale.obj
 0001:0002db5b       __unwindfunclet$??0locale@std@@QAE@ABV01@0H@Z$3 7c0aeb5b f   locale.obj
 0001:0002db66       __ehhandler$??0locale@std@@QAE@ABV01@0H@Z 7c0aeb66 f   locale.obj
 0001:0002db70       __unwindfunclet$??0locale@std@@QAE@PBDH@Z$2 7c0aeb70 f   locale.obj
 0001:0002db7d       __unwindfunclet$??0locale@std@@QAE@PBDH@Z$3 7c0aeb7d f   locale.obj
 0001:0002db88       __unwindfunclet$??0locale@std@@QAE@PBDH@Z$4 7c0aeb88 f   locale.obj
 0001:0002db93       __unwindfunclet$??0locale@std@@QAE@PBDH@Z$5 7c0aeb93 f   locale.obj
 0001:0002db9e       __ehhandler$??0locale@std@@QAE@PBDH@Z 7c0aeb9e f   locale.obj
 0001:0002dba8       __unwindfunclet$??0locale@std@@QAE@ABV01@PBDH@Z$2 7c0aeba8 f   locale.obj
 0001:0002dbb5       __unwindfunclet$??0locale@std@@QAE@ABV01@PBDH@Z$3 7c0aebb5 f   locale.obj
 0001:0002dbc0       __unwindfunclet$??0locale@std@@QAE@ABV01@PBDH@Z$4 7c0aebc0 f   locale.obj
 0001:0002dbcb       __unwindfunclet$??0locale@std@@QAE@ABV01@PBDH@Z$5 7c0aebcb f   locale.obj
 0001:0002dbed       __unwindfunclet$??0locale@std@@QAE@ABV01@PBDH@Z$6 7c0aebed f   locale.obj
 0001:0002dbf8       __ehhandler$??0locale@std@@QAE@ABV01@PBDH@Z 7c0aebf8 f   locale.obj
 0001:0002dc02       __unwindfunclet$?empty@locale@std@@SA?AV12@XZ$0 7c0aec02 f   locale.obj
 0001:0002dc02       __unwindfunclet$?_Addfac@locale@std@@QAEAAV12@PAVfacet@12@II@Z$0 7c0aec02 f   locale.obj
 0001:0002dc0c       __ehhandler$?empty@locale@std@@SA?AV12@XZ 7c0aec0c f   locale.obj
 0001:0002dc0c       __ehhandler$?_Addfac@locale@std@@QAEAAV12@PAVfacet@12@II@Z 7c0aec0c f   locale.obj
 0001:0002dc16       __unwindfunclet$??0logic_error@std@@QAE@ABV?$basic_string@DU?$char_traits@D@std@@V?$allocator@D@2@@1@@Z$0 7c0aec16 f   string.obj
 0001:0002dc16       __unwindfunclet$??0logic_error@std@@QAE@ABV01@@Z$0 7c0aec16 f   string.obj
 0001:0002dc16       __unwindfunclet$??0runtime_error@std@@QAE@ABV01@@Z$0 7c0aec16 f   string.obj
 0001:0002dc16       __unwindfunclet$??0runtime_error@std@@QAE@ABV?$basic_string@DU?$char_traits@D@std@@V?$allocator@D@2@@1@@Z$0 7c0aec16 f   string.obj
 0001:0002dc1f       __ehhandler$??0logic_error@std@@QAE@ABV01@@Z 7c0aec1f f   string.obj
 0001:0002dc1f       __ehhandler$??0runtime_error@std@@QAE@ABV?$basic_string@DU?$char_traits@D@std@@V?$allocator@D@2@@1@@Z 7c0aec1f f   string.obj
 0001:0002dc1f       __ehhandler$??0logic_error@std@@QAE@ABV?$basic_string@DU?$char_traits@D@std@@V?$allocator@D@2@@1@@Z 7c0aec1f f   string.obj
 0001:0002dc1f       __ehhandler$??0runtime_error@std@@QAE@ABV01@@Z 7c0aec1f f   string.obj
 0001:0002dc29       __unwindfunclet$?_Xlen@_String_base@std@@QBEXXZ$0 7c0aec29 f   string.obj
 0001:0002dc29       __unwindfunclet$?_Xran@_String_base@std@@QBEXXZ$0 7c0aec29 f   string.obj
 0001:0002dc31       __ehhandler$?_Xlen@_String_base@std@@QBEXXZ 7c0aec31 f   string.obj
 0001:0002dc31       __ehhandler$?_Xran@_String_base@std@@QBEXXZ 7c0aec31 f   string.obj
 0001:0002dc3b       __unwindfunclet$??0?$basic_stringbuf@DU?$char_traits@D@std@@V?$allocator@D@2@@std@@QAE@ABV?$basic_string@DU?$char_traits@D@std@@V?$allocator@D@2@@1@H@Z$0 7c0aec3b f   strstrea.obj
 0001:0002dc3b       __unwindfunclet$??0?$basic_stringbuf@DU?$char_traits@D@std@@V?$allocator@D@2@@std@@QAE@H@Z$0 7c0aec3b f   strstrea.obj
 0001:0002dc3b       __unwindfunclet$??1?$basic_filebuf@DU?$char_traits@D@std@@@std@@UAE@XZ$0 7c0aec3b f   strstrea.obj
 0001:0002dc3b       __unwindfunclet$??1strstreambuf@std@@UAE@XZ$0 7c0aec3b f   strstrea.obj
 0001:0002dc43       __ehhandler$??0?$basic_stringbuf@DU?$char_traits@D@std@@V?$allocator@D@2@@std@@QAE@H@Z 7c0aec43 f   strstrea.obj
 0001:0002dc43       __ehhandler$??1strstreambuf@std@@UAE@XZ 7c0aec43 f   strstrea.obj
 0001:0002dc43       __ehhandler$??0?$basic_stringbuf@DU?$char_traits@D@std@@V?$allocator@D@2@@std@@QAE@ABV?$basic_string@DU?$char_traits@D@std@@V?$allocator@D@2@@1@H@Z 7c0aec43 f   strstrea.obj
 0001:0002dc43       __ehhandler$??1?$basic_filebuf@DU?$char_traits@D@std@@@std@@UAE@XZ 7c0aec43 f   strstrea.obj
 0001:0002dc4d       __unwindfunclet$??1istrstream@std@@UAE@XZ$0 7c0aec4d f   strstrea.obj
 0001:0002dc58       __ehhandler$??1istrstream@std@@UAE@XZ 7c0aec58 f   strstrea.obj
 0001:0002dc62       __unwindfunclet$??1ostrstream@std@@UAE@XZ$0 7c0aec62 f   strstrea.obj
 0001:0002dc6d       __ehhandler$??1ostrstream@std@@UAE@XZ 7c0aec6d f   strstrea.obj
 0001:0002dc77       __unwindfunclet$??1strstream@std@@UAE@XZ$0 7c0aec77 f   strstrea.obj
 0001:0002dc82       __ehhandler$??1strstream@std@@UAE@XZ 7c0aec82 f   strstrea.obj
 0001:0002dc8c       __unwindfunclet$??0ostrstream@std@@QAE@PADHH@Z$0 7c0aec8c f   strstrea.obj
 0001:0002dca8       __unwindfunclet$??0ostrstream@std@@QAE@PADHH@Z$1 7c0aeca8 f   strstrea.obj
 0001:0002dcb3       __ehhandler$??0ostrstream@std@@QAE@PADHH@Z 7c0aecb3 f   strstrea.obj
 0001:0002dcbd       __unwindfunclet$??0strstream@std@@QAE@PADHH@Z$0 7c0aecbd f   strstrea.obj
 0001:0002dcd9       __unwindfunclet$??0strstream@std@@QAE@PADHH@Z$1 7c0aecd9 f   strstrea.obj
 0001:0002dce4       __ehhandler$??0strstream@std@@QAE@PADHH@Z 7c0aece4 f   strstrea.obj
 0001:0002dcee       __unwindfunclet$??1_Locimp@locale@std@@MAE@XZ$0 7c0aecee f   stdcpp:locale0.obj
 0001:0002dcf6       __unwindfunclet$??1_Locimp@locale@std@@MAE@XZ$1 7c0aecf6 f   stdcpp:locale0.obj
 0001:0002dd01       __unwindfunclet$??1_Locimp@locale@std@@MAE@XZ$2 7c0aed01 f   stdcpp:locale0.obj
 0001:0002dd09       __ehhandler$??1_Locimp@locale@std@@MAE@XZ 7c0aed09 f   stdcpp:locale0.obj
 0001:0002dd13       __unwindfunclet$??8locale@std@@QBE_NABV01@@Z$0 7c0aed13 f   stdcpp:locale0.obj
 0001:0002dd2c       __unwindfunclet$??8locale@std@@QBE_NABV01@@Z$1 7c0aed2c f   stdcpp:locale0.obj
 0001:0002dd45       __unwindfunclet$??8locale@std@@QBE_NABV01@@Z$2 7c0aed45 f   stdcpp:locale0.obj
 0001:0002dd5e       __ehhandler$??8locale@std@@QBE_NABV01@@Z 7c0aed5e f   stdcpp:locale0.obj
 0001:0002dd68       __unwindfunclet$??0_Locinfo@std@@QAE@HPBD@Z$0 7c0aed68 f   stdcpp:locale0.obj
 0001:0002dd68       __unwindfunclet$??0_Locinfo@std@@QAE@PBD@Z$0 7c0aed68 f   stdcpp:locale0.obj
 0001:0002dd70       __unwindfunclet$??0_Locinfo@std@@QAE@HPBD@Z$1 7c0aed70 f   stdcpp:locale0.obj
 0001:0002dd70       __unwindfunclet$??0_Locinfo@std@@QAE@PBD@Z$1 7c0aed70 f   stdcpp:locale0.obj
 0001:0002dd7b       __unwindfunclet$??0_Locinfo@std@@QAE@HPBD@Z$2 7c0aed7b f   stdcpp:locale0.obj
 0001:0002dd7b       __unwindfunclet$??0_Locinfo@std@@QAE@PBD@Z$2 7c0aed7b f   stdcpp:locale0.obj
 0001:0002dd86       __unwindfunclet$??0_Locinfo@std@@QAE@HPBD@Z$3 7c0aed86 f   stdcpp:locale0.obj
 0001:0002dd86       __unwindfunclet$??0_Locinfo@std@@QAE@PBD@Z$3 7c0aed86 f   stdcpp:locale0.obj
 0001:0002dd91       __unwindfunclet$??0_Locinfo@std@@QAE@HPBD@Z$4 7c0aed91 f   stdcpp:locale0.obj
 0001:0002dd91       __unwindfunclet$??0_Locinfo@std@@QAE@PBD@Z$4 7c0aed91 f   stdcpp:locale0.obj
 0001:0002dd9c       __ehhandler$??0_Locinfo@std@@QAE@HPBD@Z 7c0aed9c f   stdcpp:locale0.obj
 0001:0002dd9c       __ehhandler$??0_Locinfo@std@@QAE@PBD@Z 7c0aed9c f   stdcpp:locale0.obj
 0001:0002dda6       __unwindfunclet$?_Init@locale@std@@CAPAV_Locimp@12@XZ$0 7c0aeda6 f   stdcpp:locale0.obj
 0001:0002ddae       __unwindfunclet$?_Init@locale@std@@CAPAV_Locimp@12@XZ$1 7c0aedae f   stdcpp:locale0.obj
 0001:0002ddb8       __ehhandler$?_Init@locale@std@@CAPAV_Locimp@12@XZ 7c0aedb8 f   stdcpp:locale0.obj
 0001:0002ddc2       __unwindfunclet$?pubimbue@?$basic_streambuf@DU?$char_traits@D@std@@@std@@QAE?AVlocale@2@ABV32@@Z$0 7c0aedc2 f   stdcpp:ios.obj
 0001:0002ddc2       __unwindfunclet$?pubimbue@?$basic_streambuf@_WU?$char_traits@_W@std@@@std@@QAE?AVlocale@2@ABV32@@Z$0 7c0aedc2 f   stdcpp:ios.obj
 0001:0002ddc2       __unwindfunclet$?imbue@ios_base@std@@QAE?AVlocale@2@ABV32@@Z$0 7c0aedc2 f   stdcpp:ios.obj
 0001:0002ddc2       __unwindfunclet$?imbue@?$basic_ios@GU?$char_traits@G@std@@@std@@QAE?AVlocale@2@ABV32@@Z$0 7c0aedc2 f   stdcpp:ios.obj
 0001:0002ddc2       __unwindfunclet$?imbue@?$basic_ios@DU?$char_traits@D@std@@@std@@QAE?AVlocale@2@ABV32@@Z$0 7c0aedc2 f   stdcpp:ios.obj
 0001:0002ddc2       __unwindfunclet$?imbue@?$basic_ios@_WU?$char_traits@_W@std@@@std@@QAE?AVlocale@2@ABV32@@Z$0 7c0aedc2 f   stdcpp:ios.obj
 0001:0002ddc2       __unwindfunclet$?pubimbue@?$basic_streambuf@GU?$char_traits@G@std@@@std@@QAE?AVlocale@2@ABV32@@Z$0 7c0aedc2 f   stdcpp:ios.obj
 0001:0002dddb       __ehhandler$?imbue@?$basic_ios@_WU?$char_traits@_W@std@@@std@@QAE?AVlocale@2@ABV32@@Z 7c0aeddb f   stdcpp:ios.obj
 0001:0002dddb       __ehhandler$?pubimbue@?$basic_streambuf@DU?$char_traits@D@std@@@std@@QAE?AVlocale@2@ABV32@@Z 7c0aeddb f   stdcpp:ios.obj
 0001:0002dddb       __ehhandler$?imbue@ios_base@std@@QAE?AVlocale@2@ABV32@@Z 7c0aeddb f   stdcpp:ios.obj
 0001:0002dddb       __ehhandler$?pubimbue@?$basic_streambuf@_WU?$char_traits@_W@std@@@std@@QAE?AVlocale@2@ABV32@@Z 7c0aeddb f   stdcpp:ios.obj
 0001:0002dddb       __ehhandler$?pubimbue@?$basic_streambuf@GU?$char_traits@G@std@@@std@@QAE?AVlocale@2@ABV32@@Z 7c0aeddb f   stdcpp:ios.obj
 0001:0002dddb       __ehhandler$?imbue@?$basic_ios@GU?$char_traits@G@std@@@std@@QAE?AVlocale@2@ABV32@@Z 7c0aeddb f   stdcpp:ios.obj
 0001:0002dddb       __ehhandler$?imbue@?$basic_ios@DU?$char_traits@D@std@@@std@@QAE?AVlocale@2@ABV32@@Z 7c0aeddb f   stdcpp:ios.obj
 0001:0002dde5       __unwindfunclet$?clear@ios_base@std@@QAEXH_N@Z$0 7c0aede5 f   stdcpp:ios.obj
 0001:0002dded       __unwindfunclet$?clear@ios_base@std@@QAEXH_N@Z$1 7c0aeded f   stdcpp:ios.obj
 0001:0002ddf5       __unwindfunclet$?clear@ios_base@std@@QAEXH_N@Z$2 7c0aedf5 f   stdcpp:ios.obj
 0001:0002de00       __ehhandler$?clear@ios_base@std@@QAEXH_N@Z 7c0aee00 f   stdcpp:ios.obj
 0001:0002de0a       __unwindfunclet$?_Makeushloc@_Locimp@locale@std@@CAXABV_Locinfo@3@HPAV123@PBV23@@Z$3 7c0aee0a f   stdcpp:wlocale.obj
 0001:0002de0a       __unwindfunclet$?_Makewloc@_Locimp@locale@std@@CAXABV_Locinfo@3@HPAV123@PBV23@@Z$3 7c0aee0a f   stdcpp:wlocale.obj
 0001:0002de14       __unwindfunclet$?_Makeushloc@_Locimp@locale@std@@CAXABV_Locinfo@3@HPAV123@PBV23@@Z$8 7c0aee14 f   stdcpp:wlocale.obj
 0001:0002de14       __unwindfunclet$?_Makewloc@_Locimp@locale@std@@CAXABV_Locinfo@3@HPAV123@PBV23@@Z$8 7c0aee14 f   stdcpp:wlocale.obj
 0001:0002de1e       __unwindfunclet$?_Makeushloc@_Locimp@locale@std@@CAXABV_Locinfo@3@HPAV123@PBV23@@Z$9 7c0aee1e f   stdcpp:wlocale.obj
 0001:0002de1e       __unwindfunclet$?_Makewloc@_Locimp@locale@std@@CAXABV_Locinfo@3@HPAV123@PBV23@@Z$9 7c0aee1e f   stdcpp:wlocale.obj
 0001:0002de28       __unwindfunclet$?_Makewloc@_Locimp@locale@std@@CAXABV_Locinfo@3@HPAV123@PBV23@@Z$10 7c0aee28 f   stdcpp:wlocale.obj
 0001:0002de28       __unwindfunclet$?_Makeushloc@_Locimp@locale@std@@CAXABV_Locinfo@3@HPAV123@PBV23@@Z$10 7c0aee28 f   stdcpp:wlocale.obj
 0001:0002de32       __ehhandler$?_Makewloc@_Locimp@locale@std@@CAXABV_Locinfo@3@HPAV123@PBV23@@Z 7c0aee32 f   stdcpp:wlocale.obj
 0001:0002de32       __ehhandler$?_Makeushloc@_Locimp@locale@std@@CAXABV_Locinfo@3@HPAV123@PBV23@@Z 7c0aee32 f   stdcpp:wlocale.obj
 0001:0002de3c       __unwindfunclet$?_Makexloc@_Locimp@locale@std@@CAXABV_Locinfo@3@HPAV123@PBV23@@Z$4 7c0aee3c f   stdcpp:xlocale.obj
 0001:0002de46       __unwindfunclet$?_Makexloc@_Locimp@locale@std@@CAXABV_Locinfo@3@HPAV123@PBV23@@Z$5 7c0aee46 f   stdcpp:xlocale.obj
 0001:0002de50       __unwindfunclet$?_Makexloc@_Locimp@locale@std@@CAXABV_Locinfo@3@HPAV123@PBV23@@Z$6 7c0aee50 f   stdcpp:xlocale.obj
 0001:0002de5a       __ehhandler$?_Makexloc@_Locimp@locale@std@@CAXABV_Locinfo@3@HPAV123@PBV23@@Z 7c0aee5a f   stdcpp:xlocale.obj
 0001:0002de64       ??__Einitlocks@std@@YAXXZ  7c0aee64 f   cerr.obj
 0001:0002de7a       ??__Eferr@std@@YAXXZ       7c0aee7a f   cerr.obj
 0001:0002de9a       ??__Ecerr@std@@YAXXZ       7c0aee9a f   cerr.obj
 0001:0002deb9       ??__Einit_cerr@std@@YAXXZ  7c0aeeb9 f   cerr.obj
 0001:0002dec3       ??__Einitlocks@std@@YAXXZ  7c0aeec3 f   cin.obj
 0001:0002ded9       ??__Efin@std@@YAXXZ        7c0aeed9 f   cin.obj
 0001:0002def6       ??__Ecin@std@@YAXXZ        7c0aeef6 f   cin.obj
 0001:0002df17       ??__Einit_cin@std@@YAXXZ   7c0aef17 f   cin.obj
 0001:0002df21       ??__Einitlocks@std@@YAXXZ  7c0aef21 f   clog.obj
 0001:0002df37       ??__Eflog@std@@YAXXZ       7c0aef37 f   clog.obj
 0001:0002df57       ??__Eclog@std@@YAXXZ       7c0aef57 f   clog.obj
 0001:0002df76       ??__Einit_clog@std@@YAXXZ  7c0aef76 f   clog.obj
 0001:0002df80       ??__Einitlocks@std@@YAXXZ  7c0aef80 f   cout.obj
 0001:0002df96       ??__Efout@std@@YAXXZ       7c0aef96 f   cout.obj
 0001:0002dfb6       ??__Ecout@std@@YAXXZ       7c0aefb6 f   cout.obj
 0001:0002dfd5       ??__Einit_cout@std@@YAXXZ  7c0aefd5 f   cout.obj
 0001:0002dfdf       ??__Einitlocks@@YAXXZ      7c0aefdf f   iosptrs.obj
 0001:0002dff5       ??__Einit_atexit@@YAXXZ    7c0aeff5 f   iosptrs.obj
 0001:0002e001       ??__Einitlocks@std@@YAXXZ  7c0af001 f   ushcerr.obj
 0001:0002e017       ??__Ewferr@std@@YAXXZ      7c0af017 f   ushcerr.obj
 0001:0002e037       ??__Ewcerr@std@@YAXXZ      7c0af037 f   ushcerr.obj
 0001:0002e056       ??__Einit_wcerr@std@@YAXXZ 7c0af056 f   ushcerr.obj
 0001:0002e060       ??__Einitlocks@std@@YAXXZ  7c0af060 f   ushcout.obj
 0001:0002e076       ??__Ewfout@std@@YAXXZ      7c0af076 f   ushcout.obj
 0001:0002e096       ??__Ewcout@std@@YAXXZ      7c0af096 f   ushcout.obj
 0001:0002e0b5       ??__Einit_wcout@std@@YAXXZ 7c0af0b5 f   ushcout.obj
 0001:0002e0bf       ??__Einitlocks@std@@YAXXZ  7c0af0bf f   ushcin.obj
 0001:0002e0d5       ??__Ewfin@std@@YAXXZ       7c0af0d5 f   ushcin.obj
 0001:0002e0f2       ??__Ewcin@std@@YAXXZ       7c0af0f2 f   ushcin.obj
 0001:0002e113       ??__Einit_wcin@std@@YAXXZ  7c0af113 f   ushcin.obj
 0001:0002e11d       ??__Einitlocks@std@@YAXXZ  7c0af11d f   ushclog.obj
 0001:0002e133       ??__Ewflog@std@@YAXXZ      7c0af133 f   ushclog.obj
 0001:0002e153       ??__Ewclog@std@@YAXXZ      7c0af153 f   ushclog.obj
 0001:0002e172       ??__Einit_wclog@std@@YAXXZ 7c0af172 f   ushclog.obj
 0001:0002e17c       ??__Einitlocks@std@@YAXXZ  7c0af17c f   wcerr.obj
 0001:0002e192       ??__Ewferr@std@@YAXXZ      7c0af192 f   wcerr.obj
 0001:0002e1b2       ??__Ewcerr@std@@YAXXZ      7c0af1b2 f   wcerr.obj
 0001:0002e1d1       ??__Einit_wcerr@std@@YAXXZ 7c0af1d1 f   wcerr.obj
 0001:0002e1db       ??__Einitlocks@std@@YAXXZ  7c0af1db f   wcin.obj
 0001:0002e1f1       ??__Ewfin@std@@YAXXZ       7c0af1f1 f   wcin.obj
 0001:0002e20e       ??__Ewcin@std@@YAXXZ       7c0af20e f   wcin.obj
 0001:0002e22f       ??__Einit_wcin@std@@YAXXZ  7c0af22f f   wcin.obj
 0001:0002e239       ??__Einitlocks@std@@YAXXZ  7c0af239 f   wclog.obj
 0001:0002e24f       ??__Ewflog@std@@YAXXZ      7c0af24f f   wclog.obj
 0001:0002e26f       ??__Ewclog@std@@YAXXZ      7c0af26f f   wclog.obj
 0001:0002e28e       ??__Einit_wclog@std@@YAXXZ 7c0af28e f   wclog.obj
 0001:0002e298       ??__Einitlocks@std@@YAXXZ  7c0af298 f   wcout.obj
 0001:0002e2ae       ??__Ewfout@std@@YAXXZ      7c0af2ae f   wcout.obj
 0001:0002e2ce       ??__Ewcout@std@@YAXXZ      7c0af2ce f   wcout.obj
 0001:0002e2ed       ??__Einit_wcout@std@@YAXXZ 7c0af2ed f   wcout.obj
 0001:0002e2f7       ??__Eclassic_locale@std@@YAXXZ 7c0af2f7 f   stdcpp:locale0.obj
 0001:0002e303       ??__Einitlocks@std@@YAXXZ  7c0af303 f   stdcpp:xlock.obj
 0001:0002e319       ??__Finitlocks@std@@YAXXZ  7c0af319 f   cerr.obj
 0001:0002e323       ??__Fcerr@std@@YAXXZ       7c0af323 f   cerr.obj
 0001:0002e32d       ??__Fferr@std@@YAXXZ       7c0af32d f   cerr.obj
 0001:0002e337       ??__Finitlocks@std@@YAXXZ  7c0af337 f   cin.obj
 0001:0002e341       ??__Fcin@std@@YAXXZ        7c0af341 f   cin.obj
 0001:0002e34b       ??__Ffin@std@@YAXXZ        7c0af34b f   cin.obj
 0001:0002e355       ??__Finitlocks@std@@YAXXZ  7c0af355 f   clog.obj
 0001:0002e35f       ??__Fclog@std@@YAXXZ       7c0af35f f   clog.obj
 0001:0002e369       ??__Fflog@std@@YAXXZ       7c0af369 f   clog.obj
 0001:0002e373       ??__Finitlocks@std@@YAXXZ  7c0af373 f   cout.obj
 0001:0002e37d       ??__Fcout@std@@YAXXZ       7c0af37d f   cout.obj
 0001:0002e387       ??__Ffout@std@@YAXXZ       7c0af387 f   cout.obj
 0001:0002e391       ??__Finitlocks@@YAXXZ      7c0af391 f   iosptrs.obj
 0001:0002e39b       ??__Finit_atexit@@YAXXZ    7c0af39b f   iosptrs.obj
 0001:0002e3a5       ??__Fnomem@?1??_Nomemory@std@@YAXXZ@YAXXZ 7c0af3a5 f   nomemory.obj
 0001:0002e3ba       ??__Finitlocks@std@@YAXXZ  7c0af3ba f   ushcerr.obj
 0001:0002e3c4       ??__Fwcerr@std@@YAXXZ      7c0af3c4 f   ushcerr.obj
 0001:0002e3ce       ??__Fwferr@std@@YAXXZ      7c0af3ce f   ushcerr.obj
 0001:0002e3d8       ??__Finitlocks@std@@YAXXZ  7c0af3d8 f   ushcout.obj
 0001:0002e3e2       ??__Fwcout@std@@YAXXZ      7c0af3e2 f   ushcout.obj
 0001:0002e3ec       ??__Fwfout@std@@YAXXZ      7c0af3ec f   ushcout.obj
 0001:0002e3f6       ??__Finitlocks@std@@YAXXZ  7c0af3f6 f   ushcin.obj
 0001:0002e400       ??__Fwcin@std@@YAXXZ       7c0af400 f   ushcin.obj
 0001:0002e40a       ??__Fwfin@std@@YAXXZ       7c0af40a f   ushcin.obj
 0001:0002e414       ??__Finitlocks@std@@YAXXZ  7c0af414 f   ushclog.obj
 0001:0002e41e       ??__Fwclog@std@@YAXXZ      7c0af41e f   ushclog.obj
 0001:0002e428       ??__Fwflog@std@@YAXXZ      7c0af428 f   ushclog.obj
 0001:0002e432       ??__Finitlocks@std@@YAXXZ  7c0af432 f   wcerr.obj
 0001:0002e43c       ??__Fwcerr@std@@YAXXZ      7c0af43c f   wcerr.obj
 0001:0002e446       ??__Fwferr@std@@YAXXZ      7c0af446 f   wcerr.obj
 0001:0002e450       ??__Finitlocks@std@@YAXXZ  7c0af450 f   wcin.obj
 0001:0002e45a       ??__Fwcin@std@@YAXXZ       7c0af45a f   wcin.obj
 0001:0002e464       ??__Fwfin@std@@YAXXZ       7c0af464 f   wcin.obj
 0001:0002e46e       ??__Finitlocks@std@@YAXXZ  7c0af46e f   wclog.obj
 0001:0002e478       ??__Fwclog@std@@YAXXZ      7c0af478 f   wclog.obj
 0001:0002e482       ??__Fwflog@std@@YAXXZ      7c0af482 f   wclog.obj
 0001:0002e48c       ??__Finitlocks@std@@YAXXZ  7c0af48c f   wcout.obj
 0001:0002e496       ??__Fwcout@std@@YAXXZ      7c0af496 f   wcout.obj
 0001:0002e4a0       ??__Fwfout@std@@YAXXZ      7c0af4a0 f   wcout.obj
 0001:0002e4aa       ??__Fclassic_locale@std@@YAXXZ 7c0af4aa f   stdcpp:locale0.obj
 0001:0002e4b4       ??__Finitlocks@std@@YAXXZ  7c0af4b4 f   stdcpp:xlock.obj
